Archive member included to satisfy reference by file (symbol)

c:/ac6/systemworkbench/plugins/fr.ac6.mcu.externaltools.arm-none.win32_1.17.0.201812190825/tools/compiler/bin/../lib/gcc/arm-none-eabi/7.3.1/thumb/v7e-m/fpv4-sp/hard\libgcc.a(_arm_addsubdf3.o)
                              Src/adc_isense.o (__aeabi_dsub)
c:/ac6/systemworkbench/plugins/fr.ac6.mcu.externaltools.arm-none.win32_1.17.0.201812190825/tools/compiler/bin/../lib/gcc/arm-none-eabi/7.3.1/thumb/v7e-m/fpv4-sp/hard\libgcc.a(_arm_muldivdf3.o)
                              Src/coulomb_counting.o (__aeabi_dmul)
c:/ac6/systemworkbench/plugins/fr.ac6.mcu.externaltools.arm-none.win32_1.17.0.201812190825/tools/compiler/bin/../lib/gcc/arm-none-eabi/7.3.1/thumb/v7e-m/fpv4-sp/hard\libgcc.a(_arm_fixdfsi.o)
                              Src/adc_isense.o (__aeabi_d2iz)
c:/ac6/systemworkbench/plugins/fr.ac6.mcu.externaltools.arm-none.win32_1.17.0.201812190825/tools/compiler/bin/../lib/gcc/arm-none-eabi/7.3.1/thumb/v7e-m/fpv4-sp/hard\libgcc.a(_aeabi_uldivmod.o)
                              Drivers/STM32F4xx_HAL_Driver/Src/stm32f4xx_hal_rcc.o (__aeabi_uldivmod)
c:/ac6/systemworkbench/plugins/fr.ac6.mcu.externaltools.arm-none.win32_1.17.0.201812190825/tools/compiler/bin/../lib/gcc/arm-none-eabi/7.3.1/thumb/v7e-m/fpv4-sp/hard\libgcc.a(_udivmoddi4.o)
                              c:/ac6/systemworkbench/plugins/fr.ac6.mcu.externaltools.arm-none.win32_1.17.0.201812190825/tools/compiler/bin/../lib/gcc/arm-none-eabi/7.3.1/thumb/v7e-m/fpv4-sp/hard\libgcc.a(_aeabi_uldivmod.o) (__udivmoddi4)
c:/ac6/systemworkbench/plugins/fr.ac6.mcu.externaltools.arm-none.win32_1.17.0.201812190825/tools/compiler/bin/../lib/gcc/arm-none-eabi/7.3.1/thumb/v7e-m/fpv4-sp/hard\libgcc.a(_dvmd_tls.o)
                              c:/ac6/systemworkbench/plugins/fr.ac6.mcu.externaltools.arm-none.win32_1.17.0.201812190825/tools/compiler/bin/../lib/gcc/arm-none-eabi/7.3.1/thumb/v7e-m/fpv4-sp/hard\libgcc.a(_aeabi_uldivmod.o) (__aeabi_ldiv0)
c:/ac6/systemworkbench/plugins/fr.ac6.mcu.externaltools.arm-none.win32_1.17.0.201812190825/tools/compiler/bin/../lib/gcc/arm-none-eabi/7.3.1/../../../../arm-none-eabi/lib/thumb/v7e-m/fpv4-sp/hard\libc_nano.a(lib_a-errno.o)
                              Src/syscalls.o (__errno)
c:/ac6/systemworkbench/plugins/fr.ac6.mcu.externaltools.arm-none.win32_1.17.0.201812190825/tools/compiler/bin/../lib/gcc/arm-none-eabi/7.3.1/../../../../arm-none-eabi/lib/thumb/v7e-m/fpv4-sp/hard\libc_nano.a(lib_a-exit.o)
                              c:/ac6/systemworkbench/plugins/fr.ac6.mcu.externaltools.arm-none.win32_1.17.0.201812190825/tools/compiler/bin/../lib/gcc/arm-none-eabi/7.3.1/../../../../arm-none-eabi/lib/thumb/v7e-m/fpv4-sp/hard/crt0.o (exit)
c:/ac6/systemworkbench/plugins/fr.ac6.mcu.externaltools.arm-none.win32_1.17.0.201812190825/tools/compiler/bin/../lib/gcc/arm-none-eabi/7.3.1/../../../../arm-none-eabi/lib/thumb/v7e-m/fpv4-sp/hard\libc_nano.a(lib_a-impure.o)
                              c:/ac6/systemworkbench/plugins/fr.ac6.mcu.externaltools.arm-none.win32_1.17.0.201812190825/tools/compiler/bin/../lib/gcc/arm-none-eabi/7.3.1/../../../../arm-none-eabi/lib/thumb/v7e-m/fpv4-sp/hard\libc_nano.a(lib_a-exit.o) (_global_impure_ptr)
c:/ac6/systemworkbench/plugins/fr.ac6.mcu.externaltools.arm-none.win32_1.17.0.201812190825/tools/compiler/bin/../lib/gcc/arm-none-eabi/7.3.1/../../../../arm-none-eabi/lib/thumb/v7e-m/fpv4-sp/hard\libc_nano.a(lib_a-init.o)
                              c:/ac6/systemworkbench/plugins/fr.ac6.mcu.externaltools.arm-none.win32_1.17.0.201812190825/tools/compiler/bin/../lib/gcc/arm-none-eabi/7.3.1/../../../../arm-none-eabi/lib/thumb/v7e-m/fpv4-sp/hard/crt0.o (__libc_init_array)
c:/ac6/systemworkbench/plugins/fr.ac6.mcu.externaltools.arm-none.win32_1.17.0.201812190825/tools/compiler/bin/../lib/gcc/arm-none-eabi/7.3.1/../../../../arm-none-eabi/lib/thumb/v7e-m/fpv4-sp/hard\libc_nano.a(lib_a-memcpy-stub.o)
                              Middlewares/Third_Party/FreeRTOS/Source/queue.o (memcpy)
c:/ac6/systemworkbench/plugins/fr.ac6.mcu.externaltools.arm-none.win32_1.17.0.201812190825/tools/compiler/bin/../lib/gcc/arm-none-eabi/7.3.1/../../../../arm-none-eabi/lib/thumb/v7e-m/fpv4-sp/hard\libc_nano.a(lib_a-memset.o)
                              c:/ac6/systemworkbench/plugins/fr.ac6.mcu.externaltools.arm-none.win32_1.17.0.201812190825/tools/compiler/bin/../lib/gcc/arm-none-eabi/7.3.1/../../../../arm-none-eabi/lib/thumb/v7e-m/fpv4-sp/hard/crt0.o (memset)

Allocating common symbols
Common symbol       size              file

retSD               0x1               Src/fatfs.o
defaultTaskHandle   0x4               Src/main.o
periph              0x20              Middlewares/Third_Party/FatFs/src/diskio.o
bms                 0xe4              Middlewares/Third_Party/FatFs/src/diskio.o
uwTick              0x4               Drivers/STM32F4xx_HAL_Driver/Src/stm32f4xx_hal.o
xQueueRegistry      0x40              Middlewares/Third_Party/FreeRTOS/Source/queue.o
[...]
Memory Configuration

Name             Origin             Length             Attributes
RAM              0x20000000         0x00020000         xrw
CCMRAM           0x10000000         0x00010000         rw
FLASH            0x08000000         0x00100000         xr
*default*        0x00000000         0xffffffff

Linker script and memory map

LOAD c:/ac6/systemworkbench/plugins/fr.ac6.mcu.externaltools.arm-none.win32_1.17.0.201812190825/tools/compiler/bin/../lib/gcc/arm-none-eabi/7.3.1/thumb/v7e-m/fpv4-sp/hard/crti.o
LOAD c:/ac6/systemworkbench/plugins/fr.ac6.mcu.externaltools.arm-none.win32_1.17.0.201812190825/tools/compiler/bin/../lib/gcc/arm-none-eabi/7.3.1/thumb/v7e-m/fpv4-sp/hard/crtbegin.o
LOAD c:/ac6/systemworkbench/plugins/fr.ac6.mcu.externaltools.arm-none.win32_1.17.0.201812190825/tools/compiler/bin/../lib/gcc/arm-none-eabi/7.3.1/../../../../arm-none-eabi/lib/thumb/v7e-m/fpv4-sp/hard/crt0.o
LOAD Drivers/STM32F4xx_HAL_Driver/Src/stm32f4xx_hal.o
LOAD Drivers/STM32F4xx_HAL_Driver/Src/stm32f4xx_hal_adc.o
LOAD Drivers/STM32F4xx_HAL_Driver/Src/stm32f4xx_hal_adc_ex.o
LOAD Drivers/STM32F4xx_HAL_Driver/Src/stm32f4xx_hal_can.o
LOAD Drivers/STM32F4xx_HAL_Driver/Src/stm32f4xx_hal_cortex.o
LOAD Drivers/STM32F4xx_HAL_Driver/Src/stm32f4xx_hal_dac.o
LOAD Drivers/STM32F4xx_HAL_Driver/Src/stm32f4xx_hal_dac_ex.o
LOAD Drivers/STM32F4xx_HAL_Driver/Src/stm32f4xx_hal_dma.o
LOAD Drivers/STM32F4xx_HAL_Driver/Src/stm32f4xx_hal_dma_ex.o
LOAD Drivers/STM32F4xx_HAL_Driver/Src/stm32f4xx_hal_exti.o
LOAD Drivers/STM32F4xx_HAL_Driver/Src/stm32f4xx_hal_flash.o
LOAD Drivers/STM32F4xx_HAL_Driver/Src/stm32f4xx_hal_flash_ex.o
LOAD Drivers/STM32F4xx_HAL_Driver/Src/stm32f4xx_hal_flash_ramfunc.o
LOAD Drivers/STM32F4xx_HAL_Driver/Src/stm32f4xx_hal_gpio.o
LOAD Drivers/STM32F4xx_HAL_Driver/Src/stm32f4xx_hal_pwr.o
LOAD Drivers/STM32F4xx_HAL_Driver/Src/stm32f4xx_hal_pwr_ex.o
LOAD Drivers/STM32F4xx_HAL_Driver/Src/stm32f4xx_hal_rcc.o
LOAD Drivers/STM32F4xx_HAL_Driver/Src/stm32f4xx_hal_rcc_ex.o
LOAD Drivers/STM32F4xx_HAL_Driver/Src/stm32f4xx_hal_sd.o
LOAD Drivers/STM32F4xx_HAL_Driver/Src/stm32f4xx_hal_tim.o
LOAD Drivers/STM32F4xx_HAL_Driver/Src/stm32f4xx_hal_tim_ex.o
LOAD Drivers/STM32F4xx_HAL_Driver/Src/stm32f4xx_ll_sdmmc.o
LOAD Middlewares/Third_Party/FatFs/src/diskio.o
LOAD Middlewares/Third_Party/FatFs/src/ff.o
LOAD Middlewares/Third_Party/FatFs/src/ff_gen_drv.o
LOAD Middlewares/Third_Party/FatFs/src/option/syscall.o
LOAD Middlewares/Third_Party/FreeRTOS/Source/CMSIS_RTOS/cmsis_os.o
LOAD Middlewares/Third_Party/FreeRTOS/Source/croutine.o
LOAD Middlewares/Third_Party/FreeRTOS/Source/event_groups.o
LOAD Middlewares/Third_Party/FreeRTOS/Source/list.o
LOAD Middlewares/Third_Party/FreeRTOS/Source/queue.o
LOAD Middlewares/Third_Party/FreeRTOS/Source/stream_buffer.o
LOAD Middlewares/Third_Party/FreeRTOS/Source/tasks.o
LOAD Middlewares/Third_Party/FreeRTOS/Source/timers.o
LOAD Middlewares/Third_Party/FreeRTOS/Source/portable/GCC/ARM_CM4F/port.o
LOAD Middlewares/Third_Party/FreeRTOS/Source/portable/MemMang/heap_4.o
LOAD Src/adc_isense.o
LOAD Src/bms.o
LOAD Src/bms_can.o
LOAD Src/bsp_driver_sd.o
LOAD Src/charging.o
LOAD Src/coulomb_counting.o
LOAD Src/dcan.o
LOAD Src/fatfs.o
LOAD Src/fatfs_platform.o
LOAD Src/freertos.o
LOAD Src/main.o
LOAD Src/sd_diskio.o
LOAD Src/stm32f4xx_hal_msp.o
LOAD Src/stm32f4xx_hal_timebase_tim.o
LOAD Src/stm32f4xx_it.o
LOAD Src/syscalls.o
LOAD Src/system_stm32f4xx.o
LOAD Src/tim_fan_pwm.o
LOAD startup/startup_stm32f407xx.o
LOAD c:/ac6/systemworkbench/plugins/fr.ac6.mcu.externaltools.arm-none.win32_1.17.0.201812190825/tools/compiler/bin/../lib/gcc/arm-none-eabi/7.3.1/../../../../arm-none-eabi/lib/thumb/v7e-m/fpv4-sp/hard\libm.a
START GROUP
LOAD c:/ac6/systemworkbench/plugins/fr.ac6.mcu.externaltools.arm-none.win32_1.17.0.201812190825/tools/compiler/bin/../lib/gcc/arm-none-eabi/7.3.1/thumb/v7e-m/fpv4-sp/hard\libgcc.a
LOAD c:/ac6/systemworkbench/plugins/fr.ac6.mcu.externaltools.arm-none.win32_1.17.0.201812190825/tools/compiler/bin/../lib/gcc/arm-none-eabi/7.3.1/../../../../arm-none-eabi/lib/thumb/v7e-m/fpv4-sp/hard\libc_nano.a
END GROUP
START GROUP
LOAD c:/ac6/systemworkbench/plugins/fr.ac6.mcu.externaltools.arm-none.win32_1.17.0.201812190825/tools/compiler/bin/../lib/gcc/arm-none-eabi/7.3.1/thumb/v7e-m/fpv4-sp/hard\libgcc.a
LOAD c:/ac6/systemworkbench/plugins/fr.ac6.mcu.externaltools.arm-none.win32_1.17.0.201812190825/tools/compiler/bin/../lib/gcc/arm-none-eabi/7.3.1/../../../../arm-none-eabi/lib/thumb/v7e-m/fpv4-sp/hard\libc_nano.a
LOAD c:/ac6/systemworkbench/plugins/fr.ac6.mcu.externaltools.arm-none.win32_1.17.0.201812190825/tools/compiler/bin/../lib/gcc/arm-none-eabi/7.3.1/../../../../arm-none-eabi/lib/thumb/v7e-m/fpv4-sp/hard\libnosys.a
END GROUP
START GROUP
LOAD c:/ac6/systemworkbench/plugins/fr.ac6.mcu.externaltools.arm-none.win32_1.17.0.201812190825/tools/compiler/bin/../lib/gcc/arm-none-eabi/7.3.1/thumb/v7e-m/fpv4-sp/hard\libgcc.a
LOAD c:/ac6/systemworkbench/plugins/fr.ac6.mcu.externaltools.arm-none.win32_1.17.0.201812190825/tools/compiler/bin/../lib/gcc/arm-none-eabi/7.3.1/../../../../arm-none-eabi/lib/thumb/v7e-m/fpv4-sp/hard\libc_nano.a
LOAD c:/ac6/systemworkbench/plugins/fr.ac6.mcu.externaltools.arm-none.win32_1.17.0.201812190825/tools/compiler/bin/../lib/gcc/arm-none-eabi/7.3.1/../../../../arm-none-eabi/lib/thumb/v7e-m/fpv4-sp/hard\libnosys.a
END GROUP
LOAD c:/ac6/systemworkbench/plugins/fr.ac6.mcu.externaltools.arm-none.win32_1.17.0.201812190825/tools/compiler/bin/../lib/gcc/arm-none-eabi/7.3.1/thumb/v7e-m/fpv4-sp/hard/crtend.o
LOAD c:/ac6/systemworkbench/plugins/fr.ac6.mcu.externaltools.arm-none.win32_1.17.0.201812190825/tools/compiler/bin/../lib/gcc/arm-none-eabi/7.3.1/thumb/v7e-m/fpv4-sp/hard/crtn.o
                0x20020000                _estack = 0x20020000
                0x00000200                _Min_Heap_Size = 0x200
                0x00000400                _Min_Stack_Size = 0x400

.isr_vector     0x08000000      0x188
                0x08000000                . = ALIGN (0x4)
 *(.isr_vector)
 .isr_vector    0x08000000      0x188 startup/startup_stm32f407xx.o
                0x08000000                g_pfnVectors
                0x08000188                . = ALIGN (0x4)

.text           0x08000190     0x7fd8
                0x08000190                . = ALIGN (0x4)
 *(.text)
 .text          0x08000190       0x40 c:/ac6/systemworkbench/plugins/fr.ac6.mcu.externaltools.arm-none.win32_1.17.0.201812190825/tools/compiler/bin/../lib/gcc/arm-none-eabi/7.3.1/thumb/v7e-m/fpv4-sp/hard/crtbegin.o
 .text          0x080001d0      0x378 c:/ac6/systemworkbench/plugins/fr.ac6.mcu.externaltools.arm-none.win32_1.17.0.201812190825/tools/compiler/bin/../lib/gcc/arm-none-eabi/7.3.1/thumb/v7e-m/fpv4-sp/hard\libgcc.a(_arm_addsubdf3.o)
                0x080001d0                __aeabi_drsub
                0x080001d8                __aeabi_dsub
                0x080001d8                __subdf3
                0x080001dc                __aeabi_dadd
                0x080001dc                __adddf3
                0x08000454                __floatunsidf
                0x08000454                __aeabi_ui2d
                0x08000474                __floatsidf
                0x08000474                __aeabi_i2d
                0x08000498                __aeabi_f2d
                0x08000498                __extendsfdf2
                0x080004dc                __floatundidf
                0x080004dc                __aeabi_ul2d
                0x080004ec                __floatdidf
                0x080004ec                __aeabi_l2d
 .text          0x08000548      0x424 c:/ac6/systemworkbench/plugins/fr.ac6.mcu.externaltools.arm-none.win32_1.17.0.201812190825/tools/compiler/bin/../lib/gcc/arm-none-eabi/7.3.1/thumb/v7e-m/fpv4-sp/hard\libgcc.a(_arm_muldivdf3.o)
                0x08000548                __aeabi_dmul
                0x08000548                __muldf3
                0x0800079c                __divdf3
                0x0800079c                __aeabi_ddiv
 .text          0x0800096c       0x50 c:/ac6/systemworkbench/plugins/fr.ac6.mcu.externaltools.arm-none.win32_1.17.0.201812190825/tools/compiler/bin/../lib/gcc/arm-none-eabi/7.3.1/thumb/v7e-m/fpv4-sp/hard\libgcc.a(_arm_fixdfsi.o)
                0x0800096c                __aeabi_d2iz
                0x0800096c                __fixdfsi
 .text          0x080009bc       0x30 c:/ac6/systemworkbench/plugins/fr.ac6.mcu.externaltools.arm-none.win32_1.17.0.201812190825/tools/compiler/bin/../lib/gcc/arm-none-eabi/7.3.1/thumb/v7e-m/fpv4-sp/hard\libgcc.a(_aeabi_uldivmod.o)
                0x080009bc                __aeabi_uldivmod
 .text          0x080009ec      0x2cc c:/ac6/systemworkbench/plugins/fr.ac6.mcu.externaltools.arm-none.win32_1.17.0.201812190825/tools/compiler/bin/../lib/gcc/arm-none-eabi/7.3.1/thumb/v7e-m/fpv4-sp/hard\libgcc.a(_udivmoddi4.o)
                0x080009ec                __udivmoddi4
 .text          0x08000cb8        0x4 c:/ac6/systemworkbench/plugins/fr.ac6.mcu.externaltools.arm-none.win32_1.17.0.201812190825/tools/compiler/bin/../lib/gcc/arm-none-eabi/7.3.1/thumb/v7e-m/fpv4-sp/hard\libgcc.a(_dvmd_tls.o)
                0x08000cb8                __aeabi_idiv0
                0x08000cb8                __aeabi_ldiv0
 *(.text*)
 .text.HAL_Init
                0x08000cbc       0x34 Drivers/STM32F4xx_HAL_Driver/Src/stm32f4xx_hal.o
                0x08000cbc                HAL_Init
 .text.HAL_IncTick
                0x08000cf0       0x18 Drivers/STM32F4xx_HAL_Driver/Src/stm32f4xx_hal.o
                0x08000cf0                HAL_IncTick
 .text.HAL_GetTick
                0x08000d08        0xc Drivers/STM32F4xx_HAL_Driver/Src/stm32f4xx_hal.o
                0x08000d08                HAL_GetTick
 .text.HAL_Delay
                0x08000d14       0x28 Drivers/STM32F4xx_HAL_Driver/Src/stm32f4xx_hal.o
                0x08000d14                HAL_Delay
 .text.ADC_Init
                0x08000d3c      0x134 Drivers/STM32F4xx_HAL_Driver/Src/stm32f4xx_hal_adc.o
 .text.HAL_ADC_Init
                0x08000e70       0x56 Drivers/STM32F4xx_HAL_Driver/Src/stm32f4xx_hal_adc.o
                0x08000e70                HAL_ADC_Init
 *fill*         0x08000ec6        0x2 
 .text.HAL_ADC_Start
                0x08000ec8      0x134 Drivers/STM32F4xx_HAL_Driver/Src/stm32f4xx_hal_adc.o
                0x08000ec8                HAL_ADC_Start
 .text.HAL_ADC_Stop
                0x08000ffc       0x40 Drivers/STM32F4xx_HAL_Driver/Src/stm32f4xx_hal_adc.o
                0x08000ffc                HAL_ADC_Stop
 .text.HAL_ADC_PollForConversion
                0x0800103c       0xb6 Drivers/STM32F4xx_HAL_Driver/Src/stm32f4xx_hal_adc.o
                0x0800103c                HAL_ADC_PollForConversion
 .text.HAL_ADC_GetValue
                0x080010f2        0x6 Drivers/STM32F4xx_HAL_Driver/Src/stm32f4xx_hal_adc.o
                0x080010f2                HAL_ADC_GetValue
 .text.HAL_ADC_ConfigChannel
                0x080010f8      0x190 Drivers/STM32F4xx_HAL_Driver/Src/stm32f4xx_hal_adc.o
                0x080010f8                HAL_ADC_ConfigChannel
 .text.HAL_CAN_Init
                0x08001288      0x14c Drivers/STM32F4xx_HAL_Driver/Src/stm32f4xx_hal_can.o
                0x08001288                HAL_CAN_Init
 .text.HAL_CAN_ConfigFilter
                0x080013d4      0x12c Drivers/STM32F4xx_HAL_Driver/Src/stm32f4xx_hal_can.o
                0x080013d4                HAL_CAN_ConfigFilter
 .text.HAL_CAN_Start
                0x08001500       0x5c Drivers/STM32F4xx_HAL_Driver/Src/stm32f4xx_hal_can.o
                0x08001500                HAL_CAN_Start
 .text.HAL_CAN_AddTxMessage
                0x0800155c       0xea Drivers/STM32F4xx_HAL_Driver/Src/stm32f4xx_hal_can.o
                0x0800155c                HAL_CAN_AddTxMessage
 .text.HAL_CAN_GetTxMailboxesFreeLevel
                0x08001646       0x36 Drivers/STM32F4xx_HAL_Driver/Src/stm32f4xx_hal_can.o
                0x08001646                HAL_CAN_GetTxMailboxesFreeLevel
 .text.HAL_CAN_ActivateNotification
                0x0800167c       0x24 Drivers/STM32F4xx_HAL_Driver/Src/stm32f4xx_hal_can.o
                0x0800167c                HAL_CAN_ActivateNotification
 .text.HAL_NVIC_SetPriorityGrouping
                0x080016a0       0x24 Drivers/STM32F4xx_HAL_Driver/Src/stm32f4xx_hal_cortex.o
                0x080016a0                HAL_NVIC_SetPriorityGrouping
 .text.HAL_NVIC_SetPriority
                0x080016c4       0x68 Drivers/STM32F4xx_HAL_Driver/Src/stm32f4xx_hal_cortex.o
                0x080016c4                HAL_NVIC_SetPriority
 .text.HAL_NVIC_EnableIRQ
                0x0800172c       0x1c Drivers/STM32F4xx_HAL_Driver/Src/stm32f4xx_hal_cortex.o
                0x0800172c                HAL_NVIC_EnableIRQ
 .text.HAL_DAC_Init
                0x08001748       0x24 Drivers/STM32F4xx_HAL_Driver/Src/stm32f4xx_hal_dac.o
                0x08001748                HAL_DAC_Init
 .text.HAL_DAC_ConfigChannel
                0x0800176c       0x4a Drivers/STM32F4xx_HAL_Driver/Src/stm32f4xx_hal_dac.o
                0x0800176c                HAL_DAC_ConfigChannel
 .text.DMA_SetConfig
                0x080017b6       0x2c Drivers/STM32F4xx_HAL_Driver/Src/stm32f4xx_hal_dma.o
 .text.HAL_DMA_Start_IT
                0x080017e2       0x74 Drivers/STM32F4xx_HAL_Driver/Src/stm32f4xx_hal_dma.o
                0x080017e2                HAL_DMA_Start_IT
 *fill*         0x08001856        0x2 
 .text.HAL_GPIO_Init
                0x08001858      0x1c8 Drivers/STM32F4xx_HAL_Driver/Src/stm32f4xx_hal_gpio.o
                0x08001858                HAL_GPIO_Init
 .text.HAL_GPIO_ReadPin
                0x08001a20        0xe Drivers/STM32F4xx_HAL_Driver/Src/stm32f4xx_hal_gpio.o
                0x08001a20                HAL_GPIO_ReadPin
 .text.HAL_GPIO_WritePin
                0x08001a2e        0xc Drivers/STM32F4xx_HAL_Driver/Src/stm32f4xx_hal_gpio.o
                0x08001a2e                HAL_GPIO_WritePin
 .text.HAL_GPIO_TogglePin
                0x08001a3a       0x12 Drivers/STM32F4xx_HAL_Driver/Src/stm32f4xx_hal_gpio.o
                0x08001a3a                HAL_GPIO_TogglePin
 .text.HAL_RCC_OscConfig
                0x08001a4c      0x398 Drivers/STM32F4xx_HAL_Driver/Src/stm32f4xx_hal_rcc.o
                0x08001a4c                HAL_RCC_OscConfig
 .text.HAL_RCC_GetSysClockFreq
                0x08001de4       0xd8 Drivers/STM32F4xx_HAL_Driver/Src/stm32f4xx_hal_rcc.o
                0x08001de4                HAL_RCC_GetSysClockFreq
 .text.HAL_RCC_ClockConfig
                0x08001ebc      0x158 Drivers/STM32F4xx_HAL_Driver/Src/stm32f4xx_hal_rcc.o
                0x08001ebc                HAL_RCC_ClockConfig
 .text.HAL_RCC_GetHCLKFreq
                0x08002014        0xc Drivers/STM32F4xx_HAL_Driver/Src/stm32f4xx_hal_rcc.o
                0x08002014                HAL_RCC_GetHCLKFreq
 .text.HAL_RCC_GetPCLK1Freq
                0x08002020       0x20 Drivers/STM32F4xx_HAL_Driver/Src/stm32f4xx_hal_rcc.o
                0x08002020                HAL_RCC_GetPCLK1Freq
 .text.HAL_RCC_GetClockConfig
                0x08002040       0x3c Drivers/STM32F4xx_HAL_Driver/Src/stm32f4xx_hal_rcc.o
                0x08002040                HAL_RCC_GetClockConfig
 .text.SD_DMATransmitCplt
                0x0800207c        0xe Drivers/STM32F4xx_HAL_Driver/Src/stm32f4xx_hal_sd.o
 .text.SD_PowerON
                0x0800208a       0xdc Drivers/STM32F4xx_HAL_Driver/Src/stm32f4xx_hal_sd.o
 .text.SD_FindSCR
                0x08002166      0x106 Drivers/STM32F4xx_HAL_Driver/Src/stm32f4xx_hal_sd.o
 .text.SD_WideBus_Enable
                0x0800226c       0x56 Drivers/STM32F4xx_HAL_Driver/Src/stm32f4xx_hal_sd.o
 .text.SD_WideBus_Disable
                0x080022c2       0x56 Drivers/STM32F4xx_HAL_Driver/Src/stm32f4xx_hal_sd.o
 .text.SD_SendStatus
                0x08002318       0x2c Drivers/STM32F4xx_HAL_Driver/Src/stm32f4xx_hal_sd.o
 .text.HAL_SD_ReadBlocks_DMA
                0x08002344      0x114 Drivers/STM32F4xx_HAL_Driver/Src/stm32f4xx_hal_sd.o
                0x08002344                HAL_SD_ReadBlocks_DMA
 .text.HAL_SD_WriteBlocks_DMA
                0x08002458      0x11c Drivers/STM32F4xx_HAL_Driver/Src/stm32f4xx_hal_sd.o
                0x08002458                HAL_SD_WriteBlocks_DMA
 .text.HAL_SD_ErrorCallback
                0x08002574        0x2 Drivers/STM32F4xx_HAL_Driver/Src/stm32f4xx_hal_sd.o
                0x08002574                HAL_SD_ErrorCallback
 .text.SD_DMAReceiveCplt
                0x08002576       0x44 Drivers/STM32F4xx_HAL_Driver/Src/stm32f4xx_hal_sd.o
 .text.HAL_SD_GetCardCSD
                0x080025ba      0x1e2 Drivers/STM32F4xx_HAL_Driver/Src/stm32f4xx_hal_sd.o
                0x080025ba                HAL_SD_GetCardCSD
 .text.SD_InitCard
                0x0800279c       0xf6 Drivers/STM32F4xx_HAL_Driver/Src/stm32f4xx_hal_sd.o
 *fill*         0x08002892        0x2 
 .text.HAL_SD_InitCard
                0x08002894       0x78 Drivers/STM32F4xx_HAL_Driver/Src/stm32f4xx_hal_sd.o
                0x08002894                HAL_SD_InitCard
 .text.HAL_SD_Init
                0x0800290c       0x32 Drivers/STM32F4xx_HAL_Driver/Src/stm32f4xx_hal_sd.o
                0x0800290c                HAL_SD_Init
 .text.HAL_SD_GetCardInfo
                0x0800293e       0x24 Drivers/STM32F4xx_HAL_Driver/Src/stm32f4xx_hal_sd.o
                0x0800293e                HAL_SD_GetCardInfo
 .text.HAL_SD_ConfigWideBusOperation
                0x08002962       0xa0 Drivers/STM32F4xx_HAL_Driver/Src/stm32f4xx_hal_sd.o
                0x08002962                HAL_SD_ConfigWideBusOperation
 .text.HAL_SD_GetCardState
                0x08002a02       0x26 Drivers/STM32F4xx_HAL_Driver/Src/stm32f4xx_hal_sd.o
                0x08002a02                HAL_SD_GetCardState
 .text.SD_DMAError
                0x08002a28       0x58 Drivers/STM32F4xx_HAL_Driver/Src/stm32f4xx_hal_sd.o
 .text.TIM_OC1_SetConfig
                0x08002a80       0x68 Drivers/STM32F4xx_HAL_Driver/Src/stm32f4xx_hal_tim.o
 .text.TIM_OC3_SetConfig
                0x08002ae8       0x70 Drivers/STM32F4xx_HAL_Driver/Src/stm32f4xx_hal_tim.o
 .text.TIM_OC4_SetConfig
                0x08002b58       0x50 Drivers/STM32F4xx_HAL_Driver/Src/stm32f4xx_hal_tim.o
 .text.HAL_TIM_Base_MspInit
                0x08002ba8        0x2 Drivers/STM32F4xx_HAL_Driver/Src/stm32f4xx_hal_tim.o
                0x08002ba8                HAL_TIM_Base_MspInit
 .text.HAL_TIM_Base_Start_IT
                0x08002baa       0x22 Drivers/STM32F4xx_HAL_Driver/Src/stm32f4xx_hal_tim.o
                0x08002baa                HAL_TIM_Base_Start_IT
 .text.HAL_TIM_OC_DelayElapsedCallback
                0x08002bcc        0x2 Drivers/STM32F4xx_HAL_Driver/Src/stm32f4xx_hal_tim.o
                0x08002bcc                HAL_TIM_OC_DelayElapsedCallback
 .text.HAL_TIM_IC_CaptureCallback
                0x08002bce        0x2 Drivers/STM32F4xx_HAL_Driver/Src/stm32f4xx_hal_tim.o
                0x08002bce                HAL_TIM_IC_CaptureCallback
 .text.HAL_TIM_PWM_PulseFinishedCallback
                0x08002bd0        0x2 Drivers/STM32F4xx_HAL_Driver/Src/stm32f4xx_hal_tim.o
                0x08002bd0                HAL_TIM_PWM_PulseFinishedCallback
 .text.HAL_TIM_TriggerCallback
                0x08002bd2        0x2 Drivers/STM32F4xx_HAL_Driver/Src/stm32f4xx_hal_tim.o
                0x08002bd2                HAL_TIM_TriggerCallback
 .text.HAL_TIM_IRQHandler
                0x08002bd4      0x17a Drivers/STM32F4xx_HAL_Driver/Src/stm32f4xx_hal_tim.o
                0x08002bd4                HAL_TIM_IRQHandler
 *fill*         0x08002d4e        0x2 
 .text.TIM_Base_SetConfig
                0x08002d50       0xc8 Drivers/STM32F4xx_HAL_Driver/Src/stm32f4xx_hal_tim.o
                0x08002d50                TIM_Base_SetConfig
 .text.HAL_TIM_Base_Init
                0x08002e18       0x32 Drivers/STM32F4xx_HAL_Driver/Src/stm32f4xx_hal_tim.o
                0x08002e18                HAL_TIM_Base_Init
 .text.HAL_TIM_PWM_Init
                0x08002e4a       0x32 Drivers/STM32F4xx_HAL_Driver/Src/stm32f4xx_hal_tim.o
                0x08002e4a                HAL_TIM_PWM_Init
 .text.TIM_OC2_SetConfig
                0x08002e7c       0x70 Drivers/STM32F4xx_HAL_Driver/Src/stm32f4xx_hal_tim.o
                0x08002e7c                TIM_OC2_SetConfig
 .text.HAL_TIM_PWM_ConfigChannel
                0x08002eec       0xdc Drivers/STM32F4xx_HAL_Driver/Src/stm32f4xx_hal_tim.o
                0x08002eec                HAL_TIM_PWM_ConfigChannel
 .text.TIM_CCxChannelCmd
                0x08002fc8       0x22 Drivers/STM32F4xx_HAL_Driver/Src/stm32f4xx_hal_tim.o
                0x08002fc8                TIM_CCxChannelCmd
 *fill*         0x08002fea        0x2 
 .text.HAL_TIM_PWM_Start
                0x08002fec       0x40 Drivers/STM32F4xx_HAL_Driver/Src/stm32f4xx_hal_tim.o
                0x08002fec                HAL_TIM_PWM_Start
 .text.HAL_TIMEx_MasterConfigSynchronization
                0x0800302c       0x46 Drivers/STM32F4xx_HAL_Driver/Src/stm32f4xx_hal_tim_ex.o
                0x0800302c                HAL_TIMEx_MasterConfigSynchronization
 .text.HAL_TIMEx_ConfigBreakDeadTime
                0x08003072       0x52 Drivers/STM32F4xx_HAL_Driver/Src/stm32f4xx_hal_tim_ex.o
                0x08003072                HAL_TIMEx_ConfigBreakDeadTime
 .text.HAL_TIMEx_CommutCallback
                0x080030c4        0x2 Drivers/STM32F4xx_HAL_Driver/Src/stm32f4xx_hal_tim_ex.o
                0x080030c4                HAL_TIMEx_CommutCallback
 .text.HAL_TIMEx_BreakCallback
                0x080030c6        0x2 Drivers/STM32F4xx_HAL_Driver/Src/stm32f4xx_hal_tim_ex.o
                0x080030c6                HAL_TIMEx_BreakCallback
 .text.SDMMC_GetCmdError
                0x080030c8       0x3c Drivers/STM32F4xx_HAL_Driver/Src/stm32f4xx_ll_sdmmc.o
 .text.SDMMC_GetCmdResp2
                0x08003104       0x5c Drivers/STM32F4xx_HAL_Driver/Src/stm32f4xx_ll_sdmmc.o
 .text.SDMMC_GetCmdResp3
                0x08003160       0x4c Drivers/STM32F4xx_HAL_Driver/Src/stm32f4xx_ll_sdmmc.o
 .text.SDMMC_GetCmdResp7
                0x080031ac       0x54 Drivers/STM32F4xx_HAL_Driver/Src/stm32f4xx_ll_sdmmc.o
 .text.SDIO_Init
                0x08003200       0x38 Drivers/STM32F4xx_HAL_Driver/Src/stm32f4xx_ll_sdmmc.o
                0x08003200                SDIO_Init
 .text.SDIO_ReadFIFO
                0x08003238        0x6 Drivers/STM32F4xx_HAL_Driver/Src/stm32f4xx_ll_sdmmc.o
                0x08003238                SDIO_ReadFIFO
 .text.SDIO_PowerState_ON
                0x0800323e        0x8 Drivers/STM32F4xx_HAL_Driver/Src/stm32f4xx_ll_sdmmc.o
                0x0800323e                SDIO_PowerState_ON
 .text.SDIO_GetPowerState
                0x08003246        0x8 Drivers/STM32F4xx_HAL_Driver/Src/stm32f4xx_ll_sdmmc.o
                0x08003246                SDIO_GetPowerState
 .text.SDIO_SendCommand
                0x0800324e       0x24 Drivers/STM32F4xx_HAL_Driver/Src/stm32f4xx_ll_sdmmc.o
                0x0800324e                SDIO_SendCommand
 .text.SDIO_GetCommandResponse
                0x08003272        0x6 Drivers/STM32F4xx_HAL_Driver/Src/stm32f4xx_ll_sdmmc.o
                0x08003272                SDIO_GetCommandResponse
 .text.SDIO_GetResponse
                0x08003278       0x14 Drivers/STM32F4xx_HAL_Driver/Src/stm32f4xx_ll_sdmmc.o
                0x08003278                SDIO_GetResponse
 .text.SDMMC_GetCmdResp1
                0x0800328c      0x154 Drivers/STM32F4xx_HAL_Driver/Src/stm32f4xx_ll_sdmmc.o
 .text.SDMMC_GetCmdResp6
                0x080033e0       0xa0 Drivers/STM32F4xx_HAL_Driver/Src/stm32f4xx_ll_sdmmc.o
 .text.SDIO_ConfigData
                0x08003480       0x24 Drivers/STM32F4xx_HAL_Driver/Src/stm32f4xx_ll_sdmmc.o
                0x08003480                SDIO_ConfigData
 .text.SDMMC_CmdBlockLength
                0x080034a4       0x30 Drivers/STM32F4xx_HAL_Driver/Src/stm32f4xx_ll_sdmmc.o
                0x080034a4                SDMMC_CmdBlockLength
 .text.SDMMC_CmdReadSingleBlock
                0x080034d4       0x30 Drivers/STM32F4xx_HAL_Driver/Src/stm32f4xx_ll_sdmmc.o
                0x080034d4                SDMMC_CmdReadSingleBlock
 .text.SDMMC_CmdReadMultiBlock
                0x08003504       0x30 Drivers/STM32F4xx_HAL_Driver/Src/stm32f4xx_ll_sdmmc.o
                0x08003504                SDMMC_CmdReadMultiBlock
 .text.SDMMC_CmdWriteSingleBlock
                0x08003534       0x30 Drivers/STM32F4xx_HAL_Driver/Src/stm32f4xx_ll_sdmmc.o
                0x08003534                SDMMC_CmdWriteSingleBlock
 .text.SDMMC_CmdWriteMultiBlock
                0x08003564       0x30 Drivers/STM32F4xx_HAL_Driver/Src/stm32f4xx_ll_sdmmc.o
                0x08003564                SDMMC_CmdWriteMultiBlock
 .text.SDMMC_CmdStopTransfer
                0x08003594       0x34 Drivers/STM32F4xx_HAL_Driver/Src/stm32f4xx_ll_sdmmc.o
                0x08003594                SDMMC_CmdStopTransfer
 .text.SDMMC_CmdSelDesel
                0x080035c8       0x30 Drivers/STM32F4xx_HAL_Driver/Src/stm32f4xx_ll_sdmmc.o
                0x080035c8                SDMMC_CmdSelDesel
 .text.SDMMC_CmdGoIdleState
                0x080035f8       0x26 Drivers/STM32F4xx_HAL_Driver/Src/stm32f4xx_ll_sdmmc.o
                0x080035f8                SDMMC_CmdGoIdleState
 .text.SDMMC_CmdOperCond
                0x0800361e       0x2e Drivers/STM32F4xx_HAL_Driver/Src/stm32f4xx_ll_sdmmc.o
                0x0800361e                SDMMC_CmdOperCond
 .text.SDMMC_CmdAppCommand
                0x0800364c       0x30 Drivers/STM32F4xx_HAL_Driver/Src/stm32f4xx_ll_sdmmc.o
                0x0800364c                SDMMC_CmdAppCommand
 .text.SDMMC_CmdAppOperCommand
                0x0800367c       0x32 Drivers/STM32F4xx_HAL_Driver/Src/stm32f4xx_ll_sdmmc.o
                0x0800367c                SDMMC_CmdAppOperCommand
 .text.SDMMC_CmdBusWidth
                0x080036ae       0x30 Drivers/STM32F4xx_HAL_Driver/Src/stm32f4xx_ll_sdmmc.o
                0x080036ae                SDMMC_CmdBusWidth
 .text.SDMMC_CmdSendSCR
                0x080036de       0x30 Drivers/STM32F4xx_HAL_Driver/Src/stm32f4xx_ll_sdmmc.o
                0x080036de                SDMMC_CmdSendSCR
 .text.SDMMC_CmdSendCID
                0x0800370e       0x2a Drivers/STM32F4xx_HAL_Driver/Src/stm32f4xx_ll_sdmmc.o
                0x0800370e                SDMMC_CmdSendCID
 .text.SDMMC_CmdSendCSD
                0x08003738       0x2a Drivers/STM32F4xx_HAL_Driver/Src/stm32f4xx_ll_sdmmc.o
                0x08003738                SDMMC_CmdSendCSD
 .text.SDMMC_CmdSetRelAdd
                0x08003762       0x30 Drivers/STM32F4xx_HAL_Driver/Src/stm32f4xx_ll_sdmmc.o
                0x08003762                SDMMC_CmdSetRelAdd
 .text.SDMMC_CmdSendStatus
                0x08003792       0x30 Drivers/STM32F4xx_HAL_Driver/Src/stm32f4xx_ll_sdmmc.o
                0x08003792                SDMMC_CmdSendStatus
 *fill*         0x080037c2        0x2 
 .text.FATFS_LinkDriverEx
                0x080037c4       0x48 Middlewares/Third_Party/FatFs/src/ff_gen_drv.o
                0x080037c4                FATFS_LinkDriverEx
 .text.FATFS_LinkDriver
                0x0800380c        0xa Middlewares/Third_Party/FatFs/src/ff_gen_drv.o
                0x0800380c                FATFS_LinkDriver
 .text.makeFreeRtosPriority
                0x08003816        0xc Middlewares/Third_Party/FreeRTOS/Source/CMSIS_RTOS/cmsis_os.o
 .text.inHandlerMode
                0x08003822        0xc Middlewares/Third_Party/FreeRTOS/Source/CMSIS_RTOS/cmsis_os.o
 .text.osKernelStart
                0x0800382e        0xa Middlewares/Third_Party/FreeRTOS/Source/CMSIS_RTOS/cmsis_os.o
                0x0800382e                osKernelStart
 .text.osKernelRunning
                0x08003838       0x12 Middlewares/Third_Party/FreeRTOS/Source/CMSIS_RTOS/cmsis_os.o
                0x08003838                osKernelRunning
 .text.osKernelSysTick
                0x0800384a       0x14 Middlewares/Third_Party/FreeRTOS/Source/CMSIS_RTOS/cmsis_os.o
                0x0800384a                osKernelSysTick
 .text.osThreadCreate
                0x0800385e       0x6c Middlewares/Third_Party/FreeRTOS/Source/CMSIS_RTOS/cmsis_os.o
                0x0800385e                osThreadCreate
 .text.osDelay  0x080038ca       0x12 Middlewares/Third_Party/FreeRTOS/Source/CMSIS_RTOS/cmsis_os.o
                0x080038ca                osDelay
 .text.osMessageCreate
                0x080038dc       0x28 Middlewares/Third_Party/FreeRTOS/Source/CMSIS_RTOS/cmsis_os.o
                0x080038dc                osMessageCreate
 .text.osMessagePut
                0x08003904       0x68 Middlewares/Third_Party/FreeRTOS/Source/CMSIS_RTOS/cmsis_os.o
                0x08003904                osMessagePut
 .text.osMessageGet
                0x0800396c       0xa0 Middlewares/Third_Party/FreeRTOS/Source/CMSIS_RTOS/cmsis_os.o
                0x0800396c                osMessageGet
 .text.vListInitialise
                0x08003a0c       0x16 Middlewares/Third_Party/FreeRTOS/Source/list.o
                0x08003a0c                vListInitialise
 .text.vListInitialiseItem
                0x08003a22        0x6 Middlewares/Third_Party/FreeRTOS/Source/list.o
                0x08003a22                vListInitialiseItem
 .text.vListInsertEnd
                0x08003a28       0x18 Middlewares/Third_Party/FreeRTOS/Source/list.o
                0x08003a28                vListInsertEnd
 .text.vListInsert
                0x08003a40       0x34 Middlewares/Third_Party/FreeRTOS/Source/list.o
                0x08003a40                vListInsert
 .text.uxListRemove
                0x08003a74       0x28 Middlewares/Third_Party/FreeRTOS/Source/list.o
                0x08003a74                uxListRemove
 .text.prvGetDisinheritPriorityAfterTimeout
                0x08003a9c       0x12 Middlewares/Third_Party/FreeRTOS/Source/queue.o
 .text.prvIsQueueFull
                0x08003aae       0x1e Middlewares/Third_Party/FreeRTOS/Source/queue.o
 .text.prvIsQueueEmpty
                0x08003acc       0x1a Middlewares/Third_Party/FreeRTOS/Source/queue.o
 .text.prvCopyDataToQueue
                0x08003ae6       0x76 Middlewares/Third_Party/FreeRTOS/Source/queue.o
 .text.prvCopyDataFromQueue
                0x08003b5c       0x24 Middlewares/Third_Party/FreeRTOS/Source/queue.o
 .text.prvUnlockQueue
                0x08003b80       0x6e Middlewares/Third_Party/FreeRTOS/Source/queue.o
 *fill*         0x08003bee        0x2 
 .text.xQueueGenericReset
                0x08003bf0       0x84 Middlewares/Third_Party/FreeRTOS/Source/queue.o
                0x08003bf0                xQueueGenericReset
 .text.prvInitialiseNewQueue
                0x08003c74       0x1c Middlewares/Third_Party/FreeRTOS/Source/queue.o
 .text.xQueueGenericCreateStatic
                0x08003c90       0x90 Middlewares/Third_Party/FreeRTOS/Source/queue.o
                0x08003c90                xQueueGenericCreateStatic
 .text.xQueueGenericCreate
                0x08003d20       0x4e Middlewares/Third_Party/FreeRTOS/Source/queue.o
                0x08003d20                xQueueGenericCreate
 *fill*         0x08003d6e        0x2 
 .text.xQueueGenericSend
                0x08003d70      0x17c Middlewares/Third_Party/FreeRTOS/Source/queue.o
                0x08003d70                xQueueGenericSend
 .text.xQueueGenericSendFromISR
                0x08003eec       0xcc Middlewares/Third_Party/FreeRTOS/Source/queue.o
                0x08003eec                xQueueGenericSendFromISR
 .text.xQueueReceive
                0x08003fb8      0x158 Middlewares/Third_Party/FreeRTOS/Source/queue.o
                0x08003fb8                xQueueReceive
 .text.xQueueSemaphoreTake
                0x08004110      0x19c Middlewares/Third_Party/FreeRTOS/Source/queue.o
                0x08004110                xQueueSemaphoreTake
 .text.xQueuePeek
                0x080042ac      0x158 Middlewares/Third_Party/FreeRTOS/Source/queue.o
                0x080042ac                xQueuePeek
 .text.xQueueReceiveFromISR
                0x08004404       0xaa Middlewares/Third_Party/FreeRTOS/Source/queue.o
                0x08004404                xQueueReceiveFromISR
 *fill*         0x080044ae        0x2 
 .text.prvResetNextTaskUnblockTime
                0x080044b0       0x24 Middlewares/Third_Party/FreeRTOS/Source/tasks.o
 .text.prvInitialiseNewTask
                0x080044d4       0x80 Middlewares/Third_Party/FreeRTOS/Source/tasks.o
 .text.prvInitialiseTaskLists
                0x08004554       0x58 Middlewares/Third_Party/FreeRTOS/Source/tasks.o
 .text.prvAddNewTaskToReadyList
                0x080045ac       0xac Middlewares/Third_Party/FreeRTOS/Source/tasks.o
 .text.prvDeleteTCB
                0x08004658       0x38 Middlewares/Third_Party/FreeRTOS/Source/tasks.o
 .text.prvCheckTasksWaitingTermination
                0x08004690       0x44 Middlewares/Third_Party/FreeRTOS/Source/tasks.o
 .text.prvIdleTask
                0x080046d4       0x28 Middlewares/Third_Party/FreeRTOS/Source/tasks.o
 .text.prvAddCurrentTaskToDelayedList
                0x080046fc       0x88 Middlewares/Third_Party/FreeRTOS/Source/tasks.o
 .text.xTaskCreateStatic
                0x08004784       0x72 Middlewares/Third_Party/FreeRTOS/Source/tasks.o
                0x08004784                xTaskCreateStatic
 .text.xTaskCreate
                0x080047f6       0x66 Middlewares/Third_Party/FreeRTOS/Source/tasks.o
                0x080047f6                xTaskCreate
 .text.vTaskStartScheduler
                0x0800485c       0x64 Middlewares/Third_Party/FreeRTOS/Source/tasks.o
                0x0800485c                vTaskStartScheduler
 .text.vTaskSuspendAll
                0x080048c0       0x14 Middlewares/Third_Party/FreeRTOS/Source/tasks.o
                0x080048c0                vTaskSuspendAll
 .text.xTaskGetTickCount
                0x080048d4        0xc Middlewares/Third_Party/FreeRTOS/Source/tasks.o
                0x080048d4                xTaskGetTickCount
 .text.xTaskGetTickCountFromISR
                0x080048e0       0x14 Middlewares/Third_Party/FreeRTOS/Source/tasks.o
                0x080048e0                xTaskGetTickCountFromISR
 .text.xTaskIncrementTick
                0x080048f4      0x10c Middlewares/Third_Party/FreeRTOS/Source/tasks.o
                0x080048f4                xTaskIncrementTick
 .text.xTaskResumeAll
                0x08004a00       0xf0 Middlewares/Third_Party/FreeRTOS/Source/tasks.o
                0x08004a00                xTaskResumeAll
 .text.vTaskDelayUntil
                0x08004af0       0xa4 Middlewares/Third_Party/FreeRTOS/Source/tasks.o
                0x08004af0                vTaskDelayUntil
 .text.vTaskDelay
                0x08004b94       0x4c Middlewares/Third_Party/FreeRTOS/Source/tasks.o
                0x08004b94                vTaskDelay
 .text.vTaskSwitchContext
                0x08004be0       0x90 Middlewares/Third_Party/FreeRTOS/Source/tasks.o
                0x08004be0                vTaskSwitchContext
 .text.vTaskPlaceOnEventList
                0x08004c70       0x34 Middlewares/Third_Party/FreeRTOS/Source/tasks.o
                0x08004c70                vTaskPlaceOnEventList
 .text.xTaskRemoveFromEventList
                0x08004ca4       0x84 Middlewares/Third_Party/FreeRTOS/Source/tasks.o
                0x08004ca4                xTaskRemoveFromEventList
 .text.vTaskInternalSetTimeOutState
                0x08004d28       0x14 Middlewares/Third_Party/FreeRTOS/Source/tasks.o
                0x08004d28                vTaskInternalSetTimeOutState
 .text.xTaskCheckForTimeOut
                0x08004d3c       0x80 Middlewares/Third_Party/FreeRTOS/Source/tasks.o
                0x08004d3c                xTaskCheckForTimeOut
 .text.vTaskMissedYield
                0x08004dbc       0x10 Middlewares/Third_Party/FreeRTOS/Source/tasks.o
                0x08004dbc                vTaskMissedYield
 .text.xTaskGetSchedulerState
                0x08004dcc       0x20 Middlewares/Third_Party/FreeRTOS/Source/tasks.o
                0x08004dcc                xTaskGetSchedulerState
 .text.xTaskPriorityInherit
                0x08004dec       0xc4 Middlewares/Third_Party/FreeRTOS/Source/tasks.o
                0x08004dec                xTaskPriorityInherit
 .text.xTaskPriorityDisinherit
                0x08004eb0       0xb0 Middlewares/Third_Party/FreeRTOS/Source/tasks.o
                0x08004eb0                xTaskPriorityDisinherit
 .text.vTaskPriorityDisinheritAfterTimeout
                0x08004f60       0xc4 Middlewares/Third_Party/FreeRTOS/Source/tasks.o
                0x08004f60                vTaskPriorityDisinheritAfterTimeout
 .text.pvTaskIncrementMutexHeldCount
                0x08005024       0x20 Middlewares/Third_Party/FreeRTOS/Source/tasks.o
                0x08005024                pvTaskIncrementMutexHeldCount
 .text.prvTaskExitError
                0x08005044       0x40 Middlewares/Third_Party/FreeRTOS/Source/portable/GCC/ARM_CM4F/port.o
 .text.prvPortStartFirstTask
                0x08005084       0x28 Middlewares/Third_Party/FreeRTOS/Source/portable/GCC/ARM_CM4F/port.o
 .text.vPortEnableVFP
                0x080050ac       0x14 Middlewares/Third_Party/FreeRTOS/Source/portable/GCC/ARM_CM4F/port.o
 .text.pxPortInitialiseStack
                0x080050c0       0x2c Middlewares/Third_Party/FreeRTOS/Source/portable/GCC/ARM_CM4F/port.o
                0x080050c0                pxPortInitialiseStack
 *fill*         0x080050ec        0x4 
 .text.SVC_Handler
                0x080050f0       0x24 Middlewares/Third_Party/FreeRTOS/Source/portable/GCC/ARM_CM4F/port.o
                0x080050f0                SVC_Handler
 .text.vPortEnterCritical
                0x08005114       0x44 Middlewares/Third_Party/FreeRTOS/Source/portable/GCC/ARM_CM4F/port.o
                0x08005114                vPortEnterCritical
 .text.vPortExitCritical
                0x08005158       0x2c Middlewares/Third_Party/FreeRTOS/Source/portable/GCC/ARM_CM4F/port.o
                0x08005158                vPortExitCritical
 *fill*         0x08005184        0xc 
 .text.PendSV_Handler
                0x08005190       0x64 Middlewares/Third_Party/FreeRTOS/Source/portable/GCC/ARM_CM4F/port.o
                0x08005190                PendSV_Handler
 .text.SysTick_Handler
                0x080051f4       0x2c Middlewares/Third_Party/FreeRTOS/Source/portable/GCC/ARM_CM4F/port.o
                0x080051f4                SysTick_Handler
 .text.vPortSetupTimerInterrupt
                0x08005220       0x38 Middlewares/Third_Party/FreeRTOS/Source/portable/GCC/ARM_CM4F/port.o
                0x08005220                vPortSetupTimerInterrupt
 .text.xPortStartScheduler
                0x08005258      0x108 Middlewares/Third_Party/FreeRTOS/Source/portable/GCC/ARM_CM4F/port.o
                0x08005258                xPortStartScheduler
 .text.vPortValidateInterruptPriority
                0x08005360       0x58 Middlewares/Third_Party/FreeRTOS/Source/portable/GCC/ARM_CM4F/port.o
                0x08005360                vPortValidateInterruptPriority
 .text.prvHeapInit
                0x080053b8       0x4c Middlewares/Third_Party/FreeRTOS/Source/portable/MemMang/heap_4.o
 .text.prvInsertBlockIntoFreeList
                0x08005404       0x54 Middlewares/Third_Party/FreeRTOS/Source/portable/MemMang/heap_4.o
 .text.pvPortMalloc
                0x08005458       0xf4 Middlewares/Third_Party/FreeRTOS/Source/portable/MemMang/heap_4.o
                0x08005458                pvPortMalloc
 .text.vPortFree
                0x0800554c       0x6c Middlewares/Third_Party/FreeRTOS/Source/portable/MemMang/heap_4.o
                0x0800554c                vPortFree
 .text.task_getIsense
                0x080055b8      0x138 Src/adc_isense.o
                0x080055b8                task_getIsense
 .text.task_heartbeat
                0x080056f0       0x2c Src/bms.o
                0x080056f0                task_heartbeat
 .text.initRTOSObjects
                0x0800571c      0x188 Src/bms.o
                0x0800571c                initRTOSObjects
 .text.initBMSobject
                0x080058a4      0x254 Src/bms.o
                0x080058a4                initBMSobject
 .text.power_cmd_slaves
                0x08005af8       0x30 Src/bms.o
                0x08005af8                power_cmd_slaves
 .text.slaves_connected
                0x08005b28       0x4c Src/bms.o
                0x08005b28                slaves_connected
 .text.clear_faults
                0x08005b74       0x50 Src/bms.o
                0x08005b74                clear_faults
 .text.send_faults
                0x08005bc4       0xd4 Src/bms.o
                0x08005bc4                send_faults
 .text.volt_probe
                0x08005c98      0x1dc Src/bms.o
                0x08005c98                volt_probe
 .text.temp_probe
                0x08005e74      0x1d4 Src/bms.o
                0x08005e74                temp_probe
 .text.task_error_check
                0x08006048      0x178 Src/bms.o
                0x08006048                task_error_check
 .text.debug_lights
                0x080061c0       0x88 Src/bms.o
                0x080061c0                debug_lights
 .text.task_bms_main
                0x08006248      0x1dc Src/bms.o
                0x08006248                task_bms_main
 .text.bms_can_filter_init
                0x08006424       0x54 Src/bms_can.o
                0x08006424                bms_can_filter_init
 .text.task_Slave_WDawg
                0x08006478       0xcc Src/bms_can.o
                0x08006478                task_Slave_WDawg
 .text.task_txBmsCan
                0x08006544       0x70 Src/bms_can.o
                0x08006544                task_txBmsCan
 .text.process_temp
                0x080065b4       0x48 Src/bms_can.o
                0x080065b4                process_temp
 .text.process_volt
                0x080065fc       0x88 Src/bms_can.o
                0x080065fc                process_volt
 .text.task_BmsCanProcess
                0x08006684       0x9c Src/bms_can.o
                0x08006684                task_BmsCanProcess
 .text.BSP_SD_ReadBlocks_DMA
                0x08006720       0x18 Src/bsp_driver_sd.o
                0x08006720                BSP_SD_ReadBlocks_DMA
 .text.BSP_SD_WriteBlocks_DMA
                0x08006738       0x18 Src/bsp_driver_sd.o
                0x08006738                BSP_SD_WriteBlocks_DMA
 .text.BSP_SD_GetCardState
                0x08006750       0x14 Src/bsp_driver_sd.o
                0x08006750                BSP_SD_GetCardState
 .text.BSP_SD_GetCardInfo
                0x08006764       0x10 Src/bsp_driver_sd.o
                0x08006764                BSP_SD_GetCardInfo
 .text.HAL_SD_RxCpltCallback
                0x08006774        0x8 Src/bsp_driver_sd.o
                0x08006774                HAL_SD_RxCpltCallback
 .text.BSP_SD_IsDetected
                0x0800677c       0x20 Src/bsp_driver_sd.o
                0x0800677c                BSP_SD_IsDetected
 .text.BSP_SD_Init
                0x0800679c       0x34 Src/bsp_driver_sd.o
                0x0800679c                BSP_SD_Init
 .text.calc_avg_voltage
                0x080067d0       0x70 Src/charging.o
                0x080067d0                calc_avg_voltage
 .text.write_passive_msg
                0x08006840       0x34 Src/charging.o
                0x08006840                write_passive_msg
 .text.task_charging
                0x08006874       0x7c Src/charging.o
                0x08006874                task_charging
 .text.task_coulomb_counting
                0x080068f0      0x1f8 Src/coulomb_counting.o
                0x080068f0                task_coulomb_counting
 .text.task_txDcan
                0x08006ae8       0x70 Src/dcan.o
                0x08006ae8                task_txDcan
 .text.dcan_filter_init
                0x08006b58       0x34 Src/dcan.o
                0x08006b58                dcan_filter_init
 .text.process_gui_cmd
                0x08006b8c       0x68 Src/dcan.o
                0x08006b8c                process_gui_cmd
 .text.process_gui_param_set
                0x08006bf4       0xf4 Src/dcan.o
                0x08006bf4                process_gui_param_set
 .text.process_gui_param_req
                0x08006ce8      0x1e0 Src/dcan.o
                0x08006ce8                process_gui_param_req
 .text.task_DcanProcess
                0x08006ec8       0x94 Src/dcan.o
                0x08006ec8                task_DcanProcess
 .text.send_macro_msg
                0x08006f5c       0x84 Src/dcan.o
                0x08006f5c                send_macro_msg
 .text.send_generic_msg
                0x08006fe0      0x38c Src/dcan.o
                0x08006fe0                send_generic_msg
 .text.send_volt_msg
                0x0800736c        0xc Src/dcan.o
                0x0800736c                send_volt_msg
 .text.send_temp_msg
                0x08007378        0xc Src/dcan.o
                0x08007378                send_temp_msg
 .text.send_ocv_msg
                0x08007384        0xc Src/dcan.o
                0x08007384                send_ocv_msg
 .text.send_ir_msg
                0x08007390        0xc Src/dcan.o
                0x08007390                send_ir_msg
 .text.task_broadcast
                0x0800739c      0x124 Src/dcan.o
                0x0800739c                task_broadcast
 .text.MX_FATFS_Init
                0x080074c0       0x1c Src/fatfs.o
                0x080074c0                MX_FATFS_Init
 .text.BSP_PlatformIsDetected
                0x080074dc       0x1c Src/fatfs_platform.o
                0x080074dc                BSP_PlatformIsDetected
 .text.vApplicationGetIdleTaskMemory
                0x080074f8       0x14 Src/freertos.o
                0x080074f8                vApplicationGetIdleTaskMemory
 .text.MX_SDIO_SD_Init
                0x0800750c       0x20 Src/main.o
 .text.MX_GPIO_Init
                0x0800752c      0x114 Src/main.o
 .text.MX_ADC1_Init
                0x08007640       0x58 Src/main.o
 .text.MX_TIM1_Init
                0x08007698       0x8c Src/main.o
 .text.MX_CAN1_Init
                0x08007724       0x30 Src/main.o
 .text.MX_CAN2_Init
                0x08007754       0x30 Src/main.o
 .text.MX_DAC_Init
                0x08007784       0x30 Src/main.o
 .text.StartDefaultTask
                0x080077b4        0xe Src/main.o
                0x080077b4                StartDefaultTask
 *fill*         0x080077c2        0x2 
 .text.SystemClock_Config
                0x080077c4       0x8c Src/main.o
                0x080077c4                SystemClock_Config
 .text.main     0x08007850       0x94 Src/main.o
                0x08007850                main
 .text.HAL_TIM_PeriodElapsedCallback
                0x080078e4       0x12 Src/main.o
                0x080078e4                HAL_TIM_PeriodElapsedCallback
 *fill*         0x080078f6        0x2 
 .text.SD_CheckStatus
                0x080078f8       0x24 Src/sd_diskio.o
 .text.SD_initialize
                0x0800791c       0x64 Src/sd_diskio.o
                0x0800791c                SD_initialize
 .text.SD_status
                0x08007980        0x8 Src/sd_diskio.o
                0x08007980                SD_status
 .text.SD_CheckStatusWithTimeout
                0x08007988       0x26 Src/sd_diskio.o
 *fill*         0x080079ae        0x2 
 .text.SD_read  0x080079b0       0xd0 Src/sd_diskio.o
                0x080079b0                SD_read
 .text.SD_write
                0x08007a80       0xf0 Src/sd_diskio.o
                0x08007a80                SD_write
 .text.SD_ioctl
                0x08007b70       0x5c Src/sd_diskio.o
                0x08007b70                SD_ioctl
 .text.BSP_SD_ReadCpltCallback
                0x08007bcc       0x18 Src/sd_diskio.o
                0x08007bcc                BSP_SD_ReadCpltCallback
 .text.HAL_MspInit
                0x08007be4       0x44 Src/stm32f4xx_hal_msp.o
                0x08007be4                HAL_MspInit
 .text.HAL_ADC_MspInit
                0x08007c28       0x68 Src/stm32f4xx_hal_msp.o
                0x08007c28                HAL_ADC_MspInit
 .text.HAL_CAN_MspInit
                0x08007c90      0x108 Src/stm32f4xx_hal_msp.o
                0x08007c90                HAL_CAN_MspInit
 .text.HAL_DAC_MspInit
                0x08007d98       0x68 Src/stm32f4xx_hal_msp.o
                0x08007d98                HAL_DAC_MspInit
 .text.HAL_SD_MspInit
                0x08007e00       0xa0 Src/stm32f4xx_hal_msp.o
                0x08007e00                HAL_SD_MspInit
 .text.HAL_TIM_PWM_MspInit
                0x08007ea0       0x30 Src/stm32f4xx_hal_msp.o
                0x08007ea0                HAL_TIM_PWM_MspInit
 .text.HAL_TIM_MspPostInit
                0x08007ed0       0x5c Src/stm32f4xx_hal_msp.o
                0x08007ed0                HAL_TIM_MspPostInit
 .text.HAL_InitTick
                0x08007f2c       0x78 Src/stm32f4xx_hal_timebase_tim.o
                0x08007f2c                HAL_InitTick
 .text.NMI_Handler
                0x08007fa4        0x2 Src/stm32f4xx_it.o
                0x08007fa4                NMI_Handler
 .text.HardFault_Handler
                0x08007fa6        0x2 Src/stm32f4xx_it.o
                0x08007fa6                HardFault_Handler
 .text.MemManage_Handler
                0x08007fa8        0x2 Src/stm32f4xx_it.o
                0x08007fa8                MemManage_Handler
 .text.BusFault_Handler
                0x08007faa        0x2 Src/stm32f4xx_it.o
                0x08007faa                BusFault_Handler
 .text.UsageFault_Handler
                0x08007fac        0x2 Src/stm32f4xx_it.o
                0x08007fac                UsageFault_Handler
 .text.DebugMon_Handler
                0x08007fae        0x2 Src/stm32f4xx_it.o
                0x08007fae                DebugMon_Handler
 .text.TIM2_IRQHandler
                0x08007fb0       0x10 Src/stm32f4xx_it.o
                0x08007fb0                TIM2_IRQHandler
 .text.SystemInit
                0x08007fc0       0x4c Src/system_stm32f4xx.o
                0x08007fc0                SystemInit
 .text.master_tim_pwm_set_duty
                0x0800800c       0x1c Src/tim_fan_pwm.o
                0x0800800c                master_tim_pwm_set_duty
 .text.task_fan_PWM
                0x08008028       0x64 Src/tim_fan_pwm.o
                0x08008028                task_fan_PWM
 .text.Reset_Handler
                0x0800808c       0x50 startup/startup_stm32f407xx.o
                0x0800808c                Reset_Handler
 .text.Default_Handler
                0x080080dc        0x2 startup/startup_stm32f407xx.o
                0x080080dc                RTC_Alarm_IRQHandler
                0x080080dc                HASH_RNG_IRQHandler
                0x080080dc                EXTI2_IRQHandler
                0x080080dc                TIM8_CC_IRQHandler
                0x080080dc                TIM1_CC_IRQHandler
                0x080080dc                DMA2_Stream5_IRQHandler
                0x080080dc                DMA1_Stream5_IRQHandler
                0x080080dc                PVD_IRQHandler
                0x080080dc                SDIO_IRQHandler
                0x080080dc                TAMP_STAMP_IRQHandler
                0x080080dc                CAN2_RX1_IRQHandler
                0x080080dc                EXTI3_IRQHandler
                0x080080dc                TIM8_TRG_COM_TIM14_IRQHandler
                0x080080dc                TIM1_UP_TIM10_IRQHandler
                0x080080dc                TIM8_UP_TIM13_IRQHandler
                0x080080dc                I2C3_ER_IRQHandler
                0x080080dc                EXTI0_IRQHandler
                0x080080dc                I2C2_EV_IRQHandler
                0x080080dc                DMA1_Stream2_IRQHandler
                0x080080dc                CAN1_RX0_IRQHandler
                0x080080dc                FPU_IRQHandler
                0x080080dc                OTG_HS_WKUP_IRQHandler
                0x080080dc                CAN2_SCE_IRQHandler
                0x080080dc                DMA2_Stream2_IRQHandler
                0x080080dc                SPI1_IRQHandler
                0x080080dc                TIM6_DAC_IRQHandler
                0x080080dc                TIM1_BRK_TIM9_IRQHandler
                0x080080dc                DCMI_IRQHandler
                0x080080dc                CAN2_RX0_IRQHandler
                0x080080dc                DMA2_Stream3_IRQHandler
                0x080080dc                USART6_IRQHandler
                0x080080dc                USART3_IRQHandler
                0x080080dc                CAN1_RX1_IRQHandler
                0x080080dc                UART5_IRQHandler
                0x080080dc                DMA2_Stream0_IRQHandler
                0x080080dc                TIM4_IRQHandler
                0x080080dc                I2C1_EV_IRQHandler
                0x080080dc                DMA1_Stream6_IRQHandler
                0x080080dc                DMA1_Stream1_IRQHandler
                0x080080dc                UART4_IRQHandler
                0x080080dc                TIM3_IRQHandler
                0x080080dc                RCC_IRQHandler
                0x080080dc                TIM8_BRK_TIM12_IRQHandler
                0x080080dc                Default_Handler
                0x080080dc                EXTI15_10_IRQHandler
                0x080080dc                ADC_IRQHandler
                0x080080dc                DMA1_Stream7_IRQHandler
                0x080080dc                TIM7_IRQHandler
                0x080080dc                CAN2_TX_IRQHandler
                0x080080dc                TIM5_IRQHandler
                0x080080dc                DMA2_Stream7_IRQHandler
                0x080080dc                I2C3_EV_IRQHandler
                0x080080dc                EXTI9_5_IRQHandler
                0x080080dc                RTC_WKUP_IRQHandler
                0x080080dc                ETH_WKUP_IRQHandler
                0x080080dc                SPI2_IRQHandler
                0x080080dc                OTG_HS_EP1_IN_IRQHandler
                0x080080dc                DMA1_Stream0_IRQHandler
                0x080080dc                CAN1_TX_IRQHandler
                0x080080dc                EXTI4_IRQHandler
                0x080080dc                FSMC_IRQHandler
                0x080080dc                ETH_IRQHandler
                0x080080dc                OTG_HS_EP1_OUT_IRQHandler
                0x080080dc                WWDG_IRQHandler
                0x080080dc                OTG_FS_WKUP_IRQHandler
                0x080080dc                TIM1_TRG_COM_TIM11_IRQHandler
                0x080080dc                OTG_HS_IRQHandler
                0x080080dc                EXTI1_IRQHandler
                0x080080dc                USART2_IRQHandler
                0x080080dc                I2C2_ER_IRQHandler
                0x080080dc                DMA2_Stream1_IRQHandler
                0x080080dc                CAN1_SCE_IRQHandler
                0x080080dc                FLASH_IRQHandler
                0x080080dc                DMA2_Stream4_IRQHandler
                0x080080dc                USART1_IRQHandler
                0x080080dc                OTG_FS_IRQHandler
                0x080080dc                SPI3_IRQHandler
                0x080080dc                DMA1_Stream4_IRQHandler
                0x080080dc                I2C1_ER_IRQHandler
                0x080080dc                DMA2_Stream6_IRQHandler
                0x080080dc                DMA1_Stream3_IRQHandler
 *fill*         0x080080de        0x2 
 .text.__libc_init_array
                0x080080e0       0x48 c:/ac6/systemworkbench/plugins/fr.ac6.mcu.externaltools.arm-none.win32_1.17.0.201812190825/tools/compiler/bin/../lib/gcc/arm-none-eabi/7.3.1/../../../../arm-none-eabi/lib/thumb/v7e-m/fpv4-sp/hard\libc_nano.a(lib_a-init.o)
                0x080080e0                __libc_init_array
 .text.memcpy   0x08008128       0x16 c:/ac6/systemworkbench/plugins/fr.ac6.mcu.externaltools.arm-none.win32_1.17.0.201812190825/tools/compiler/bin/../lib/gcc/arm-none-eabi/7.3.1/../../../../arm-none-eabi/lib/thumb/v7e-m/fpv4-sp/hard\libc_nano.a(lib_a-memcpy-stub.o)
                0x08008128                memcpy
 .text.memset   0x0800813e       0x10 c:/ac6/systemworkbench/plugins/fr.ac6.mcu.externaltools.arm-none.win32_1.17.0.201812190825/tools/compiler/bin/../lib/gcc/arm-none-eabi/7.3.1/../../../../arm-none-eabi/lib/thumb/v7e-m/fpv4-sp/hard\libc_nano.a(lib_a-memset.o)
                0x0800813e                memset
 *(.glue_7)
 .glue_7        0x0800814e        0x0 linker stubs
 *(.glue_7t)
 .glue_7t       0x0800814e        0x0 linker stubs
 *(.eh_frame)
 *fill*         0x0800814e        0x2 
 .eh_frame      0x08008150        0x0 c:/ac6/systemworkbench/plugins/fr.ac6.mcu.externaltools.arm-none.win32_1.17.0.201812190825/tools/compiler/bin/../lib/gcc/arm-none-eabi/7.3.1/thumb/v7e-m/fpv4-sp/hard/crtbegin.o
 *(.init)
 .init          0x08008150        0x4 c:/ac6/systemworkbench/plugins/fr.ac6.mcu.externaltools.arm-none.win32_1.17.0.201812190825/tools/compiler/bin/../lib/gcc/arm-none-eabi/7.3.1/thumb/v7e-m/fpv4-sp/hard/crti.o
                0x08008150                _init
 .init          0x08008154        0x8 c:/ac6/systemworkbench/plugins/fr.ac6.mcu.externaltools.arm-none.win32_1.17.0.201812190825/tools/compiler/bin/../lib/gcc/arm-none-eabi/7.3.1/thumb/v7e-m/fpv4-sp/hard/crtn.o
 *(.fini)
 .fini          0x0800815c        0x4 c:/ac6/systemworkbench/plugins/fr.ac6.mcu.externaltools.arm-none.win32_1.17.0.201812190825/tools/compiler/bin/../lib/gcc/arm-none-eabi/7.3.1/thumb/v7e-m/fpv4-sp/hard/crti.o
                0x0800815c                _fini
 .fini          0x08008160        0x8 c:/ac6/systemworkbench/plugins/fr.ac6.mcu.externaltools.arm-none.win32_1.17.0.201812190825/tools/compiler/bin/../lib/gcc/arm-none-eabi/7.3.1/thumb/v7e-m/fpv4-sp/hard/crtn.o
                0x08008168                . = ALIGN (0x4)
                0x08008168                _etext = .

.vfp11_veneer   0x08008168        0x0
 .vfp11_veneer  0x08008168        0x0 linker stubs

.v4_bx          0x08008168        0x0
 .v4_bx         0x08008168        0x0 linker stubs

.iplt           0x08008168        0x0
 .iplt          0x08008168        0x0 c:/ac6/systemworkbench/plugins/fr.ac6.mcu.externaltools.arm-none.win32_1.17.0.201812190825/tools/compiler/bin/../lib/gcc/arm-none-eabi/7.3.1/thumb/v7e-m/fpv4-sp/hard/crtbegin.o

.rodata         0x08008168      0x134
                0x08008168                . = ALIGN (0x4)
 *(.rodata)
 .rodata        0x08008168       0x1c Src/main.o
 .rodata        0x08008184       0x24 Src/sd_diskio.o
                0x08008194                SD_Driver
 .rodata        0x080081a8       0x18 Src/system_stm32f4xx.o
                0x080081a8                AHBPrescTable
                0x080081b8                APBPrescTable
 *(.rodata*)
 .rodata.str1.4
                0x080081c0        0x5 Middlewares/Third_Party/FreeRTOS/Source/tasks.o
 *fill*         0x080081c5        0x3 
 .rodata.str1.4
                0x080081c8       0xc5 Src/bms.o
 *fill*         0x0800828d        0x3 
 .rodata.str1.4
                0x08008290        0xc Src/main.o
                0x0800829c                . = ALIGN (0x4)

.ARM.extab
 *(.ARM.extab* .gnu.linkonce.armextab.*)

.ARM            0x0800829c        0x8
                0x0800829c                __exidx_start = .
 *(.ARM.exidx*)
 .ARM.exidx     0x0800829c        0x8 c:/ac6/systemworkbench/plugins/fr.ac6.mcu.externaltools.arm-none.win32_1.17.0.201812190825/tools/compiler/bin/../lib/gcc/arm-none-eabi/7.3.1/thumb/v7e-m/fpv4-sp/hard\libgcc.a(_udivmoddi4.o)
                0x080082a4                __exidx_end = .

.rel.dyn        0x080082a4        0x0
 .rel.iplt      0x080082a4        0x0 c:/ac6/systemworkbench/plugins/fr.ac6.mcu.externaltools.arm-none.win32_1.17.0.201812190825/tools/compiler/bin/../lib/gcc/arm-none-eabi/7.3.1/thumb/v7e-m/fpv4-sp/hard/crtbegin.o

.preinit_array  0x080082a4        0x0
                0x080082a4                PROVIDE (__preinit_array_start = .)
 *(.preinit_array*)
                0x080082a4                PROVIDE (__preinit_array_end = .)

.init_array     0x080082a4        0x4
                0x080082a4                PROVIDE (__init_array_start = .)
 *(SORT_BY_NAME(.init_array.*))
 *(.init_array*)
 .init_array    0x080082a4        0x4 c:/ac6/systemworkbench/plugins/fr.ac6.mcu.externaltools.arm-none.win32_1.17.0.201812190825/tools/compiler/bin/../lib/gcc/arm-none-eabi/7.3.1/thumb/v7e-m/fpv4-sp/hard/crtbegin.o
                0x080082a8                PROVIDE (__init_array_end = .)

.fini_array     0x080082a8        0x4
                [!provide]                PROVIDE (__fini_array_start = .)
 *(SORT_BY_NAME(.fini_array.*))
 *(.fini_array*)
 .fini_array    0x080082a8        0x4 c:/ac6/systemworkbench/plugins/fr.ac6.mcu.externaltools.arm-none.win32_1.17.0.201812190825/tools/compiler/bin/../lib/gcc/arm-none-eabi/7.3.1/thumb/v7e-m/fpv4-sp/hard/crtbegin.o
                [!provide]                PROVIDE (__fini_array_end = .)
                0x080082ac                _sidata = LOADADDR (.data)

.data           0x20000000       0x14 load address 0x080082ac
                0x20000000                . = ALIGN (0x4)
                0x20000000                _sdata = .
 *(.data)
 .data          0x20000000        0x8 Drivers/STM32F4xx_HAL_Driver/Src/stm32f4xx_hal.o
                0x20000000                uwTickFreq
                0x20000004                uwTickPrio
 .data          0x20000008        0x4 Middlewares/Third_Party/FreeRTOS/Source/portable/GCC/ARM_CM4F/port.o
 .data          0x2000000c        0x1 Src/sd_diskio.o
 *fill*         0x2000000d        0x3 
 .data          0x20000010        0x4 Src/system_stm32f4xx.o
                0x20000010                SystemCoreClock
 *(.data*)
                0x20000014                . = ALIGN (0x4)
                0x20000014                _edata = .
                0x080082c0                _siccmram = LOADADDR (.ccmram)

.igot.plt       0x20000014        0x0 load address 0x080082c0
 .igot.plt      0x20000014        0x0 c:/ac6/systemworkbench/plugins/fr.ac6.mcu.externaltools.arm-none.win32_1.17.0.201812190825/tools/compiler/bin/../lib/gcc/arm-none-eabi/7.3.1/thumb/v7e-m/fpv4-sp/hard/crtbegin.o

.ccmram         0x10000000        0x0 load address 0x080082c0
                0x10000000                . = ALIGN (0x4)
                0x10000000                _sccmram = .
 *(.ccmram)
 *(.ccmram*)
                0x10000000                . = ALIGN (0x4)
                0x10000000                _eccmram = .
                0x10000000                . = ALIGN (0x4)

.bss            0x20000014     0x4904
                0x20000014                _sbss = .
                0x20000014                __bss_start__ = _sbss
 *(.bss)
 .bss           0x20000014       0x1c c:/ac6/systemworkbench/plugins/fr.ac6.mcu.externaltools.arm-none.win32_1.17.0.201812190825/tools/compiler/bin/../lib/gcc/arm-none-eabi/7.3.1/thumb/v7e-m/fpv4-sp/hard/crtbegin.o
 .bss           0x20000030        0xc Middlewares/Third_Party/FatFs/src/ff_gen_drv.o
                0x20000030                disk
 .bss           0x2000003c      0x128 Middlewares/Third_Party/FreeRTOS/Source/tasks.o
                0x2000013c                pxCurrentTCB
 .bss           0x20000164        0x8 Middlewares/Third_Party/FreeRTOS/Source/portable/GCC/ARM_CM4F/port.o
 .bss           0x2000016c     0x3c18 Middlewares/Third_Party/FreeRTOS/Source/portable/MemMang/heap_4.o
 .bss           0x20003d84      0x254 Src/freertos.o
 .bss           0x20003fd8      0x204 Src/sd_diskio.o
 .bss           0x200041dc        0x4 Src/stm32f4xx_hal_msp.o
 *(.bss*)
 *(COMMON)
 COMMON         0x200041e0        0x4 Drivers/STM32F4xx_HAL_Driver/Src/stm32f4xx_hal.o
                0x200041e0                uwTick
 COMMON         0x200041e4      0x114 Middlewares/Third_Party/FatFs/src/diskio.o
                0x200041e4                periph
                0x20004204                bms
                0x200042e8                wdawg
 COMMON         0x200042f8      0x46c Src/fatfs.o
                0x200042f8                retSD
                0x200042fc                SDPath
                0x20004300                SDFile
                0x20004530                SDFatFS
 COMMON         0x20004764      0x174 Src/main.o
                0x20004764                defaultTaskHandle
                0x20004768                hadc1
                0x200047b0                hcan2
                0x200047d8                hdac
                0x200047ec                htim1
                0x2000482c                hsd
                0x200048b0                hcan1
 COMMON         0x200048d8       0x40 Src/stm32f4xx_hal_timebase_tim.o
                0x200048d8                htim2
                0x20004918                . = ALIGN (0x4)
                0x20004918                _ebss = .
                0x20004918                __bss_end__ = _ebss

._user_heap_stack
                0x20004918      0x600
                0x20004918                . = ALIGN (0x8)
                0x20004918                PROVIDE (end = .)
                [!provide]                PROVIDE (_end = .)
                0x20004b18                . = (. + _Min_Heap_Size)
 *fill*         0x20004918      0x200 
                0x20004f18                . = (. + _Min_Stack_Size)
 *fill*         0x20004b18      0x400 
                0x20004f18                . = ALIGN (0x8)

/DISCARD/
 libc.a(*)
 libm.a(*)
 libgcc.a(*)

.ARM.attributes
                0x00000000       0x30
 *(.ARM.attributes)
 .ARM.attributes
                0x00000000       0x22 c:/ac6/systemworkbench/plugins/fr.ac6.mcu.externaltools.arm-none.win32_1.17.0.201812190825/tools/compiler/bin/../lib/gcc/arm-none-eabi/7.3.1/thumb/v7e-m/fpv4-sp/hard/crti.o
 .ARM.attributes
                0x00000022       0x34 c:/ac6/systemworkbench/plugins/fr.ac6.mcu.externaltools.arm-none.win32_1.17.0.201812190825/tools/compiler/bin/../lib/gcc/arm-none-eabi/7.3.1/thumb/v7e-m/fpv4-sp/hard/crtbegin.o
 .ARM.attributes
                0x00000056       0x39 Drivers/STM32F4xx_HAL_Driver/Src/stm32f4xx_hal.o
 .ARM.attributes
                0x0000008f       0x39 Drivers/STM32F4xx_HAL_Driver/Src/stm32f4xx_hal_adc.o
 .ARM.attributes
                0x000000c8       0x39 Drivers/STM32F4xx_HAL_Driver/Src/stm32f4xx_hal_can.o
 .ARM.attributes
                0x00000101       0x39 Drivers/STM32F4xx_HAL_Driver/Src/stm32f4xx_hal_cortex.o
 .ARM.attributes
                0x0000013a       0x39 Drivers/STM32F4xx_HAL_Driver/Src/stm32f4xx_hal_dac.o
 .ARM.attributes
                0x00000173       0x39 Drivers/STM32F4xx_HAL_Driver/Src/stm32f4xx_hal_dma.o
 .ARM.attributes
                0x000001ac       0x39 Drivers/STM32F4xx_HAL_Driver/Src/stm32f4xx_hal_gpio.o
 .ARM.attributes
                0x000001e5       0x39 Drivers/STM32F4xx_HAL_Driver/Src/stm32f4xx_hal_rcc.o
 .ARM.attributes
                0x0000021e       0x39 Drivers/STM32F4xx_HAL_Driver/Src/stm32f4xx_hal_sd.o
 .ARM.attributes
                0x00000257       0x39 Drivers/STM32F4xx_HAL_Driver/Src/stm32f4xx_hal_tim.o
 .ARM.attributes
                0x00000290       0x39 Drivers/STM32F4xx_HAL_Driver/Src/stm32f4xx_hal_tim_ex.o
 .ARM.attributes
                0x000002c9       0x39 Drivers/STM32F4xx_HAL_Driver/Src/stm32f4xx_ll_sdmmc.o
 .ARM.attributes
                0x00000302       0x39 Middlewares/Third_Party/FatFs/src/diskio.o
 .ARM.attributes
                0x0000033b       0x39 Middlewares/Third_Party/FatFs/src/ff_gen_drv.o
 .ARM.attributes
                0x00000374       0x39 Middlewares/Third_Party/FreeRTOS/Source/CMSIS_RTOS/cmsis_os.o
 .ARM.attributes
                0x000003ad       0x39 Middlewares/Third_Party/FreeRTOS/Source/list.o
 .ARM.attributes
                0x000003e6       0x39 Middlewares/Third_Party/FreeRTOS/Source/queue.o
 .ARM.attributes
                0x0000041f       0x39 Middlewares/Third_Party/FreeRTOS/Source/tasks.o
 .ARM.attributes
                0x00000458       0x39 Middlewares/Third_Party/FreeRTOS/Source/portable/GCC/ARM_CM4F/port.o
 .ARM.attributes
                0x00000491       0x39 Middlewares/Third_Party/FreeRTOS/Source/portable/MemMang/heap_4.o
 .ARM.attributes
                0x000004ca       0x39 Src/adc_isense.o
 .ARM.attributes
                0x00000503       0x39 Src/bms.o
 .ARM.attributes
                0x0000053c       0x39 Src/bms_can.o
 .ARM.attributes
                0x00000575       0x39 Src/bsp_driver_sd.o
 .ARM.attributes
                0x000005ae       0x39 Src/charging.o
 .ARM.attributes
                0x000005e7       0x39 Src/coulomb_counting.o
 .ARM.attributes
                0x00000620       0x39 Src/dcan.o
 .ARM.attributes
                0x00000659       0x39 Src/fatfs.o
 .ARM.attributes
                0x00000692       0x39 Src/fatfs_platform.o
 .ARM.attributes
                0x000006cb       0x39 Src/freertos.o
 .ARM.attributes
                0x00000704       0x39 Src/main.o
 .ARM.attributes
                0x0000073d       0x39 Src/sd_diskio.o
 .ARM.attributes
                0x00000776       0x39 Src/stm32f4xx_hal_msp.o
 .ARM.attributes
                0x000007af       0x39 Src/stm32f4xx_hal_timebase_tim.o
 .ARM.attributes
                0x000007e8       0x39 Src/stm32f4xx_it.o
 .ARM.attributes
                0x00000821       0x39 Src/system_stm32f4xx.o
 .ARM.attributes
                0x0000085a       0x39 Src/tim_fan_pwm.o
 .ARM.attributes
                0x00000893       0x21 startup/startup_stm32f407xx.o
 .ARM.attributes
                0x000008b4       0x22 c:/ac6/systemworkbench/plugins/fr.ac6.mcu.externaltools.arm-none.win32_1.17.0.201812190825/tools/compiler/bin/../lib/gcc/arm-none-eabi/7.3.1/thumb/v7e-m/fpv4-sp/hard\libgcc.a(_arm_addsubdf3.o)
 .ARM.attributes
                0x000008d6       0x22 c:/ac6/systemworkbench/plugins/fr.ac6.mcu.externaltools.arm-none.win32_1.17.0.201812190825/tools/compiler/bin/../lib/gcc/arm-none-eabi/7.3.1/thumb/v7e-m/fpv4-sp/hard\libgcc.a(_arm_muldivdf3.o)
 .ARM.attributes
                0x000008f8       0x22 c:/ac6/systemworkbench/plugins/fr.ac6.mcu.externaltools.arm-none.win32_1.17.0.201812190825/tools/compiler/bin/../lib/gcc/arm-none-eabi/7.3.1/thumb/v7e-m/fpv4-sp/hard\libgcc.a(_arm_fixdfsi.o)
 .ARM.attributes
                0x0000091a       0x22 c:/ac6/systemworkbench/plugins/fr.ac6.mcu.externaltools.arm-none.win32_1.17.0.201812190825/tools/compiler/bin/../lib/gcc/arm-none-eabi/7.3.1/thumb/v7e-m/fpv4-sp/hard\libgcc.a(_aeabi_uldivmod.o)
 .ARM.attributes
                0x0000093c       0x34 c:/ac6/systemworkbench/plugins/fr.ac6.mcu.externaltools.arm-none.win32_1.17.0.201812190825/tools/compiler/bin/../lib/gcc/arm-none-eabi/7.3.1/thumb/v7e-m/fpv4-sp/hard\libgcc.a(_udivmoddi4.o)
 .ARM.attributes
                0x00000970       0x22 c:/ac6/systemworkbench/plugins/fr.ac6.mcu.externaltools.arm-none.win32_1.17.0.201812190825/tools/compiler/bin/../lib/gcc/arm-none-eabi/7.3.1/thumb/v7e-m/fpv4-sp/hard\libgcc.a(_dvmd_tls.o)
 .ARM.attributes
                0x00000992       0x34 c:/ac6/systemworkbench/plugins/fr.ac6.mcu.externaltools.arm-none.win32_1.17.0.201812190825/tools/compiler/bin/../lib/gcc/arm-none-eabi/7.3.1/../../../../arm-none-eabi/lib/thumb/v7e-m/fpv4-sp/hard\libc_nano.a(lib_a-init.o)
 .ARM.attributes
                0x000009c6       0x34 c:/ac6/systemworkbench/plugins/fr.ac6.mcu.externaltools.arm-none.win32_1.17.0.201812190825/tools/compiler/bin/../lib/gcc/arm-none-eabi/7.3.1/../../../../arm-none-eabi/lib/thumb/v7e-m/fpv4-sp/hard\libc_nano.a(lib_a-memcpy-stub.o)
 .ARM.attributes
                0x000009fa       0x34 c:/ac6/systemworkbench/plugins/fr.ac6.mcu.externaltools.arm-none.win32_1.17.0.201812190825/tools/compiler/bin/../lib/gcc/arm-none-eabi/7.3.1/../../../../arm-none-eabi/lib/thumb/v7e-m/fpv4-sp/hard\libc_nano.a(lib_a-memset.o)
 .ARM.attributes
                0x00000a2e       0x22 c:/ac6/systemworkbench/plugins/fr.ac6.mcu.externaltools.arm-none.win32_1.17.0.201812190825/tools/compiler/bin/../lib/gcc/arm-none-eabi/7.3.1/thumb/v7e-m/fpv4-sp/hard/crtn.o
OUTPUT(BMS_Master_Test.elf elf32-littlearm)

.debug_info     0x00000000    0x3ba2e
 .debug_info    0x00000000      0x9cc Drivers/STM32F4xx_HAL_Driver/Src/stm32f4xx_hal.o
 .debug_info    0x000009cc      0xdc1 Drivers/STM32F4xx_HAL_Driver/Src/stm32f4xx_hal_adc.o
 .debug_info    0x0000178d     0x10f1 Drivers/STM32F4xx_HAL_Driver/Src/stm32f4xx_hal_can.o
 .debug_info    0x0000287e      0xf3a Drivers/STM32F4xx_HAL_Driver/Src/stm32f4xx_hal_cortex.o
 .debug_info    0x000037b8      0xad5 Drivers/STM32F4xx_HAL_Driver/Src/stm32f4xx_hal_dac.o
 .debug_info    0x0000428d      0xa5b Drivers/STM32F4xx_HAL_Driver/Src/stm32f4xx_hal_dma.o
 .debug_info    0x00004ce8      0x770 Drivers/STM32F4xx_HAL_Driver/Src/stm32f4xx_hal_gpio.o
 .debug_info    0x00005458      0xa39 Drivers/STM32F4xx_HAL_Driver/Src/stm32f4xx_hal_rcc.o
 .debug_info    0x00005e91     0x224a Drivers/STM32F4xx_HAL_Driver/Src/stm32f4xx_hal_sd.o
 .debug_info    0x000080db     0x3188 Drivers/STM32F4xx_HAL_Driver/Src/stm32f4xx_hal_tim.o
 .debug_info    0x0000b263     0x1497 Drivers/STM32F4xx_HAL_Driver/Src/stm32f4xx_hal_tim_ex.o
 .debug_info    0x0000c6fa     0x163a Drivers/STM32F4xx_HAL_Driver/Src/stm32f4xx_ll_sdmmc.o
 .debug_info    0x0000dd34     0x21c6 Middlewares/Third_Party/FatFs/src/diskio.o
 .debug_info    0x0000fefa     0x2145 Middlewares/Third_Party/FatFs/src/ff_gen_drv.o
 .debug_info    0x0001203f     0x2757 Middlewares/Third_Party/FreeRTOS/Source/CMSIS_RTOS/cmsis_os.o
 .debug_info    0x00014796      0xad2 Middlewares/Third_Party/FreeRTOS/Source/list.o
 .debug_info    0x00015268     0x27c2 Middlewares/Third_Party/FreeRTOS/Source/queue.o
 .debug_info    0x00017a2a     0x2e05 Middlewares/Third_Party/FreeRTOS/Source/tasks.o
 .debug_info    0x0001a82f      0x56f Middlewares/Third_Party/FreeRTOS/Source/portable/GCC/ARM_CM4F/port.o
 .debug_info    0x0001ad9e      0xc71 Middlewares/Third_Party/FreeRTOS/Source/portable/MemMang/heap_4.o
 .debug_info    0x0001ba0f     0x20ec Src/adc_isense.o
 .debug_info    0x0001dafb     0x2ed3 Src/bms.o
 .debug_info    0x000209ce     0x24b7 Src/bms_can.o
 .debug_info    0x00022e85      0xc5f Src/bsp_driver_sd.o
 .debug_info    0x00023ae4     0x208b Src/charging.o
 .debug_info    0x00025b6f     0x1f4f Src/coulomb_counting.o
 .debug_info    0x00027abe     0x27bb Src/dcan.o
 .debug_info    0x0002a279     0x2255 Src/fatfs.o
 .debug_info    0x0002c4ce      0x23d Src/fatfs_platform.o
 .debug_info    0x0002c70b     0x1fc2 Src/freertos.o
 .debug_info    0x0002e6cd     0x3275 Src/main.o
 .debug_info    0x00031942     0x2823 Src/sd_diskio.o
 .debug_info    0x00034165     0x29b0 Src/stm32f4xx_hal_msp.o
 .debug_info    0x00036b15      0xbad Src/stm32f4xx_hal_timebase_tim.o
 .debug_info    0x000376c2     0x1ebe Src/stm32f4xx_it.o
 .debug_info    0x00039580      0x507 Src/system_stm32f4xx.o
 .debug_info    0x00039a87     0x1f85 Src/tim_fan_pwm.o
 .debug_info    0x0003ba0c       0x22 startup/startup_stm32f407xx.o

.debug_abbrev   0x00000000     0x62aa
 .debug_abbrev  0x00000000      0x1f1 Drivers/STM32F4xx_HAL_Driver/Src/stm32f4xx_hal.o
 .debug_abbrev  0x000001f1      0x242 Drivers/STM32F4xx_HAL_Driver/Src/stm32f4xx_hal_adc.o
 .debug_abbrev  0x00000433      0x261 Drivers/STM32F4xx_HAL_Driver/Src/stm32f4xx_hal_can.o
 .debug_abbrev  0x00000694      0x328 Drivers/STM32F4xx_HAL_Driver/Src/stm32f4xx_hal_cortex.o
 .debug_abbrev  0x000009bc      0x203 Drivers/STM32F4xx_HAL_Driver/Src/stm32f4xx_hal_dac.o
 .debug_abbrev  0x00000bbf      0x290 Drivers/STM32F4xx_HAL_Driver/Src/stm32f4xx_hal_dma.o
 .debug_abbrev  0x00000e4f      0x1e7 Drivers/STM32F4xx_HAL_Driver/Src/stm32f4xx_hal_gpio.o
 .debug_abbrev  0x00001036      0x273 Drivers/STM32F4xx_HAL_Driver/Src/stm32f4xx_hal_rcc.o
 .debug_abbrev  0x000012a9      0x262 Drivers/STM32F4xx_HAL_Driver/Src/stm32f4xx_hal_sd.o
 .debug_abbrev  0x0000150b      0x226 Drivers/STM32F4xx_HAL_Driver/Src/stm32f4xx_hal_tim.o
 .debug_abbrev  0x00001731      0x237 Drivers/STM32F4xx_HAL_Driver/Src/stm32f4xx_hal_tim_ex.o
 .debug_abbrev  0x00001968      0x1e8 Drivers/STM32F4xx_HAL_Driver/Src/stm32f4xx_ll_sdmmc.o
 .debug_abbrev  0x00001b50      0x2f3 Middlewares/Third_Party/FatFs/src/diskio.o
 .debug_abbrev  0x00001e43      0x2e7 Middlewares/Third_Party/FatFs/src/ff_gen_drv.o
 .debug_abbrev  0x0000212a      0x3d4 Middlewares/Third_Party/FreeRTOS/Source/CMSIS_RTOS/cmsis_os.o
 .debug_abbrev  0x000024fe      0x223 Middlewares/Third_Party/FreeRTOS/Source/list.o
 .debug_abbrev  0x00002721      0x3ce Middlewares/Third_Party/FreeRTOS/Source/queue.o
 .debug_abbrev  0x00002aef      0x3b1 Middlewares/Third_Party/FreeRTOS/Source/tasks.o
 .debug_abbrev  0x00002ea0      0x23d Middlewares/Third_Party/FreeRTOS/Source/portable/GCC/ARM_CM4F/port.o
 .debug_abbrev  0x000030dd      0x318 Middlewares/Third_Party/FreeRTOS/Source/portable/MemMang/heap_4.o
 .debug_abbrev  0x000033f5      0x2e3 Src/adc_isense.o
 .debug_abbrev  0x000036d8      0x3b4 Src/bms.o
 .debug_abbrev  0x00003a8c      0x353 Src/bms_can.o
 .debug_abbrev  0x00003ddf      0x26f Src/bsp_driver_sd.o
 .debug_abbrev  0x0000404e      0x2f0 Src/charging.o
 .debug_abbrev  0x0000433e      0x2a0 Src/coulomb_counting.o
 .debug_abbrev  0x000045de      0x37a Src/dcan.o
 .debug_abbrev  0x00004958      0x2b0 Src/fatfs.o
 .debug_abbrev  0x00004c08      0x121 Src/fatfs_platform.o
 .debug_abbrev  0x00004d29      0x25c Src/freertos.o
 .debug_abbrev  0x00004f85      0x3ce Src/main.o
 .debug_abbrev  0x00005353      0x3eb Src/sd_diskio.o
 .debug_abbrev  0x0000573e      0x315 Src/stm32f4xx_hal_msp.o
 .debug_abbrev  0x00005a53      0x1f0 Src/stm32f4xx_hal_timebase_tim.o
 .debug_abbrev  0x00005c43      0x272 Src/stm32f4xx_it.o
 .debug_abbrev  0x00005eb5      0x111 Src/system_stm32f4xx.o
 .debug_abbrev  0x00005fc6      0x2d2 Src/tim_fan_pwm.o
 .debug_abbrev  0x00006298       0x12 startup/startup_stm32f407xx.o

.debug_loc      0x00000000    0x10eb7
 .debug_loc     0x00000000       0xfd Drivers/STM32F4xx_HAL_Driver/Src/stm32f4xx_hal.o
 .debug_loc     0x000000fd      0x9b4 Drivers/STM32F4xx_HAL_Driver/Src/stm32f4xx_hal_adc.o
 .debug_loc     0x00000ab1      0xc47 Drivers/STM32F4xx_HAL_Driver/Src/stm32f4xx_hal_can.o
 .debug_loc     0x000016f8      0x5ce Drivers/STM32F4xx_HAL_Driver/Src/stm32f4xx_hal_cortex.o
 .debug_loc     0x00001cc6      0x756 Drivers/STM32F4xx_HAL_Driver/Src/stm32f4xx_hal_dac.o
 .debug_loc     0x0000241c      0xb4e Drivers/STM32F4xx_HAL_Driver/Src/stm32f4xx_hal_dma.o
 .debug_loc     0x00002f6a      0x497 Drivers/STM32F4xx_HAL_Driver/Src/stm32f4xx_hal_gpio.o
 .debug_loc     0x00003401      0x3f1 Drivers/STM32F4xx_HAL_Driver/Src/stm32f4xx_hal_rcc.o
 .debug_loc     0x000037f2     0x1ea7 Drivers/STM32F4xx_HAL_Driver/Src/stm32f4xx_hal_sd.o
 .debug_loc     0x00005699     0x3888 Drivers/STM32F4xx_HAL_Driver/Src/stm32f4xx_hal_tim.o
 .debug_loc     0x00008f21     0x11b6 Drivers/STM32F4xx_HAL_Driver/Src/stm32f4xx_hal_tim_ex.o
 .debug_loc     0x0000a0d7     0x10ed Drivers/STM32F4xx_HAL_Driver/Src/stm32f4xx_ll_sdmmc.o
 .debug_loc     0x0000b1c4      0x1f1 Middlewares/Third_Party/FatFs/src/diskio.o
 .debug_loc     0x0000b3b5      0x24a Middlewares/Third_Party/FatFs/src/ff_gen_drv.o
 .debug_loc     0x0000b5ff      0xfc9 Middlewares/Third_Party/FreeRTOS/Source/CMSIS_RTOS/cmsis_os.o
 .debug_loc     0x0000c5c8       0x70 Middlewares/Third_Party/FreeRTOS/Source/list.o
 .debug_loc     0x0000c638     0x1114 Middlewares/Third_Party/FreeRTOS/Source/queue.o
 .debug_loc     0x0000d74c     0x1633 Middlewares/Third_Party/FreeRTOS/Source/tasks.o
 .debug_loc     0x0000ed7f       0xdc Middlewares/Third_Party/FreeRTOS/Source/portable/GCC/ARM_CM4F/port.o
 .debug_loc     0x0000ee5b      0x291 Middlewares/Third_Party/FreeRTOS/Source/portable/MemMang/heap_4.o
 .debug_loc     0x0000f0ec      0x14a Src/adc_isense.o
 .debug_loc     0x0000f236      0x519 Src/bms.o
 .debug_loc     0x0000f74f      0x162 Src/bms_can.o
 .debug_loc     0x0000f8b1      0x417 Src/bsp_driver_sd.o
 .debug_loc     0x0000fcc8      0x175 Src/charging.o
 .debug_loc     0x0000fe3d      0x1db Src/coulomb_counting.o
 .debug_loc     0x00010018      0x502 Src/dcan.o
 .debug_loc     0x0001051a       0x2b Src/fatfs_platform.o
 .debug_loc     0x00010545       0x5b Src/main.o
 .debug_loc     0x000105a0      0x487 Src/sd_diskio.o
 .debug_loc     0x00010a27      0x247 Src/stm32f4xx_hal_msp.o
 .debug_loc     0x00010c6e       0x6a Src/stm32f4xx_hal_timebase_tim.o
 .debug_loc     0x00010cd8      0x13e Src/system_stm32f4xx.o
 .debug_loc     0x00010e16       0xa1 Src/tim_fan_pwm.o

.debug_aranges  0x00000000     0x1938
 .debug_aranges
                0x00000000       0xf0 Drivers/STM32F4xx_HAL_Driver/Src/stm32f4xx_hal.o
 .debug_aranges
                0x000000f0       0xe8 Drivers/STM32F4xx_HAL_Driver/Src/stm32f4xx_hal_adc.o
 .debug_aranges
                0x000001d8      0x138 Drivers/STM32F4xx_HAL_Driver/Src/stm32f4xx_hal_can.o
 .debug_aranges
                0x00000310       0xa8 Drivers/STM32F4xx_HAL_Driver/Src/stm32f4xx_hal_cortex.o
 .debug_aranges
                0x000003b8       0xc0 Drivers/STM32F4xx_HAL_Driver/Src/stm32f4xx_hal_dac.o
 .debug_aranges
                0x00000478       0x90 Drivers/STM32F4xx_HAL_Driver/Src/stm32f4xx_hal_dma.o
 .debug_aranges
                0x00000508       0x58 Drivers/STM32F4xx_HAL_Driver/Src/stm32f4xx_hal_gpio.o
 .debug_aranges
                0x00000560       0x88 Drivers/STM32F4xx_HAL_Driver/Src/stm32f4xx_hal_rcc.o
 .debug_aranges
                0x000005e8      0x168 Drivers/STM32F4xx_HAL_Driver/Src/stm32f4xx_hal_sd.o
 .debug_aranges
                0x00000750      0x3a8 Drivers/STM32F4xx_HAL_Driver/Src/stm32f4xx_hal_tim.o
 .debug_aranges
                0x00000af8      0x150 Drivers/STM32F4xx_HAL_Driver/Src/stm32f4xx_hal_tim_ex.o
 .debug_aranges
                0x00000c48      0x178 Drivers/STM32F4xx_HAL_Driver/Src/stm32f4xx_ll_sdmmc.o
 .debug_aranges
                0x00000dc0       0x48 Middlewares/Third_Party/FatFs/src/diskio.o
 .debug_aranges
                0x00000e08       0x40 Middlewares/Third_Party/FatFs/src/ff_gen_drv.o
 .debug_aranges
                0x00000e48      0x1d8 Middlewares/Third_Party/FreeRTOS/Source/CMSIS_RTOS/cmsis_os.o
 .debug_aranges
                0x00001020       0x40 Middlewares/Third_Party/FreeRTOS/Source/list.o
 .debug_aranges
                0x00001060      0x108 Middlewares/Third_Party/FreeRTOS/Source/queue.o
 .debug_aranges
                0x00001168      0x1b0 Middlewares/Third_Party/FreeRTOS/Source/tasks.o
 .debug_aranges
                0x00001318       0x80 Middlewares/Third_Party/FreeRTOS/Source/portable/GCC/ARM_CM4F/port.o
 .debug_aranges
                0x00001398       0x50 Middlewares/Third_Party/FreeRTOS/Source/portable/MemMang/heap_4.o
 .debug_aranges
                0x000013e8       0x40 Src/adc_isense.o
 .debug_aranges
                0x00001428       0x78 Src/bms.o
 .debug_aranges
                0x000014a0       0x48 Src/bms_can.o
 .debug_aranges
                0x000014e8       0xc0 Src/bsp_driver_sd.o
 .debug_aranges
                0x000015a8       0x30 Src/charging.o
 .debug_aranges
                0x000015d8       0x20 Src/coulomb_counting.o
 .debug_aranges
                0x000015f8       0x80 Src/dcan.o
 .debug_aranges
                0x00001678       0x28 Src/fatfs.o
 .debug_aranges
                0x000016a0       0x20 Src/fatfs_platform.o
 .debug_aranges
                0x000016c0       0x20 Src/freertos.o
 .debug_aranges
                0x000016e0       0x78 Src/main.o
 .debug_aranges
                0x00001758       0x60 Src/sd_diskio.o
 .debug_aranges
                0x000017b8       0x78 Src/stm32f4xx_hal_msp.o
 .debug_aranges
                0x00001830       0x30 Src/stm32f4xx_hal_timebase_tim.o
 .debug_aranges
                0x00001860       0x50 Src/stm32f4xx_it.o
 .debug_aranges
                0x000018b0       0x28 Src/system_stm32f4xx.o
 .debug_aranges
                0x000018d8       0x38 Src/tim_fan_pwm.o
 .debug_aranges
                0x00001910       0x28 startup/startup_stm32f407xx.o

.debug_ranges   0x00000000     0x1928
 .debug_ranges  0x00000000       0xe0 Drivers/STM32F4xx_HAL_Driver/Src/stm32f4xx_hal.o
 .debug_ranges  0x000000e0       0xd8 Drivers/STM32F4xx_HAL_Driver/Src/stm32f4xx_hal_adc.o
 .debug_ranges  0x000001b8      0x128 Drivers/STM32F4xx_HAL_Driver/Src/stm32f4xx_hal_can.o
 .debug_ranges  0x000002e0       0xf8 Drivers/STM32F4xx_HAL_Driver/Src/stm32f4xx_hal_cortex.o
 .debug_ranges  0x000003d8       0xb0 Drivers/STM32F4xx_HAL_Driver/Src/stm32f4xx_hal_dac.o
 .debug_ranges  0x00000488       0x80 Drivers/STM32F4xx_HAL_Driver/Src/stm32f4xx_hal_dma.o
 .debug_ranges  0x00000508       0x48 Drivers/STM32F4xx_HAL_Driver/Src/stm32f4xx_hal_gpio.o
 .debug_ranges  0x00000550       0x90 Drivers/STM32F4xx_HAL_Driver/Src/stm32f4xx_hal_rcc.o
 .debug_ranges  0x000005e0      0x158 Drivers/STM32F4xx_HAL_Driver/Src/stm32f4xx_hal_sd.o
 .debug_ranges  0x00000738      0x398 Drivers/STM32F4xx_HAL_Driver/Src/stm32f4xx_hal_tim.o
 .debug_ranges  0x00000ad0      0x140 Drivers/STM32F4xx_HAL_Driver/Src/stm32f4xx_hal_tim_ex.o
 .debug_ranges  0x00000c10      0x168 Drivers/STM32F4xx_HAL_Driver/Src/stm32f4xx_ll_sdmmc.o
 .debug_ranges  0x00000d78       0x38 Middlewares/Third_Party/FatFs/src/diskio.o
 .debug_ranges  0x00000db0       0x30 Middlewares/Third_Party/FatFs/src/ff_gen_drv.o
 .debug_ranges  0x00000de0      0x1c8 Middlewares/Third_Party/FreeRTOS/Source/CMSIS_RTOS/cmsis_os.o
 .debug_ranges  0x00000fa8       0x30 Middlewares/Third_Party/FreeRTOS/Source/list.o
 .debug_ranges  0x00000fd8      0x1d8 Middlewares/Third_Party/FreeRTOS/Source/queue.o
 .debug_ranges  0x000011b0      0x228 Middlewares/Third_Party/FreeRTOS/Source/tasks.o
 .debug_ranges  0x000013d8       0x70 Middlewares/Third_Party/FreeRTOS/Source/portable/GCC/ARM_CM4F/port.o
 .debug_ranges  0x00001448       0x40 Middlewares/Third_Party/FreeRTOS/Source/portable/MemMang/heap_4.o
 .debug_ranges  0x00001488       0x30 Src/adc_isense.o
 .debug_ranges  0x000014b8       0x68 Src/bms.o
 .debug_ranges  0x00001520       0x38 Src/bms_can.o
 .debug_ranges  0x00001558       0xb0 Src/bsp_driver_sd.o
 .debug_ranges  0x00001608       0x20 Src/charging.o
 .debug_ranges  0x00001628       0x10 Src/coulomb_counting.o
 .debug_ranges  0x00001638       0x70 Src/dcan.o
 .debug_ranges  0x000016a8       0x18 Src/fatfs.o
 .debug_ranges  0x000016c0       0x10 Src/fatfs_platform.o
 .debug_ranges  0x000016d0       0x10 Src/freertos.o
 .debug_ranges  0x000016e0       0x68 Src/main.o
 .debug_ranges  0x00001748       0xb8 Src/sd_diskio.o
 .debug_ranges  0x00001800       0x68 Src/stm32f4xx_hal_msp.o
 .debug_ranges  0x00001868       0x20 Src/stm32f4xx_hal_timebase_tim.o
 .debug_ranges  0x00001888       0x40 Src/stm32f4xx_it.o
 .debug_ranges  0x000018c8       0x18 Src/system_stm32f4xx.o
 .debug_ranges  0x000018e0       0x28 Src/tim_fan_pwm.o
 .debug_ranges  0x00001908       0x20 startup/startup_stm32f407xx.o

.debug_macro    0x00000000    0x29ab5
 .debug_macro   0x00000000      0x279 Drivers/STM32F4xx_HAL_Driver/Src/stm32f4xx_hal.o
 .debug_macro   0x00000279      0xa60 Drivers/STM32F4xx_HAL_Driver/Src/stm32f4xx_hal.o
 .debug_macro   0x00000cd9      0x19c Drivers/STM32F4xx_HAL_Driver/Src/stm32f4xx_hal.o
 .debug_macro   0x00000e75       0x32 Drivers/STM32F4xx_HAL_Driver/Src/stm32f4xx_hal.o
 .debug_macro   0x00000ea7       0x2f Drivers/STM32F4xx_HAL_Driver/Src/stm32f4xx_hal.o
 .debug_macro   0x00000ed6       0x22 Drivers/STM32F4xx_HAL_Driver/Src/stm32f4xx_hal.o
 .debug_macro   0x00000ef8       0x8e Drivers/STM32F4xx_HAL_Driver/Src/stm32f4xx_hal.o
 .debug_macro   0x00000f86       0x51 Drivers/STM32F4xx_HAL_Driver/Src/stm32f4xx_hal.o
 .debug_macro   0x00000fd7       0xef Drivers/STM32F4xx_HAL_Driver/Src/stm32f4xx_hal.o
 .debug_macro   0x000010c6       0x6a Drivers/STM32F4xx_HAL_Driver/Src/stm32f4xx_hal.o
 .debug_macro   0x00001130      0x1df Drivers/STM32F4xx_HAL_Driver/Src/stm32f4xx_hal.o
 .debug_macro   0x0000130f       0x1c Drivers/STM32F4xx_HAL_Driver/Src/stm32f4xx_hal.o
 .debug_macro   0x0000132b       0x22 Drivers/STM32F4xx_HAL_Driver/Src/stm32f4xx_hal.o
 .debug_macro   0x0000134d       0xdf Drivers/STM32F4xx_HAL_Driver/Src/stm32f4xx_hal.o
 .debug_macro   0x0000142c     0x102d Drivers/STM32F4xx_HAL_Driver/Src/stm32f4xx_hal.o
 .debug_macro   0x00002459      0x11f Drivers/STM32F4xx_HAL_Driver/Src/stm32f4xx_hal.o
 .debug_macro   0x00002578    0x15e43 Drivers/STM32F4xx_HAL_Driver/Src/stm32f4xx_hal.o
 .debug_macro   0x000183bb       0x43 Drivers/STM32F4xx_HAL_Driver/Src/stm32f4xx_hal.o
 .debug_macro   0x000183fe     0x35d4 Drivers/STM32F4xx_HAL_Driver/Src/stm32f4xx_hal.o
 .debug_macro   0x0001b9d2      0x174 Drivers/STM32F4xx_HAL_Driver/Src/stm32f4xx_hal.o
 .debug_macro   0x0001bb46       0x4e Drivers/STM32F4xx_HAL_Driver/Src/stm32f4xx_hal.o
 .debug_macro   0x0001bb94      0x96b Drivers/STM32F4xx_HAL_Driver/Src/stm32f4xx_hal.o
 .debug_macro   0x0001c4ff      0x9fe Drivers/STM32F4xx_HAL_Driver/Src/stm32f4xx_hal.o
 .debug_macro   0x0001cefd       0xed Drivers/STM32F4xx_HAL_Driver/Src/stm32f4xx_hal.o
 .debug_macro   0x0001cfea      0x117 Drivers/STM32F4xx_HAL_Driver/Src/stm32f4xx_hal.o
 .debug_macro   0x0001d101      0x13e Drivers/STM32F4xx_HAL_Driver/Src/stm32f4xx_hal.o
 .debug_macro   0x0001d23f       0x27 Drivers/STM32F4xx_HAL_Driver/Src/stm32f4xx_hal.o
 .debug_macro   0x0001d266      0x287 Drivers/STM32F4xx_HAL_Driver/Src/stm32f4xx_hal.o
 .debug_macro   0x0001d4ed       0x5f Drivers/STM32F4xx_HAL_Driver/Src/stm32f4xx_hal.o
 .debug_macro   0x0001d54c      0x236 Drivers/STM32F4xx_HAL_Driver/Src/stm32f4xx_hal.o
 .debug_macro   0x0001d782      0x391 Drivers/STM32F4xx_HAL_Driver/Src/stm32f4xx_hal.o
 .debug_macro   0x0001db13      0x176 Drivers/STM32F4xx_HAL_Driver/Src/stm32f4xx_hal.o
 .debug_macro   0x0001dc89       0xf9 Drivers/STM32F4xx_HAL_Driver/Src/stm32f4xx_hal.o
 .debug_macro   0x0001dd82      0x40f Drivers/STM32F4xx_HAL_Driver/Src/stm32f4xx_hal.o
 .debug_macro   0x0001e191       0xea Drivers/STM32F4xx_HAL_Driver/Src/stm32f4xx_hal.o
 .debug_macro   0x0001e27b       0xa0 Drivers/STM32F4xx_HAL_Driver/Src/stm32f4xx_hal.o
 .debug_macro   0x0001e31b       0x3c Drivers/STM32F4xx_HAL_Driver/Src/stm32f4xx_hal.o
 .debug_macro   0x0001e357      0x12c Drivers/STM32F4xx_HAL_Driver/Src/stm32f4xx_hal.o
 .debug_macro   0x0001e483      0x21e Drivers/STM32F4xx_HAL_Driver/Src/stm32f4xx_hal.o
 .debug_macro   0x0001e6a1       0x2e Drivers/STM32F4xx_HAL_Driver/Src/stm32f4xx_hal.o
 .debug_macro   0x0001e6cf      0x11a Drivers/STM32F4xx_HAL_Driver/Src/stm32f4xx_hal.o
 .debug_macro   0x0001e7e9       0x7e Drivers/STM32F4xx_HAL_Driver/Src/stm32f4xx_hal.o
 .debug_macro   0x0001e867       0x89 Drivers/STM32F4xx_HAL_Driver/Src/stm32f4xx_hal.o
 .debug_macro   0x0001e8f0      0x845 Drivers/STM32F4xx_HAL_Driver/Src/stm32f4xx_hal.o
 .debug_macro   0x0001f135      0x19f Drivers/STM32F4xx_HAL_Driver/Src/stm32f4xx_hal.o
 .debug_macro   0x0001f2d4      0x87d Drivers/STM32F4xx_HAL_Driver/Src/stm32f4xx_hal.o
 .debug_macro   0x0001fb51       0x47 Drivers/STM32F4xx_HAL_Driver/Src/stm32f4xx_hal.o
 .debug_macro   0x0001fb98      0x12d Drivers/STM32F4xx_HAL_Driver/Src/stm32f4xx_hal.o
 .debug_macro   0x0001fcc5      0x21a Drivers/STM32F4xx_HAL_Driver/Src/stm32f4xx_hal_adc.o
 .debug_macro   0x0001fedf      0x221 Drivers/STM32F4xx_HAL_Driver/Src/stm32f4xx_hal_can.o
 .debug_macro   0x00020100      0x219 Drivers/STM32F4xx_HAL_Driver/Src/stm32f4xx_hal_cortex.o
 .debug_macro   0x00020319      0x21a Drivers/STM32F4xx_HAL_Driver/Src/stm32f4xx_hal_dac.o
 .debug_macro   0x00020533      0x21f Drivers/STM32F4xx_HAL_Driver/Src/stm32f4xx_hal_dma.o
 .debug_macro   0x00020752      0x24f Drivers/STM32F4xx_HAL_Driver/Src/stm32f4xx_hal_gpio.o
 .debug_macro   0x000209a1      0x23d Drivers/STM32F4xx_HAL_Driver/Src/stm32f4xx_hal_rcc.o
 .debug_macro   0x00020bde      0x21a Drivers/STM32F4xx_HAL_Driver/Src/stm32f4xx_hal_sd.o
 .debug_macro   0x00020df8      0x21a Drivers/STM32F4xx_HAL_Driver/Src/stm32f4xx_hal_tim.o
 .debug_macro   0x00021012      0x219 Drivers/STM32F4xx_HAL_Driver/Src/stm32f4xx_hal_tim_ex.o
 .debug_macro   0x0002122b      0x21a Drivers/STM32F4xx_HAL_Driver/Src/stm32f4xx_ll_sdmmc.o
 .debug_macro   0x00021445      0x549 Middlewares/Third_Party/FatFs/src/diskio.o
 .debug_macro   0x0002198e       0x16 Middlewares/Third_Party/FatFs/src/diskio.o
 .debug_macro   0x000219a4       0x7c Middlewares/Third_Party/FatFs/src/diskio.o
 .debug_macro   0x00021a20       0xd6 Middlewares/Third_Party/FatFs/src/diskio.o
 .debug_macro   0x00021af6      0x15a Middlewares/Third_Party/FatFs/src/diskio.o
 .debug_macro   0x00021c50       0xd7 Middlewares/Third_Party/FatFs/src/diskio.o
 .debug_macro   0x00021d27       0x10 Middlewares/Third_Party/FatFs/src/diskio.o
 .debug_macro   0x00021d37       0x1f Middlewares/Third_Party/FatFs/src/diskio.o
 .debug_macro   0x00021d56      0x4b7 Middlewares/Third_Party/FatFs/src/diskio.o
 .debug_macro   0x0002220d       0xb5 Middlewares/Third_Party/FatFs/src/diskio.o
 .debug_macro   0x000222c2       0x8c Middlewares/Third_Party/FatFs/src/diskio.o
 .debug_macro   0x0002234e       0x91 Middlewares/Third_Party/FatFs/src/diskio.o
 .debug_macro   0x000223df       0x8d Middlewares/Third_Party/FatFs/src/diskio.o
 .debug_macro   0x0002246c       0x7e Middlewares/Third_Party/FatFs/src/diskio.o
 .debug_macro   0x000224ea       0x19 Middlewares/Third_Party/FatFs/src/diskio.o
 .debug_macro   0x00022503       0xf2 Middlewares/Third_Party/FatFs/src/diskio.o
 .debug_macro   0x000225f5       0x5e Middlewares/Third_Party/FatFs/src/diskio.o
 .debug_macro   0x00022653       0x18 Middlewares/Third_Party/FatFs/src/diskio.o
 .debug_macro   0x0002266b       0x35 Middlewares/Third_Party/FatFs/src/diskio.o
 .debug_macro   0x000226a0       0x34 Middlewares/Third_Party/FatFs/src/diskio.o
 .debug_macro   0x000226d4       0x58 Middlewares/Third_Party/FatFs/src/diskio.o
 .debug_macro   0x0002272c       0x1f Middlewares/Third_Party/FatFs/src/diskio.o
 .debug_macro   0x0002274b       0x43 Middlewares/Third_Party/FatFs/src/diskio.o
 .debug_macro   0x0002278e       0x20 Middlewares/Third_Party/FatFs/src/diskio.o
 .debug_macro   0x000227ae      0x18e Middlewares/Third_Party/FatFs/src/diskio.o
 .debug_macro   0x0002293c      0x32a Middlewares/Third_Party/FatFs/src/diskio.o
 .debug_macro   0x00022c66       0x10 Middlewares/Third_Party/FatFs/src/diskio.o
 .debug_macro   0x00022c76       0x35 Middlewares/Third_Party/FatFs/src/diskio.o
 .debug_macro   0x00022cab       0x16 Middlewares/Third_Party/FatFs/src/diskio.o
 .debug_macro   0x00022cc1       0x16 Middlewares/Third_Party/FatFs/src/diskio.o
 .debug_macro   0x00022cd7       0x29 Middlewares/Third_Party/FatFs/src/diskio.o
 .debug_macro   0x00022d00       0x1c Middlewares/Third_Party/FatFs/src/diskio.o