Archive member included to satisfy reference by file (symbol)

c:/ac6/systemworkbench/plugins/fr.ac6.mcu.externaltools.arm-none.win32_1.17.0.201812190825/tools/compiler/bin/../lib/gcc/arm-none-eabi/7.3.1/thumb/v7e-m/fpv4-sp/hard\libgcc.a(_arm_addsubdf3.o)
                              Src/adc_isense.o (__aeabi_dsub)
c:/ac6/systemworkbench/plugins/fr.ac6.mcu.externaltools.arm-none.win32_1.17.0.201812190825/tools/compiler/bin/../lib/gcc/arm-none-eabi/7.3.1/thumb/v7e-m/fpv4-sp/hard\libgcc.a(_arm_muldivdf3.o)
                              Src/coulomb_counting.o (__aeabi_dmul)
c:/ac6/systemworkbench/plugins/fr.ac6.mcu.externaltools.arm-none.win32_1.17.0.201812190825/tools/compiler/bin/../lib/gcc/arm-none-eabi/7.3.1/thumb/v7e-m/fpv4-sp/hard\libgcc.a(_arm_fixdfsi.o)
                              Src/adc_isense.o (__aeabi_d2iz)
c:/ac6/systemworkbench/plugins/fr.ac6.mcu.externaltools.arm-none.win32_1.17.0.201812190825/tools/compiler/bin/../lib/gcc/arm-none-eabi/7.3.1/thumb/v7e-m/fpv4-sp/hard\libgcc.a(_aeabi_uldivmod.o)
                              Drivers/STM32F4xx_HAL_Driver/Src/stm32f4xx_hal_rcc.o (__aeabi_uldivmod)
c:/ac6/systemworkbench/plugins/fr.ac6.mcu.externaltools.arm-none.win32_1.17.0.201812190825/tools/compiler/bin/../lib/gcc/arm-none-eabi/7.3.1/thumb/v7e-m/fpv4-sp/hard\libgcc.a(_udivmoddi4.o)
                              c:/ac6/systemworkbench/plugins/fr.ac6.mcu.externaltools.arm-none.win32_1.17.0.201812190825/tools/compiler/bin/../lib/gcc/arm-none-eabi/7.3.1/thumb/v7e-m/fpv4-sp/hard\libgcc.a(_aeabi_uldivmod.o) (__udivmoddi4)
c:/ac6/systemworkbench/plugins/fr.ac6.mcu.externaltools.arm-none.win32_1.17.0.201812190825/tools/compiler/bin/../lib/gcc/arm-none-eabi/7.3.1/thumb/v7e-m/fpv4-sp/hard\libgcc.a(_dvmd_tls.o)
                              c:/ac6/systemworkbench/plugins/fr.ac6.mcu.externaltools.arm-none.win32_1.17.0.201812190825/tools/compiler/bin/../lib/gcc/arm-none-eabi/7.3.1/thumb/v7e-m/fpv4-sp/hard\libgcc.a(_aeabi_uldivmod.o) (__aeabi_ldiv0)
c:/ac6/systemworkbench/plugins/fr.ac6.mcu.externaltools.arm-none.win32_1.17.0.201812190825/tools/compiler/bin/../lib/gcc/arm-none-eabi/7.3.1/../../../../arm-none-eabi/lib/thumb/v7e-m/fpv4-sp/hard\libc_nano.a(lib_a-errno.o)
                              Src/syscalls.o (__errno)
c:/ac6/systemworkbench/plugins/fr.ac6.mcu.externaltools.arm-none.win32_1.17.0.201812190825/tools/compiler/bin/../lib/gcc/arm-none-eabi/7.3.1/../../../../arm-none-eabi/lib/thumb/v7e-m/fpv4-sp/hard\libc_nano.a(lib_a-exit.o)
                              c:/ac6/systemworkbench/plugins/fr.ac6.mcu.externaltools.arm-none.win32_1.17.0.201812190825/tools/compiler/bin/../lib/gcc/arm-none-eabi/7.3.1/../../../../arm-none-eabi/lib/thumb/v7e-m/fpv4-sp/hard/crt0.o (exit)
c:/ac6/systemworkbench/plugins/fr.ac6.mcu.externaltools.arm-none.win32_1.17.0.201812190825/tools/compiler/bin/../lib/gcc/arm-none-eabi/7.3.1/../../../../arm-none-eabi/lib/thumb/v7e-m/fpv4-sp/hard\libc_nano.a(lib_a-impure.o)
                              c:/ac6/systemworkbench/plugins/fr.ac6.mcu.externaltools.arm-none.win32_1.17.0.201812190825/tools/compiler/bin/../lib/gcc/arm-none-eabi/7.3.1/../../../../arm-none-eabi/lib/thumb/v7e-m/fpv4-sp/hard\libc_nano.a(lib_a-exit.o) (_global_impure_ptr)
c:/ac6/systemworkbench/plugins/fr.ac6.mcu.externaltools.arm-none.win32_1.17.0.201812190825/tools/compiler/bin/../lib/gcc/arm-none-eabi/7.3.1/../../../../arm-none-eabi/lib/thumb/v7e-m/fpv4-sp/hard\libc_nano.a(lib_a-init.o)
                              c:/ac6/systemworkbench/plugins/fr.ac6.mcu.externaltools.arm-none.win32_1.17.0.201812190825/tools/compiler/bin/../lib/gcc/arm-none-eabi/7.3.1/../../../../arm-none-eabi/lib/thumb/v7e-m/fpv4-sp/hard/crt0.o (__libc_init_array)
c:/ac6/systemworkbench/plugins/fr.ac6.mcu.externaltools.arm-none.win32_1.17.0.201812190825/tools/compiler/bin/../lib/gcc/arm-none-eabi/7.3.1/../../../../arm-none-eabi/lib/thumb/v7e-m/fpv4-sp/hard\libc_nano.a(lib_a-memcpy-stub.o)
                              Middlewares/Third_Party/FreeRTOS/Source/queue.o (memcpy)
c:/ac6/systemworkbench/plugins/fr.ac6.mcu.externaltools.arm-none.win32_1.17.0.201812190825/tools/compiler/bin/../lib/gcc/arm-none-eabi/7.3.1/../../../../arm-none-eabi/lib/thumb/v7e-m/fpv4-sp/hard\libc_nano.a(lib_a-memset.o)
                              c:/ac6/systemworkbench/plugins/fr.ac6.mcu.externaltools.arm-none.win32_1.17.0.201812190825/tools/compiler/bin/../lib/gcc/arm-none-eabi/7.3.1/../../../../arm-none-eabi/lib/thumb/v7e-m/fpv4-sp/hard/crt0.o (memset)

Allocating common symbols
Common symbol       size              file

retSD               0x1               Src/fatfs.o
defaultTaskHandle   0x4               Src/main.o
periph              0x20              Middlewares/Third_Party/FatFs/src/diskio.o
bms                 0xe4              Middlewares/Third_Party/FatFs/src/diskio.o
hsd1                0x84              Src/main.o
uwTick              0x4               Drivers/STM32F4xx_HAL_Driver/Src/stm32f4xx_hal.o
[...]
Memory Configuration

Name             Origin             Length             Attributes
RAM              0x20000000         0x00020000         xrw
CCMRAM           0x10000000         0x00010000         rw
FLASH            0x08000000         0x00100000         xr
*default*        0x00000000         0xffffffff

Linker script and memory map

LOAD c:/ac6/systemworkbench/plugins/fr.ac6.mcu.externaltools.arm-none.win32_1.17.0.201812190825/tools/compiler/bin/../lib/gcc/arm-none-eabi/7.3.1/thumb/v7e-m/fpv4-sp/hard/crti.o
LOAD c:/ac6/systemworkbench/plugins/fr.ac6.mcu.externaltools.arm-none.win32_1.17.0.201812190825/tools/compiler/bin/../lib/gcc/arm-none-eabi/7.3.1/thumb/v7e-m/fpv4-sp/hard/crtbegin.o
LOAD c:/ac6/systemworkbench/plugins/fr.ac6.mcu.externaltools.arm-none.win32_1.17.0.201812190825/tools/compiler/bin/../lib/gcc/arm-none-eabi/7.3.1/../../../../arm-none-eabi/lib/thumb/v7e-m/fpv4-sp/hard/crt0.o
LOAD Drivers/STM32F4xx_HAL_Driver/Src/stm32f4xx_hal.o
LOAD Drivers/STM32F4xx_HAL_Driver/Src/stm32f4xx_hal_adc.o
LOAD Drivers/STM32F4xx_HAL_Driver/Src/stm32f4xx_hal_adc_ex.o
LOAD Drivers/STM32F4xx_HAL_Driver/Src/stm32f4xx_hal_can.o
LOAD Drivers/STM32F4xx_HAL_Driver/Src/stm32f4xx_hal_cortex.o
LOAD Drivers/STM32F4xx_HAL_Driver/Src/stm32f4xx_hal_dac.o
LOAD Drivers/STM32F4xx_HAL_Driver/Src/stm32f4xx_hal_dac_ex.o
LOAD Drivers/STM32F4xx_HAL_Driver/Src/stm32f4xx_hal_dma.o
LOAD Drivers/STM32F4xx_HAL_Driver/Src/stm32f4xx_hal_dma_ex.o
LOAD Drivers/STM32F4xx_HAL_Driver/Src/stm32f4xx_hal_exti.o
LOAD Drivers/STM32F4xx_HAL_Driver/Src/stm32f4xx_hal_flash.o
LOAD Drivers/STM32F4xx_HAL_Driver/Src/stm32f4xx_hal_flash_ex.o
LOAD Drivers/STM32F4xx_HAL_Driver/Src/stm32f4xx_hal_flash_ramfunc.o
LOAD Drivers/STM32F4xx_HAL_Driver/Src/stm32f4xx_hal_gpio.o
LOAD Drivers/STM32F4xx_HAL_Driver/Src/stm32f4xx_hal_pwr.o
LOAD Drivers/STM32F4xx_HAL_Driver/Src/stm32f4xx_hal_pwr_ex.o
LOAD Drivers/STM32F4xx_HAL_Driver/Src/stm32f4xx_hal_rcc.o
LOAD Drivers/STM32F4xx_HAL_Driver/Src/stm32f4xx_hal_rcc_ex.o
LOAD Drivers/STM32F4xx_HAL_Driver/Src/stm32f4xx_hal_sd.o
LOAD Drivers/STM32F4xx_HAL_Driver/Src/stm32f4xx_hal_tim.o
LOAD Drivers/STM32F4xx_HAL_Driver/Src/stm32f4xx_hal_tim_ex.o
LOAD Drivers/STM32F4xx_HAL_Driver/Src/stm32f4xx_ll_sdmmc.o
LOAD Middlewares/Third_Party/FatFs/src/diskio.o
LOAD Middlewares/Third_Party/FatFs/src/ff.o
LOAD Middlewares/Third_Party/FatFs/src/ff_gen_drv.o
LOAD Middlewares/Third_Party/FatFs/src/option/syscall.o
LOAD Middlewares/Third_Party/FreeRTOS/Source/CMSIS_RTOS/cmsis_os.o
LOAD Middlewares/Third_Party/FreeRTOS/Source/croutine.o
LOAD Middlewares/Third_Party/FreeRTOS/Source/event_groups.o
LOAD Middlewares/Third_Party/FreeRTOS/Source/list.o
LOAD Middlewares/Third_Party/FreeRTOS/Source/queue.o
LOAD Middlewares/Third_Party/FreeRTOS/Source/stream_buffer.o
LOAD Middlewares/Third_Party/FreeRTOS/Source/tasks.o
LOAD Middlewares/Third_Party/FreeRTOS/Source/timers.o
LOAD Middlewares/Third_Party/FreeRTOS/Source/portable/GCC/ARM_CM4F/port.o
LOAD Middlewares/Third_Party/FreeRTOS/Source/portable/MemMang/heap_4.o
LOAD Src/adc_isense.o
LOAD Src/bms.o
LOAD Src/bms_can.o
LOAD Src/bsp_driver_sd.o
LOAD Src/charging.o
LOAD Src/coulomb_counting.o
LOAD Src/dcan.o
LOAD Src/fatfs.o
LOAD Src/fatfs_platform.o
LOAD Src/freertos.o
LOAD Src/main.o
LOAD Src/sd_diskio.o
LOAD Src/stm32f4xx_hal_msp.o
LOAD Src/stm32f4xx_hal_timebase_tim.o
LOAD Src/stm32f4xx_it.o
LOAD Src/syscalls.o
LOAD Src/system_stm32f4xx.o
LOAD Src/tim_fan_pwm.o
LOAD startup/startup_stm32f407xx.o
LOAD c:/ac6/systemworkbench/plugins/fr.ac6.mcu.externaltools.arm-none.win32_1.17.0.201812190825/tools/compiler/bin/../lib/gcc/arm-none-eabi/7.3.1/../../../../arm-none-eabi/lib/thumb/v7e-m/fpv4-sp/hard\libm.a
START GROUP
LOAD c:/ac6/systemworkbench/plugins/fr.ac6.mcu.externaltools.arm-none.win32_1.17.0.201812190825/tools/compiler/bin/../lib/gcc/arm-none-eabi/7.3.1/thumb/v7e-m/fpv4-sp/hard\libgcc.a
LOAD c:/ac6/systemworkbench/plugins/fr.ac6.mcu.externaltools.arm-none.win32_1.17.0.201812190825/tools/compiler/bin/../lib/gcc/arm-none-eabi/7.3.1/../../../../arm-none-eabi/lib/thumb/v7e-m/fpv4-sp/hard\libc_nano.a
END GROUP
START GROUP
LOAD c:/ac6/systemworkbench/plugins/fr.ac6.mcu.externaltools.arm-none.win32_1.17.0.201812190825/tools/compiler/bin/../lib/gcc/arm-none-eabi/7.3.1/thumb/v7e-m/fpv4-sp/hard\libgcc.a
LOAD c:/ac6/systemworkbench/plugins/fr.ac6.mcu.externaltools.arm-none.win32_1.17.0.201812190825/tools/compiler/bin/../lib/gcc/arm-none-eabi/7.3.1/../../../../arm-none-eabi/lib/thumb/v7e-m/fpv4-sp/hard\libc_nano.a
LOAD c:/ac6/systemworkbench/plugins/fr.ac6.mcu.externaltools.arm-none.win32_1.17.0.201812190825/tools/compiler/bin/../lib/gcc/arm-none-eabi/7.3.1/../../../../arm-none-eabi/lib/thumb/v7e-m/fpv4-sp/hard\libnosys.a
END GROUP
START GROUP
LOAD c:/ac6/systemworkbench/plugins/fr.ac6.mcu.externaltools.arm-none.win32_1.17.0.201812190825/tools/compiler/bin/../lib/gcc/arm-none-eabi/7.3.1/thumb/v7e-m/fpv4-sp/hard\libgcc.a
LOAD c:/ac6/systemworkbench/plugins/fr.ac6.mcu.externaltools.arm-none.win32_1.17.0.201812190825/tools/compiler/bin/../lib/gcc/arm-none-eabi/7.3.1/../../../../arm-none-eabi/lib/thumb/v7e-m/fpv4-sp/hard\libc_nano.a
LOAD c:/ac6/systemworkbench/plugins/fr.ac6.mcu.externaltools.arm-none.win32_1.17.0.201812190825/tools/compiler/bin/../lib/gcc/arm-none-eabi/7.3.1/../../../../arm-none-eabi/lib/thumb/v7e-m/fpv4-sp/hard\libnosys.a
END GROUP
LOAD c:/ac6/systemworkbench/plugins/fr.ac6.mcu.externaltools.arm-none.win32_1.17.0.201812190825/tools/compiler/bin/../lib/gcc/arm-none-eabi/7.3.1/thumb/v7e-m/fpv4-sp/hard/crtend.o
LOAD c:/ac6/systemworkbench/plugins/fr.ac6.mcu.externaltools.arm-none.win32_1.17.0.201812190825/tools/compiler/bin/../lib/gcc/arm-none-eabi/7.3.1/thumb/v7e-m/fpv4-sp/hard/crtn.o
                0x20020000                _estack = 0x20020000
                0x00000200                _Min_Heap_Size = 0x200
                0x00000400                _Min_Stack_Size = 0x400

.isr_vector     0x08000000      0x188
                0x08000000                . = ALIGN (0x4)
 *(.isr_vector)
 .isr_vector    0x08000000      0x188 startup/startup_stm32f407xx.o
                0x08000000                g_pfnVectors
                0x08000188                . = ALIGN (0x4)

.text           0x08000190     0x6578
                0x08000190                . = ALIGN (0x4)
 *(.text)
 .text          0x08000190       0x40 c:/ac6/systemworkbench/plugins/fr.ac6.mcu.externaltools.arm-none.win32_1.17.0.201812190825/tools/compiler/bin/../lib/gcc/arm-none-eabi/7.3.1/thumb/v7e-m/fpv4-sp/hard/crtbegin.o
 .text          0x080001d0      0x378 c:/ac6/systemworkbench/plugins/fr.ac6.mcu.externaltools.arm-none.win32_1.17.0.201812190825/tools/compiler/bin/../lib/gcc/arm-none-eabi/7.3.1/thumb/v7e-m/fpv4-sp/hard\libgcc.a(_arm_addsubdf3.o)
                0x080001d0                __aeabi_drsub
                0x080001d8                __aeabi_dsub
                0x080001d8                __subdf3
                0x080001dc                __aeabi_dadd
                0x080001dc                __adddf3
                0x08000454                __floatunsidf
                0x08000454                __aeabi_ui2d
                0x08000474                __floatsidf
                0x08000474                __aeabi_i2d
                0x08000498                __aeabi_f2d
                0x08000498                __extendsfdf2
                0x080004dc                __floatundidf
                0x080004dc                __aeabi_ul2d
                0x080004ec                __floatdidf
                0x080004ec                __aeabi_l2d
 .text          0x08000548      0x424 c:/ac6/systemworkbench/plugins/fr.ac6.mcu.externaltools.arm-none.win32_1.17.0.201812190825/tools/compiler/bin/../lib/gcc/arm-none-eabi/7.3.1/thumb/v7e-m/fpv4-sp/hard\libgcc.a(_arm_muldivdf3.o)
                0x08000548                __aeabi_dmul
                0x08000548                __muldf3
                0x0800079c                __divdf3
                0x0800079c                __aeabi_ddiv
 .text          0x0800096c       0x50 c:/ac6/systemworkbench/plugins/fr.ac6.mcu.externaltools.arm-none.win32_1.17.0.201812190825/tools/compiler/bin/../lib/gcc/arm-none-eabi/7.3.1/thumb/v7e-m/fpv4-sp/hard\libgcc.a(_arm_fixdfsi.o)
                0x0800096c                __aeabi_d2iz
                0x0800096c                __fixdfsi
 .text          0x080009bc       0x30 c:/ac6/systemworkbench/plugins/fr.ac6.mcu.externaltools.arm-none.win32_1.17.0.201812190825/tools/compiler/bin/../lib/gcc/arm-none-eabi/7.3.1/thumb/v7e-m/fpv4-sp/hard\libgcc.a(_aeabi_uldivmod.o)
                0x080009bc                __aeabi_uldivmod
 .text          0x080009ec      0x2cc c:/ac6/systemworkbench/plugins/fr.ac6.mcu.externaltools.arm-none.win32_1.17.0.201812190825/tools/compiler/bin/../lib/gcc/arm-none-eabi/7.3.1/thumb/v7e-m/fpv4-sp/hard\libgcc.a(_udivmoddi4.o)
                0x080009ec                __udivmoddi4
 .text          0x08000cb8        0x4 c:/ac6/systemworkbench/plugins/fr.ac6.mcu.externaltools.arm-none.win32_1.17.0.201812190825/tools/compiler/bin/../lib/gcc/arm-none-eabi/7.3.1/thumb/v7e-m/fpv4-sp/hard\libgcc.a(_dvmd_tls.o)
                0x08000cb8                __aeabi_idiv0
                0x08000cb8                __aeabi_ldiv0
 *(.text*)
 .text.HAL_Init
                0x08000cbc       0x34 Drivers/STM32F4xx_HAL_Driver/Src/stm32f4xx_hal.o
                0x08000cbc                HAL_Init
 .text.HAL_IncTick
                0x08000cf0       0x18 Drivers/STM32F4xx_HAL_Driver/Src/stm32f4xx_hal.o
                0x08000cf0                HAL_IncTick
 .text.HAL_GetTick
                0x08000d08        0xc Drivers/STM32F4xx_HAL_Driver/Src/stm32f4xx_hal.o
                0x08000d08                HAL_GetTick
 .text.ADC_Init
                0x08000d14      0x134 Drivers/STM32F4xx_HAL_Driver/Src/stm32f4xx_hal_adc.o
 .text.HAL_ADC_Init
                0x08000e48       0x56 Drivers/STM32F4xx_HAL_Driver/Src/stm32f4xx_hal_adc.o
                0x08000e48                HAL_ADC_Init
 *fill*         0x08000e9e        0x2 
 .text.HAL_ADC_Start
                0x08000ea0      0x134 Drivers/STM32F4xx_HAL_Driver/Src/stm32f4xx_hal_adc.o
                0x08000ea0                HAL_ADC_Start
 .text.HAL_ADC_Stop
                0x08000fd4       0x40 Drivers/STM32F4xx_HAL_Driver/Src/stm32f4xx_hal_adc.o
                0x08000fd4                HAL_ADC_Stop
 .text.HAL_ADC_PollForConversion
                0x08001014       0xb6 Drivers/STM32F4xx_HAL_Driver/Src/stm32f4xx_hal_adc.o
                0x08001014                HAL_ADC_PollForConversion
 .text.HAL_ADC_GetValue
                0x080010ca        0x6 Drivers/STM32F4xx_HAL_Driver/Src/stm32f4xx_hal_adc.o
                0x080010ca                HAL_ADC_GetValue
 .text.HAL_ADC_ConfigChannel
                0x080010d0      0x190 Drivers/STM32F4xx_HAL_Driver/Src/stm32f4xx_hal_adc.o
                0x080010d0                HAL_ADC_ConfigChannel
 .text.HAL_CAN_Init
                0x08001260      0x14c Drivers/STM32F4xx_HAL_Driver/Src/stm32f4xx_hal_can.o
                0x08001260                HAL_CAN_Init
 .text.HAL_CAN_ConfigFilter
                0x080013ac      0x12c Drivers/STM32F4xx_HAL_Driver/Src/stm32f4xx_hal_can.o
                0x080013ac                HAL_CAN_ConfigFilter
 .text.HAL_CAN_Start
                0x080014d8       0x5c Drivers/STM32F4xx_HAL_Driver/Src/stm32f4xx_hal_can.o
                0x080014d8                HAL_CAN_Start
 .text.HAL_CAN_AddTxMessage
                0x08001534       0xea Drivers/STM32F4xx_HAL_Driver/Src/stm32f4xx_hal_can.o
                0x08001534                HAL_CAN_AddTxMessage
 .text.HAL_CAN_GetTxMailboxesFreeLevel
                0x0800161e       0x36 Drivers/STM32F4xx_HAL_Driver/Src/stm32f4xx_hal_can.o
                0x0800161e                HAL_CAN_GetTxMailboxesFreeLevel
 .text.HAL_CAN_ActivateNotification
                0x08001654       0x24 Drivers/STM32F4xx_HAL_Driver/Src/stm32f4xx_hal_can.o
                0x08001654                HAL_CAN_ActivateNotification
 .text.HAL_NVIC_SetPriorityGrouping
                0x08001678       0x24 Drivers/STM32F4xx_HAL_Driver/Src/stm32f4xx_hal_cortex.o
                0x08001678                HAL_NVIC_SetPriorityGrouping
 .text.HAL_NVIC_SetPriority
                0x0800169c       0x68 Drivers/STM32F4xx_HAL_Driver/Src/stm32f4xx_hal_cortex.o
                0x0800169c                HAL_NVIC_SetPriority
 .text.HAL_NVIC_EnableIRQ
                0x08001704       0x1c Drivers/STM32F4xx_HAL_Driver/Src/stm32f4xx_hal_cortex.o
                0x08001704                HAL_NVIC_EnableIRQ
 .text.HAL_DAC_Init
                0x08001720       0x24 Drivers/STM32F4xx_HAL_Driver/Src/stm32f4xx_hal_dac.o
                0x08001720                HAL_DAC_Init
 .text.HAL_DAC_ConfigChannel
                0x08001744       0x4a Drivers/STM32F4xx_HAL_Driver/Src/stm32f4xx_hal_dac.o
                0x08001744                HAL_DAC_ConfigChannel
 *fill*         0x0800178e        0x2 
 .text.HAL_GPIO_Init
                0x08001790      0x1c8 Drivers/STM32F4xx_HAL_Driver/Src/stm32f4xx_hal_gpio.o
                0x08001790                HAL_GPIO_Init
 .text.HAL_GPIO_WritePin
                0x08001958        0xc Drivers/STM32F4xx_HAL_Driver/Src/stm32f4xx_hal_gpio.o
                0x08001958                HAL_GPIO_WritePin
 .text.HAL_GPIO_TogglePin
                0x08001964       0x12 Drivers/STM32F4xx_HAL_Driver/Src/stm32f4xx_hal_gpio.o
                0x08001964                HAL_GPIO_TogglePin
 *fill*         0x08001976        0x2 
 .text.HAL_RCC_OscConfig
                0x08001978      0x398 Drivers/STM32F4xx_HAL_Driver/Src/stm32f4xx_hal_rcc.o
                0x08001978                HAL_RCC_OscConfig
 .text.HAL_RCC_GetSysClockFreq
                0x08001d10       0xd8 Drivers/STM32F4xx_HAL_Driver/Src/stm32f4xx_hal_rcc.o
                0x08001d10                HAL_RCC_GetSysClockFreq
 .text.HAL_RCC_ClockConfig
                0x08001de8      0x158 Drivers/STM32F4xx_HAL_Driver/Src/stm32f4xx_hal_rcc.o
                0x08001de8                HAL_RCC_ClockConfig
 .text.HAL_RCC_GetHCLKFreq
                0x08001f40        0xc Drivers/STM32F4xx_HAL_Driver/Src/stm32f4xx_hal_rcc.o
                0x08001f40                HAL_RCC_GetHCLKFreq
 .text.HAL_RCC_GetPCLK1Freq
                0x08001f4c       0x20 Drivers/STM32F4xx_HAL_Driver/Src/stm32f4xx_hal_rcc.o
                0x08001f4c                HAL_RCC_GetPCLK1Freq
 .text.HAL_RCC_GetClockConfig
                0x08001f6c       0x3c Drivers/STM32F4xx_HAL_Driver/Src/stm32f4xx_hal_rcc.o
                0x08001f6c                HAL_RCC_GetClockConfig
 .text.TIM_OC1_SetConfig
                0x08001fa8       0x68 Drivers/STM32F4xx_HAL_Driver/Src/stm32f4xx_hal_tim.o
 .text.TIM_OC3_SetConfig
                0x08002010       0x70 Drivers/STM32F4xx_HAL_Driver/Src/stm32f4xx_hal_tim.o
 .text.TIM_OC4_SetConfig
                0x08002080       0x50 Drivers/STM32F4xx_HAL_Driver/Src/stm32f4xx_hal_tim.o
 .text.HAL_TIM_Base_MspInit
                0x080020d0        0x2 Drivers/STM32F4xx_HAL_Driver/Src/stm32f4xx_hal_tim.o
                0x080020d0                HAL_TIM_Base_MspInit
 .text.HAL_TIM_Base_Start_IT
                0x080020d2       0x22 Drivers/STM32F4xx_HAL_Driver/Src/stm32f4xx_hal_tim.o
                0x080020d2                HAL_TIM_Base_Start_IT
 .text.HAL_TIM_OC_DelayElapsedCallback
                0x080020f4        0x2 Drivers/STM32F4xx_HAL_Driver/Src/stm32f4xx_hal_tim.o
                0x080020f4                HAL_TIM_OC_DelayElapsedCallback
 .text.HAL_TIM_IC_CaptureCallback
                0x080020f6        0x2 Drivers/STM32F4xx_HAL_Driver/Src/stm32f4xx_hal_tim.o
                0x080020f6                HAL_TIM_IC_CaptureCallback
 .text.HAL_TIM_PWM_PulseFinishedCallback
                0x080020f8        0x2 Drivers/STM32F4xx_HAL_Driver/Src/stm32f4xx_hal_tim.o
                0x080020f8                HAL_TIM_PWM_PulseFinishedCallback
 .text.HAL_TIM_TriggerCallback
                0x080020fa        0x2 Drivers/STM32F4xx_HAL_Driver/Src/stm32f4xx_hal_tim.o
                0x080020fa                HAL_TIM_TriggerCallback
 .text.HAL_TIM_IRQHandler
                0x080020fc      0x17a Drivers/STM32F4xx_HAL_Driver/Src/stm32f4xx_hal_tim.o
                0x080020fc                HAL_TIM_IRQHandler
 *fill*         0x08002276        0x2 
 .text.TIM_Base_SetConfig
                0x08002278       0xc8 Drivers/STM32F4xx_HAL_Driver/Src/stm32f4xx_hal_tim.o
                0x08002278                TIM_Base_SetConfig
 .text.HAL_TIM_Base_Init
                0x08002340       0x32 Drivers/STM32F4xx_HAL_Driver/Src/stm32f4xx_hal_tim.o
                0x08002340                HAL_TIM_Base_Init
 .text.HAL_TIM_PWM_Init
                0x08002372       0x32 Drivers/STM32F4xx_HAL_Driver/Src/stm32f4xx_hal_tim.o
                0x08002372                HAL_TIM_PWM_Init
 .text.TIM_OC2_SetConfig
                0x080023a4       0x70 Drivers/STM32F4xx_HAL_Driver/Src/stm32f4xx_hal_tim.o
                0x080023a4                TIM_OC2_SetConfig
 .text.HAL_TIM_PWM_ConfigChannel
                0x08002414       0xdc Drivers/STM32F4xx_HAL_Driver/Src/stm32f4xx_hal_tim.o
                0x08002414                HAL_TIM_PWM_ConfigChannel
 .text.TIM_CCxChannelCmd
                0x080024f0       0x22 Drivers/STM32F4xx_HAL_Driver/Src/stm32f4xx_hal_tim.o
                0x080024f0                TIM_CCxChannelCmd
 *fill*         0x08002512        0x2 
 .text.HAL_TIM_PWM_Start
                0x08002514       0x40 Drivers/STM32F4xx_HAL_Driver/Src/stm32f4xx_hal_tim.o
                0x08002514                HAL_TIM_PWM_Start
 .text.HAL_TIMEx_MasterConfigSynchronization
                0x08002554       0x46 Drivers/STM32F4xx_HAL_Driver/Src/stm32f4xx_hal_tim_ex.o
                0x08002554                HAL_TIMEx_MasterConfigSynchronization
 .text.HAL_TIMEx_ConfigBreakDeadTime
                0x0800259a       0x52 Drivers/STM32F4xx_HAL_Driver/Src/stm32f4xx_hal_tim_ex.o
                0x0800259a                HAL_TIMEx_ConfigBreakDeadTime
 .text.HAL_TIMEx_CommutCallback
                0x080025ec        0x2 Drivers/STM32F4xx_HAL_Driver/Src/stm32f4xx_hal_tim_ex.o
                0x080025ec                HAL_TIMEx_CommutCallback
 .text.HAL_TIMEx_BreakCallback
                0x080025ee        0x2 Drivers/STM32F4xx_HAL_Driver/Src/stm32f4xx_hal_tim_ex.o
                0x080025ee                HAL_TIMEx_BreakCallback
 .text.makeFreeRtosPriority
                0x080025f0        0xc Middlewares/Third_Party/FreeRTOS/Source/CMSIS_RTOS/cmsis_os.o
 .text.osKernelStart
                0x080025fc        0xa Middlewares/Third_Party/FreeRTOS/Source/CMSIS_RTOS/cmsis_os.o
                0x080025fc                osKernelStart
 .text.osThreadCreate
                0x08002606       0x6c Middlewares/Third_Party/FreeRTOS/Source/CMSIS_RTOS/cmsis_os.o
                0x08002606                osThreadCreate
 .text.osDelay  0x08002672       0x12 Middlewares/Third_Party/FreeRTOS/Source/CMSIS_RTOS/cmsis_os.o
                0x08002672                osDelay
 .text.vListInitialise
                0x08002684       0x16 Middlewares/Third_Party/FreeRTOS/Source/list.o
                0x08002684                vListInitialise
 .text.vListInitialiseItem
                0x0800269a        0x6 Middlewares/Third_Party/FreeRTOS/Source/list.o
                0x0800269a                vListInitialiseItem
 .text.vListInsertEnd
                0x080026a0       0x18 Middlewares/Third_Party/FreeRTOS/Source/list.o
                0x080026a0                vListInsertEnd
 .text.vListInsert
                0x080026b8       0x34 Middlewares/Third_Party/FreeRTOS/Source/list.o
                0x080026b8                vListInsert
 .text.uxListRemove
                0x080026ec       0x28 Middlewares/Third_Party/FreeRTOS/Source/list.o
                0x080026ec                uxListRemove
 .text.prvGetDisinheritPriorityAfterTimeout
                0x08002714       0x12 Middlewares/Third_Party/FreeRTOS/Source/queue.o
 .text.prvIsQueueFull
                0x08002726       0x1e Middlewares/Third_Party/FreeRTOS/Source/queue.o
 .text.prvIsQueueEmpty
                0x08002744       0x1a Middlewares/Third_Party/FreeRTOS/Source/queue.o
 .text.prvCopyDataToQueue
                0x0800275e       0x76 Middlewares/Third_Party/FreeRTOS/Source/queue.o
 .text.prvCopyDataFromQueue
                0x080027d4       0x24 Middlewares/Third_Party/FreeRTOS/Source/queue.o
 .text.prvUnlockQueue
                0x080027f8       0x6e Middlewares/Third_Party/FreeRTOS/Source/queue.o
 *fill*         0x08002866        0x2 
 .text.xQueueGenericReset
                0x08002868       0x84 Middlewares/Third_Party/FreeRTOS/Source/queue.o
                0x08002868                xQueueGenericReset
 .text.prvInitialiseNewQueue
                0x080028ec       0x1c Middlewares/Third_Party/FreeRTOS/Source/queue.o
 .text.xQueueGenericCreate
                0x08002908       0x4e Middlewares/Third_Party/FreeRTOS/Source/queue.o
                0x08002908                xQueueGenericCreate
 *fill*         0x08002956        0x2 
 .text.xQueueGenericSend
                0x08002958      0x17c Middlewares/Third_Party/FreeRTOS/Source/queue.o
                0x08002958                xQueueGenericSend
 .text.xQueueReceive
                0x08002ad4      0x158 Middlewares/Third_Party/FreeRTOS/Source/queue.o
                0x08002ad4                xQueueReceive
 .text.xQueueSemaphoreTake
                0x08002c2c      0x19c Middlewares/Third_Party/FreeRTOS/Source/queue.o
                0x08002c2c                xQueueSemaphoreTake
 .text.xQueuePeek
                0x08002dc8      0x158 Middlewares/Third_Party/FreeRTOS/Source/queue.o
                0x08002dc8                xQueuePeek
 .text.prvResetNextTaskUnblockTime
                0x08002f20       0x24 Middlewares/Third_Party/FreeRTOS/Source/tasks.o
 .text.prvInitialiseNewTask
                0x08002f44       0x80 Middlewares/Third_Party/FreeRTOS/Source/tasks.o
 .text.prvInitialiseTaskLists
                0x08002fc4       0x58 Middlewares/Third_Party/FreeRTOS/Source/tasks.o
 .text.prvAddNewTaskToReadyList
                0x0800301c       0xac Middlewares/Third_Party/FreeRTOS/Source/tasks.o
 .text.prvDeleteTCB
                0x080030c8       0x38 Middlewares/Third_Party/FreeRTOS/Source/tasks.o
 .text.prvCheckTasksWaitingTermination
                0x08003100       0x44 Middlewares/Third_Party/FreeRTOS/Source/tasks.o
 .text.prvIdleTask
                0x08003144       0x28 Middlewares/Third_Party/FreeRTOS/Source/tasks.o
 .text.prvAddCurrentTaskToDelayedList
                0x0800316c       0x88 Middlewares/Third_Party/FreeRTOS/Source/tasks.o
 .text.xTaskCreateStatic
                0x080031f4       0x72 Middlewares/Third_Party/FreeRTOS/Source/tasks.o
                0x080031f4                xTaskCreateStatic
 .text.xTaskCreate
                0x08003266       0x66 Middlewares/Third_Party/FreeRTOS/Source/tasks.o
                0x08003266                xTaskCreate
 .text.vTaskStartScheduler
                0x080032cc       0x64 Middlewares/Third_Party/FreeRTOS/Source/tasks.o
                0x080032cc                vTaskStartScheduler
 .text.vTaskSuspendAll
                0x08003330       0x14 Middlewares/Third_Party/FreeRTOS/Source/tasks.o
                0x08003330                vTaskSuspendAll
 .text.xTaskGetTickCount
                0x08003344        0xc Middlewares/Third_Party/FreeRTOS/Source/tasks.o
                0x08003344                xTaskGetTickCount
 .text.xTaskIncrementTick
                0x08003350      0x10c Middlewares/Third_Party/FreeRTOS/Source/tasks.o
                0x08003350                xTaskIncrementTick
 .text.xTaskResumeAll
                0x0800345c       0xf0 Middlewares/Third_Party/FreeRTOS/Source/tasks.o
                0x0800345c                xTaskResumeAll
 .text.vTaskDelayUntil
                0x0800354c       0xa4 Middlewares/Third_Party/FreeRTOS/Source/tasks.o
                0x0800354c                vTaskDelayUntil
 .text.vTaskDelay
                0x080035f0       0x4c Middlewares/Third_Party/FreeRTOS/Source/tasks.o
                0x080035f0                vTaskDelay
 .text.vTaskSwitchContext
                0x0800363c       0x90 Middlewares/Third_Party/FreeRTOS/Source/tasks.o
                0x0800363c                vTaskSwitchContext
 .text.vTaskPlaceOnEventList
                0x080036cc       0x34 Middlewares/Third_Party/FreeRTOS/Source/tasks.o
                0x080036cc                vTaskPlaceOnEventList
 .text.xTaskRemoveFromEventList
                0x08003700       0x84 Middlewares/Third_Party/FreeRTOS/Source/tasks.o
                0x08003700                xTaskRemoveFromEventList
 .text.vTaskInternalSetTimeOutState
                0x08003784       0x14 Middlewares/Third_Party/FreeRTOS/Source/tasks.o
                0x08003784                vTaskInternalSetTimeOutState
 .text.xTaskCheckForTimeOut
                0x08003798       0x80 Middlewares/Third_Party/FreeRTOS/Source/tasks.o
                0x08003798                xTaskCheckForTimeOut
 .text.vTaskMissedYield
                0x08003818       0x10 Middlewares/Third_Party/FreeRTOS/Source/tasks.o
                0x08003818                vTaskMissedYield
 .text.xTaskGetSchedulerState
                0x08003828       0x20 Middlewares/Third_Party/FreeRTOS/Source/tasks.o
                0x08003828                xTaskGetSchedulerState
 .text.xTaskPriorityInherit
                0x08003848       0xc4 Middlewares/Third_Party/FreeRTOS/Source/tasks.o
                0x08003848                xTaskPriorityInherit
 .text.xTaskPriorityDisinherit
                0x0800390c       0xb0 Middlewares/Third_Party/FreeRTOS/Source/tasks.o
                0x0800390c                xTaskPriorityDisinherit
 .text.vTaskPriorityDisinheritAfterTimeout
                0x080039bc       0xc4 Middlewares/Third_Party/FreeRTOS/Source/tasks.o
                0x080039bc                vTaskPriorityDisinheritAfterTimeout
 .text.pvTaskIncrementMutexHeldCount
                0x08003a80       0x20 Middlewares/Third_Party/FreeRTOS/Source/tasks.o
                0x08003a80                pvTaskIncrementMutexHeldCount
 .text.prvTaskExitError
                0x08003aa0       0x40 Middlewares/Third_Party/FreeRTOS/Source/portable/GCC/ARM_CM4F/port.o
 .text.prvPortStartFirstTask
                0x08003ae0       0x28 Middlewares/Third_Party/FreeRTOS/Source/portable/GCC/ARM_CM4F/port.o
 .text.vPortEnableVFP
                0x08003b08       0x14 Middlewares/Third_Party/FreeRTOS/Source/portable/GCC/ARM_CM4F/port.o
 .text.pxPortInitialiseStack
                0x08003b1c       0x2c Middlewares/Third_Party/FreeRTOS/Source/portable/GCC/ARM_CM4F/port.o
                0x08003b1c                pxPortInitialiseStack
 *fill*         0x08003b48        0x8 
 .text.SVC_Handler
                0x08003b50       0x24 Middlewares/Third_Party/FreeRTOS/Source/portable/GCC/ARM_CM4F/port.o
                0x08003b50                SVC_Handler
 .text.vPortEnterCritical
                0x08003b74       0x44 Middlewares/Third_Party/FreeRTOS/Source/portable/GCC/ARM_CM4F/port.o
                0x08003b74                vPortEnterCritical
 .text.vPortExitCritical
                0x08003bb8       0x2c Middlewares/Third_Party/FreeRTOS/Source/portable/GCC/ARM_CM4F/port.o
                0x08003bb8                vPortExitCritical
 *fill*         0x08003be4        0xc 
 .text.PendSV_Handler
                0x08003bf0       0x64 Middlewares/Third_Party/FreeRTOS/Source/portable/GCC/ARM_CM4F/port.o
                0x08003bf0                PendSV_Handler
 .text.SysTick_Handler
                0x08003c54       0x2c Middlewares/Third_Party/FreeRTOS/Source/portable/GCC/ARM_CM4F/port.o
                0x08003c54                SysTick_Handler
 .text.vPortSetupTimerInterrupt
                0x08003c80       0x38 Middlewares/Third_Party/FreeRTOS/Source/portable/GCC/ARM_CM4F/port.o
                0x08003c80                vPortSetupTimerInterrupt
 .text.xPortStartScheduler
                0x08003cb8      0x108 Middlewares/Third_Party/FreeRTOS/Source/portable/GCC/ARM_CM4F/port.o
                0x08003cb8                xPortStartScheduler
 .text.prvHeapInit
                0x08003dc0       0x4c Middlewares/Third_Party/FreeRTOS/Source/portable/MemMang/heap_4.o
 .text.prvInsertBlockIntoFreeList
                0x08003e0c       0x54 Middlewares/Third_Party/FreeRTOS/Source/portable/MemMang/heap_4.o
 .text.pvPortMalloc
                0x08003e60       0xf4 Middlewares/Third_Party/FreeRTOS/Source/portable/MemMang/heap_4.o
                0x08003e60                pvPortMalloc
 .text.vPortFree
                0x08003f54       0x6c Middlewares/Third_Party/FreeRTOS/Source/portable/MemMang/heap_4.o
                0x08003f54                vPortFree
 .text.task_getIsense
                0x08003fc0      0x138 Src/adc_isense.o
                0x08003fc0                task_getIsense
 .text.task_heartbeat
                0x080040f8       0x2c Src/bms.o
                0x080040f8                task_heartbeat
 .text.initRTOSObjects
                0x08004124      0x188 Src/bms.o
                0x08004124                initRTOSObjects
 .text.initBMSobject
                0x080042ac      0x25c Src/bms.o
                0x080042ac                initBMSobject
 .text.power_cmd_slaves
                0x08004508       0x30 Src/bms.o
                0x08004508                power_cmd_slaves
 .text.slaves_connected
                0x08004538       0x4c Src/bms.o
                0x08004538                slaves_connected
 .text.clear_faults
                0x08004584       0x50 Src/bms.o
                0x08004584                clear_faults
 .text.send_faults
                0x080045d4       0xd4 Src/bms.o
                0x080045d4                send_faults
 .text.volt_probe
                0x080046a8      0x1dc Src/bms.o
                0x080046a8                volt_probe
 .text.temp_probe
                0x08004884      0x1d4 Src/bms.o
                0x08004884                temp_probe
 .text.task_error_check
                0x08004a58      0x178 Src/bms.o
                0x08004a58                task_error_check
 .text.debug_lights
                0x08004bd0       0x88 Src/bms.o
                0x08004bd0                debug_lights
 .text.task_bms_main
                0x08004c58      0x1dc Src/bms.o
                0x08004c58                task_bms_main
 .text.bms_can_filter_init
                0x08004e34       0x54 Src/bms_can.o
                0x08004e34                bms_can_filter_init
 .text.task_Slave_WDawg
                0x08004e88       0xcc Src/bms_can.o
                0x08004e88                task_Slave_WDawg
 .text.task_txBmsCan
                0x08004f54       0x70 Src/bms_can.o
                0x08004f54                task_txBmsCan
 .text.process_temp
                0x08004fc4       0x48 Src/bms_can.o
                0x08004fc4                process_temp
 .text.process_volt
                0x0800500c       0x88 Src/bms_can.o
                0x0800500c                process_volt
 .text.task_BmsCanProcess
                0x08005094       0x9c Src/bms_can.o
                0x08005094                task_BmsCanProcess
 .text.calc_avg_voltage
                0x08005130       0x70 Src/charging.o
                0x08005130                calc_avg_voltage
 .text.write_passive_msg
                0x080051a0       0x34 Src/charging.o
                0x080051a0                write_passive_msg
 .text.task_charging
                0x080051d4       0x7c Src/charging.o
                0x080051d4                task_charging
 .text.task_coulomb_counting
                0x08005250      0x1f8 Src/coulomb_counting.o
                0x08005250                task_coulomb_counting
 .text.task_txDcan
                0x08005448       0x70 Src/dcan.o
                0x08005448                task_txDcan
 .text.dcan_filter_init
                0x080054b8       0x34 Src/dcan.o
                0x080054b8                dcan_filter_init
 .text.process_gui_cmd
                0x080054ec       0x68 Src/dcan.o
                0x080054ec                process_gui_cmd
 .text.process_gui_param_set
                0x08005554       0xf4 Src/dcan.o
                0x08005554                process_gui_param_set
 .text.process_gui_param_req
                0x08005648      0x1e0 Src/dcan.o
                0x08005648                process_gui_param_req
 .text.task_DcanProcess
                0x08005828       0x94 Src/dcan.o
                0x08005828                task_DcanProcess
 .text.send_macro_msg
                0x080058bc       0x84 Src/dcan.o
                0x080058bc                send_macro_msg
 .text.send_generic_msg
                0x08005940      0x38c Src/dcan.o
                0x08005940                send_generic_msg
 .text.send_volt_msg
                0x08005ccc        0xc Src/dcan.o
                0x08005ccc                send_volt_msg
 .text.send_temp_msg
                0x08005cd8        0xc Src/dcan.o
                0x08005cd8                send_temp_msg
 .text.send_ocv_msg
                0x08005ce4        0xc Src/dcan.o
                0x08005ce4                send_ocv_msg
 .text.send_ir_msg
                0x08005cf0        0xc Src/dcan.o
                0x08005cf0                send_ir_msg
 .text.task_broadcast
                0x08005cfc      0x124 Src/dcan.o
                0x08005cfc                task_broadcast
 .text.MX_FATFS_Init
                0x08005e20        0x2 Src/fatfs.o
                0x08005e20                MX_FATFS_Init
 *fill*         0x08005e22        0x2 
 .text.vApplicationGetIdleTaskMemory
                0x08005e24       0x14 Src/freertos.o
                0x08005e24                vApplicationGetIdleTaskMemory
 .text.MX_SDIO_SD_Init
                0x08005e38       0x20 Src/main.o
 .text.MX_GPIO_Init
                0x08005e58      0x114 Src/main.o
 .text.MX_ADC1_Init
                0x08005f6c       0x58 Src/main.o
 .text.MX_TIM1_Init
                0x08005fc4       0x8c Src/main.o
 .text.MX_CAN1_Init
                0x08006050       0x30 Src/main.o
 .text.MX_CAN2_Init
                0x08006080       0x30 Src/main.o
 .text.MX_DAC_Init
                0x080060b0       0x30 Src/main.o
 .text.StartDefaultTask
                0x080060e0        0xe Src/main.o
                0x080060e0                StartDefaultTask
 *fill*         0x080060ee        0x2 
 .text.SystemClock_Config
                0x080060f0       0x8c Src/main.o
                0x080060f0                SystemClock_Config
 .text.main     0x0800617c       0x94 Src/main.o
                0x0800617c                main
 .text.HAL_TIM_PeriodElapsedCallback
                0x08006210       0x12 Src/main.o
                0x08006210                HAL_TIM_PeriodElapsedCallback
 *fill*         0x08006222        0x2 
 .text.HAL_MspInit
                0x08006224       0x44 Src/stm32f4xx_hal_msp.o
                0x08006224                HAL_MspInit
 .text.HAL_ADC_MspInit
                0x08006268       0x68 Src/stm32f4xx_hal_msp.o
                0x08006268                HAL_ADC_MspInit
 .text.HAL_CAN_MspInit
                0x080062d0      0x108 Src/stm32f4xx_hal_msp.o
                0x080062d0                HAL_CAN_MspInit
 .text.HAL_DAC_MspInit
                0x080063d8       0x68 Src/stm32f4xx_hal_msp.o
                0x080063d8                HAL_DAC_MspInit
 .text.HAL_TIM_PWM_MspInit
                0x08006440       0x30 Src/stm32f4xx_hal_msp.o
                0x08006440                HAL_TIM_PWM_MspInit
 .text.HAL_TIM_MspPostInit
                0x08006470       0x5c Src/stm32f4xx_hal_msp.o
                0x08006470                HAL_TIM_MspPostInit
 .text.HAL_InitTick
                0x080064cc       0x78 Src/stm32f4xx_hal_timebase_tim.o
                0x080064cc                HAL_InitTick
 .text.NMI_Handler
                0x08006544        0x2 Src/stm32f4xx_it.o
                0x08006544                NMI_Handler
 .text.HardFault_Handler
                0x08006546        0x2 Src/stm32f4xx_it.o
                0x08006546                HardFault_Handler
 .text.MemManage_Handler
                0x08006548        0x2 Src/stm32f4xx_it.o
                0x08006548                MemManage_Handler
 .text.BusFault_Handler
                0x0800654a        0x2 Src/stm32f4xx_it.o
                0x0800654a                BusFault_Handler
 .text.UsageFault_Handler
                0x0800654c        0x2 Src/stm32f4xx_it.o
                0x0800654c                UsageFault_Handler
 .text.DebugMon_Handler
                0x0800654e        0x2 Src/stm32f4xx_it.o
                0x0800654e                DebugMon_Handler
 .text.TIM2_IRQHandler
                0x08006550       0x10 Src/stm32f4xx_it.o
                0x08006550                TIM2_IRQHandler
 .text.SystemInit
                0x08006560       0x4c Src/system_stm32f4xx.o
                0x08006560                SystemInit
 .text.master_tim_pwm_set_duty
                0x080065ac       0x1c Src/tim_fan_pwm.o
                0x080065ac                master_tim_pwm_set_duty
 .text.task_fan_PWM
                0x080065c8       0x64 Src/tim_fan_pwm.o
                0x080065c8                task_fan_PWM
 .text.Reset_Handler
                0x0800662c       0x50 startup/startup_stm32f407xx.o
                0x0800662c                Reset_Handler
 .text.Default_Handler
                0x0800667c        0x2 startup/startup_stm32f407xx.o
                0x0800667c                RTC_Alarm_IRQHandler
                0x0800667c                HASH_RNG_IRQHandler
                0x0800667c                EXTI2_IRQHandler
                0x0800667c                TIM8_CC_IRQHandler
                0x0800667c                TIM1_CC_IRQHandler
                0x0800667c                DMA2_Stream5_IRQHandler
                0x0800667c                DMA1_Stream5_IRQHandler
                0x0800667c                PVD_IRQHandler
                0x0800667c                SDIO_IRQHandler
                0x0800667c                TAMP_STAMP_IRQHandler
                0x0800667c                CAN2_RX1_IRQHandler
                0x0800667c                EXTI3_IRQHandler
                0x0800667c                TIM8_TRG_COM_TIM14_IRQHandler
                0x0800667c                TIM1_UP_TIM10_IRQHandler
                0x0800667c                TIM8_UP_TIM13_IRQHandler
                0x0800667c                I2C3_ER_IRQHandler
                0x0800667c                EXTI0_IRQHandler
                0x0800667c                I2C2_EV_IRQHandler
                0x0800667c                DMA1_Stream2_IRQHandler
                0x0800667c                CAN1_RX0_IRQHandler
                0x0800667c                FPU_IRQHandler
                0x0800667c                OTG_HS_WKUP_IRQHandler
                0x0800667c                CAN2_SCE_IRQHandler
                0x0800667c                DMA2_Stream2_IRQHandler
                0x0800667c                SPI1_IRQHandler
                0x0800667c                TIM6_DAC_IRQHandler
                0x0800667c                TIM1_BRK_TIM9_IRQHandler
                0x0800667c                DCMI_IRQHandler
                0x0800667c                CAN2_RX0_IRQHandler
                0x0800667c                DMA2_Stream3_IRQHandler
                0x0800667c                USART6_IRQHandler
                0x0800667c                USART3_IRQHandler
                0x0800667c                CAN1_RX1_IRQHandler
                0x0800667c                UART5_IRQHandler
                0x0800667c                DMA2_Stream0_IRQHandler
                0x0800667c                TIM4_IRQHandler
                0x0800667c                I2C1_EV_IRQHandler
                0x0800667c                DMA1_Stream6_IRQHandler
                0x0800667c                DMA1_Stream1_IRQHandler
                0x0800667c                UART4_IRQHandler
                0x0800667c                TIM3_IRQHandler
                0x0800667c                RCC_IRQHandler
                0x0800667c                TIM8_BRK_TIM12_IRQHandler
                0x0800667c                Default_Handler
                0x0800667c                EXTI15_10_IRQHandler
                0x0800667c                ADC_IRQHandler
                0x0800667c                DMA1_Stream7_IRQHandler
                0x0800667c                TIM7_IRQHandler
                0x0800667c                CAN2_TX_IRQHandler
                0x0800667c                TIM5_IRQHandler
                0x0800667c                DMA2_Stream7_IRQHandler
                0x0800667c                I2C3_EV_IRQHandler
                0x0800667c                EXTI9_5_IRQHandler
                0x0800667c                RTC_WKUP_IRQHandler
                0x0800667c                ETH_WKUP_IRQHandler
                0x0800667c                SPI2_IRQHandler
                0x0800667c                OTG_HS_EP1_IN_IRQHandler
                0x0800667c                DMA1_Stream0_IRQHandler
                0x0800667c                CAN1_TX_IRQHandler
                0x0800667c                EXTI4_IRQHandler
                0x0800667c                FSMC_IRQHandler
                0x0800667c                ETH_IRQHandler
                0x0800667c                OTG_HS_EP1_OUT_IRQHandler
                0x0800667c                WWDG_IRQHandler
                0x0800667c                OTG_FS_WKUP_IRQHandler
                0x0800667c                TIM1_TRG_COM_TIM11_IRQHandler
                0x0800667c                OTG_HS_IRQHandler
                0x0800667c                EXTI1_IRQHandler
                0x0800667c                USART2_IRQHandler
                0x0800667c                I2C2_ER_IRQHandler
                0x0800667c                DMA2_Stream1_IRQHandler
                0x0800667c                CAN1_SCE_IRQHandler
                0x0800667c                FLASH_IRQHandler
                0x0800667c                DMA2_Stream4_IRQHandler
                0x0800667c                USART1_IRQHandler
                0x0800667c                OTG_FS_IRQHandler
                0x0800667c                SPI3_IRQHandler
                0x0800667c                DMA1_Stream4_IRQHandler
                0x0800667c                I2C1_ER_IRQHandler
                0x0800667c                DMA2_Stream6_IRQHandler
                0x0800667c                DMA1_Stream3_IRQHandler
 *fill*         0x0800667e        0x2 
 .text.__libc_init_array
                0x08006680       0x48 c:/ac6/systemworkbench/plugins/fr.ac6.mcu.externaltools.arm-none.win32_1.17.0.201812190825/tools/compiler/bin/../lib/gcc/arm-none-eabi/7.3.1/../../../../arm-none-eabi/lib/thumb/v7e-m/fpv4-sp/hard\libc_nano.a(lib_a-init.o)
                0x08006680                __libc_init_array
 .text.memcpy   0x080066c8       0x16 c:/ac6/systemworkbench/plugins/fr.ac6.mcu.externaltools.arm-none.win32_1.17.0.201812190825/tools/compiler/bin/../lib/gcc/arm-none-eabi/7.3.1/../../../../arm-none-eabi/lib/thumb/v7e-m/fpv4-sp/hard\libc_nano.a(lib_a-memcpy-stub.o)
                0x080066c8                memcpy
 .text.memset   0x080066de       0x10 c:/ac6/systemworkbench/plugins/fr.ac6.mcu.externaltools.arm-none.win32_1.17.0.201812190825/tools/compiler/bin/../lib/gcc/arm-none-eabi/7.3.1/../../../../arm-none-eabi/lib/thumb/v7e-m/fpv4-sp/hard\libc_nano.a(lib_a-memset.o)
                0x080066de                memset
 *(.glue_7)
 .glue_7        0x080066ee        0x0 linker stubs
 *(.glue_7t)
 .glue_7t       0x080066ee        0x0 linker stubs
 *(.eh_frame)
 *fill*         0x080066ee        0x2 
 .eh_frame      0x080066f0        0x0 c:/ac6/systemworkbench/plugins/fr.ac6.mcu.externaltools.arm-none.win32_1.17.0.201812190825/tools/compiler/bin/../lib/gcc/arm-none-eabi/7.3.1/thumb/v7e-m/fpv4-sp/hard/crtbegin.o
 *(.init)
 .init          0x080066f0        0x4 c:/ac6/systemworkbench/plugins/fr.ac6.mcu.externaltools.arm-none.win32_1.17.0.201812190825/tools/compiler/bin/../lib/gcc/arm-none-eabi/7.3.1/thumb/v7e-m/fpv4-sp/hard/crti.o
                0x080066f0                _init
 .init          0x080066f4        0x8 c:/ac6/systemworkbench/plugins/fr.ac6.mcu.externaltools.arm-none.win32_1.17.0.201812190825/tools/compiler/bin/../lib/gcc/arm-none-eabi/7.3.1/thumb/v7e-m/fpv4-sp/hard/crtn.o
 *(.fini)
 .fini          0x080066fc        0x4 c:/ac6/systemworkbench/plugins/fr.ac6.mcu.externaltools.arm-none.win32_1.17.0.201812190825/tools/compiler/bin/../lib/gcc/arm-none-eabi/7.3.1/thumb/v7e-m/fpv4-sp/hard/crti.o
                0x080066fc                _fini
 .fini          0x08006700        0x8 c:/ac6/systemworkbench/plugins/fr.ac6.mcu.externaltools.arm-none.win32_1.17.0.201812190825/tools/compiler/bin/../lib/gcc/arm-none-eabi/7.3.1/thumb/v7e-m/fpv4-sp/hard/crtn.o
                0x08006708                . = ALIGN (0x4)
                0x08006708                _etext = .

.vfp11_veneer   0x08006708        0x0
 .vfp11_veneer  0x08006708        0x0 linker stubs

.v4_bx          0x08006708        0x0
 .v4_bx         0x08006708        0x0 linker stubs

.iplt           0x08006708        0x0
 .iplt          0x08006708        0x0 c:/ac6/systemworkbench/plugins/fr.ac6.mcu.externaltools.arm-none.win32_1.17.0.201812190825/tools/compiler/bin/../lib/gcc/arm-none-eabi/7.3.1/thumb/v7e-m/fpv4-sp/hard/crtbegin.o

.rodata         0x08006708      0x110
                0x08006708                . = ALIGN (0x4)
 *(.rodata)
 .rodata        0x08006708       0x1c Src/main.o
 .rodata        0x08006724       0x18 Src/system_stm32f4xx.o
                0x08006724                AHBPrescTable
                0x08006734                APBPrescTable
 *(.rodata*)
 .rodata.str1.4
                0x0800673c        0x5 Middlewares/Third_Party/FreeRTOS/Source/tasks.o
 *fill*         0x08006741        0x3 
 .rodata.str1.4
                0x08006744       0xc5 Src/bms.o
 *fill*         0x08006809        0x3 
 .rodata.str1.4
                0x0800680c        0xc Src/main.o
                0x08006818                . = ALIGN (0x4)

.ARM.extab
 *(.ARM.extab* .gnu.linkonce.armextab.*)

.ARM            0x08006818        0x8
                0x08006818                __exidx_start = .
 *(.ARM.exidx*)
 .ARM.exidx     0x08006818        0x8 c:/ac6/systemworkbench/plugins/fr.ac6.mcu.externaltools.arm-none.win32_1.17.0.201812190825/tools/compiler/bin/../lib/gcc/arm-none-eabi/7.3.1/thumb/v7e-m/fpv4-sp/hard\libgcc.a(_udivmoddi4.o)
                0x08006820                __exidx_end = .

.rel.dyn        0x08006820        0x0
 .rel.iplt      0x08006820        0x0 c:/ac6/systemworkbench/plugins/fr.ac6.mcu.externaltools.arm-none.win32_1.17.0.201812190825/tools/compiler/bin/../lib/gcc/arm-none-eabi/7.3.1/thumb/v7e-m/fpv4-sp/hard/crtbegin.o

.preinit_array  0x08006820        0x0
                0x08006820                PROVIDE (__preinit_array_start = .)
 *(.preinit_array*)
                0x08006820                PROVIDE (__preinit_array_end = .)

.init_array     0x08006820        0x4
                0x08006820                PROVIDE (__init_array_start = .)
 *(SORT_BY_NAME(.init_array.*))
 *(.init_array*)
 .init_array    0x08006820        0x4 c:/ac6/systemworkbench/plugins/fr.ac6.mcu.externaltools.arm-none.win32_1.17.0.201812190825/tools/compiler/bin/../lib/gcc/arm-none-eabi/7.3.1/thumb/v7e-m/fpv4-sp/hard/crtbegin.o
                0x08006824                PROVIDE (__init_array_end = .)

.fini_array     0x08006824        0x4
                [!provide]                PROVIDE (__fini_array_start = .)
 *(SORT_BY_NAME(.fini_array.*))
 *(.fini_array*)
 .fini_array    0x08006824        0x4 c:/ac6/systemworkbench/plugins/fr.ac6.mcu.externaltools.arm-none.win32_1.17.0.201812190825/tools/compiler/bin/../lib/gcc/arm-none-eabi/7.3.1/thumb/v7e-m/fpv4-sp/hard/crtbegin.o
                [!provide]                PROVIDE (__fini_array_end = .)
                0x08006828                _sidata = LOADADDR (.data)

.data           0x20000000       0x10 load address 0x08006828
                0x20000000                . = ALIGN (0x4)
                0x20000000                _sdata = .
 *(.data)
 .data          0x20000000        0x8 Drivers/STM32F4xx_HAL_Driver/Src/stm32f4xx_hal.o
                0x20000000                uwTickFreq
                0x20000004                uwTickPrio
 .data          0x20000008        0x4 Middlewares/Third_Party/FreeRTOS/Source/portable/GCC/ARM_CM4F/port.o
 .data          0x2000000c        0x4 Src/system_stm32f4xx.o
                0x2000000c                SystemCoreClock
 *(.data*)
                0x20000010                . = ALIGN (0x4)
                0x20000010                _edata = .
                0x08006838                _siccmram = LOADADDR (.ccmram)

.igot.plt       0x20000010        0x0 load address 0x08006838
 .igot.plt      0x20000010        0x0 c:/ac6/systemworkbench/plugins/fr.ac6.mcu.externaltools.arm-none.win32_1.17.0.201812190825/tools/compiler/bin/../lib/gcc/arm-none-eabi/7.3.1/thumb/v7e-m/fpv4-sp/hard/crtbegin.o

.ccmram         0x10000000        0x0 load address 0x08006838
                0x10000000                . = ALIGN (0x4)
                0x10000000                _sccmram = .
 *(.ccmram)
 *(.ccmram*)
                0x10000000                . = ALIGN (0x4)
                0x10000000                _eccmram = .
                0x10000000                . = ALIGN (0x4)

.bss            0x20000010     0x4288
                0x20000010                _sbss = .
                0x20000010                __bss_start__ = _sbss
 *(.bss)
 .bss           0x20000010       0x1c c:/ac6/systemworkbench/plugins/fr.ac6.mcu.externaltools.arm-none.win32_1.17.0.201812190825/tools/compiler/bin/../lib/gcc/arm-none-eabi/7.3.1/thumb/v7e-m/fpv4-sp/hard/crtbegin.o
 .bss           0x2000002c      0x128 Middlewares/Third_Party/FreeRTOS/Source/tasks.o
                0x2000012c                pxCurrentTCB
 .bss           0x20000154        0x8 Middlewares/Third_Party/FreeRTOS/Source/portable/GCC/ARM_CM4F/port.o
 .bss           0x2000015c     0x3c18 Middlewares/Third_Party/FreeRTOS/Source/portable/MemMang/heap_4.o
 .bss           0x20003d74      0x254 Src/freertos.o
 .bss           0x20003fc8        0x4 Src/stm32f4xx_hal_msp.o
 *(.bss*)
 *(COMMON)
 COMMON         0x20003fcc        0x4 Drivers/STM32F4xx_HAL_Driver/Src/stm32f4xx_hal.o
                0x20003fcc                uwTick
 COMMON         0x20003fd0      0x114 Middlewares/Third_Party/FatFs/src/diskio.o
                0x20003fd0                periph
                0x20003ff0                bms
                0x200040d4                wdawg
 COMMON         0x200040e4      0x174 Src/main.o
                0x200040e4                defaultTaskHandle
                0x200040e8                hsd1
                0x2000416c                hadc1
                0x200041b4                hcan2
                0x200041dc                hdac
                0x200041f0                htim1
                0x20004230                hcan1
 COMMON         0x20004258       0x40 Src/stm32f4xx_hal_timebase_tim.o
                0x20004258                htim2
                0x20004298                . = ALIGN (0x4)
                0x20004298                _ebss = .
                0x20004298                __bss_end__ = _ebss

._user_heap_stack
                0x20004298      0x600
                0x20004298                . = ALIGN (0x8)
                0x20004298                PROVIDE (end = .)
                [!provide]                PROVIDE (_end = .)
                0x20004498                . = (. + _Min_Heap_Size)
 *fill*         0x20004298      0x200 
                0x20004898                . = (. + _Min_Stack_Size)
 *fill*         0x20004498      0x400 
                0x20004898                . = ALIGN (0x8)

/DISCARD/
 libc.a(*)
 libm.a(*)
 libgcc.a(*)

.ARM.attributes
                0x00000000       0x30
 *(.ARM.attributes)
 .ARM.attributes
                0x00000000       0x22 c:/ac6/systemworkbench/plugins/fr.ac6.mcu.externaltools.arm-none.win32_1.17.0.201812190825/tools/compiler/bin/../lib/gcc/arm-none-eabi/7.3.1/thumb/v7e-m/fpv4-sp/hard/crti.o
 .ARM.attributes
                0x00000022       0x34 c:/ac6/systemworkbench/plugins/fr.ac6.mcu.externaltools.arm-none.win32_1.17.0.201812190825/tools/compiler/bin/../lib/gcc/arm-none-eabi/7.3.1/thumb/v7e-m/fpv4-sp/hard/crtbegin.o
 .ARM.attributes
                0x00000056       0x39 Drivers/STM32F4xx_HAL_Driver/Src/stm32f4xx_hal.o
 .ARM.attributes
                0x0000008f       0x39 Drivers/STM32F4xx_HAL_Driver/Src/stm32f4xx_hal_adc.o
 .ARM.attributes
                0x000000c8       0x39 Drivers/STM32F4xx_HAL_Driver/Src/stm32f4xx_hal_can.o
 .ARM.attributes
                0x00000101       0x39 Drivers/STM32F4xx_HAL_Driver/Src/stm32f4xx_hal_cortex.o
 .ARM.attributes
                0x0000013a       0x39 Drivers/STM32F4xx_HAL_Driver/Src/stm32f4xx_hal_dac.o
 .ARM.attributes
                0x00000173       0x39 Drivers/STM32F4xx_HAL_Driver/Src/stm32f4xx_hal_gpio.o
 .ARM.attributes
                0x000001ac       0x39 Drivers/STM32F4xx_HAL_Driver/Src/stm32f4xx_hal_rcc.o
 .ARM.attributes
                0x000001e5       0x39 Drivers/STM32F4xx_HAL_Driver/Src/stm32f4xx_hal_tim.o
 .ARM.attributes
                0x0000021e       0x39 Drivers/STM32F4xx_HAL_Driver/Src/stm32f4xx_hal_tim_ex.o
 .ARM.attributes
                0x00000257       0x39 Middlewares/Third_Party/FatFs/src/diskio.o
 .ARM.attributes
                0x00000290       0x39 Middlewares/Third_Party/FreeRTOS/Source/CMSIS_RTOS/cmsis_os.o
 .ARM.attributes
                0x000002c9       0x39 Middlewares/Third_Party/FreeRTOS/Source/list.o
 .ARM.attributes
                0x00000302       0x39 Middlewares/Third_Party/FreeRTOS/Source/queue.o
 .ARM.attributes
                0x0000033b       0x39 Middlewares/Third_Party/FreeRTOS/Source/tasks.o
 .ARM.attributes
                0x00000374       0x39 Middlewares/Third_Party/FreeRTOS/Source/portable/GCC/ARM_CM4F/port.o
 .ARM.attributes
                0x000003ad       0x39 Middlewares/Third_Party/FreeRTOS/Source/portable/MemMang/heap_4.o
 .ARM.attributes
                0x000003e6       0x39 Src/adc_isense.o
 .ARM.attributes
                0x0000041f       0x39 Src/bms.o
 .ARM.attributes
                0x00000458       0x39 Src/bms_can.o
 .ARM.attributes
                0x00000491       0x39 Src/charging.o
 .ARM.attributes
                0x000004ca       0x39 Src/coulomb_counting.o
 .ARM.attributes
                0x00000503       0x39 Src/dcan.o
 .ARM.attributes
                0x0000053c       0x39 Src/fatfs.o
 .ARM.attributes
                0x00000575       0x39 Src/freertos.o
 .ARM.attributes
                0x000005ae       0x39 Src/main.o
 .ARM.attributes
                0x000005e7       0x39 Src/stm32f4xx_hal_msp.o
 .ARM.attributes
                0x00000620       0x39 Src/stm32f4xx_hal_timebase_tim.o
 .ARM.attributes
                0x00000659       0x39 Src/stm32f4xx_it.o
 .ARM.attributes
                0x00000692       0x39 Src/system_stm32f4xx.o
 .ARM.attributes
                0x000006cb       0x39 Src/tim_fan_pwm.o
 .ARM.attributes
                0x00000704       0x21 startup/startup_stm32f407xx.o
 .ARM.attributes
                0x00000725       0x22 c:/ac6/systemworkbench/plugins/fr.ac6.mcu.externaltools.arm-none.win32_1.17.0.201812190825/tools/compiler/bin/../lib/gcc/arm-none-eabi/7.3.1/thumb/v7e-m/fpv4-sp/hard\libgcc.a(_arm_addsubdf3.o)
 .ARM.attributes
                0x00000747       0x22 c:/ac6/systemworkbench/plugins/fr.ac6.mcu.externaltools.arm-none.win32_1.17.0.201812190825/tools/compiler/bin/../lib/gcc/arm-none-eabi/7.3.1/thumb/v7e-m/fpv4-sp/hard\libgcc.a(_arm_muldivdf3.o)
 .ARM.attributes
                0x00000769       0x22 c:/ac6/systemworkbench/plugins/fr.ac6.mcu.externaltools.arm-none.win32_1.17.0.201812190825/tools/compiler/bin/../lib/gcc/arm-none-eabi/7.3.1/thumb/v7e-m/fpv4-sp/hard\libgcc.a(_arm_fixdfsi.o)
 .ARM.attributes
                0x0000078b       0x22 c:/ac6/systemworkbench/plugins/fr.ac6.mcu.externaltools.arm-none.win32_1.17.0.201812190825/tools/compiler/bin/../lib/gcc/arm-none-eabi/7.3.1/thumb/v7e-m/fpv4-sp/hard\libgcc.a(_aeabi_uldivmod.o)
 .ARM.attributes
                0x000007ad       0x34 c:/ac6/systemworkbench/plugins/fr.ac6.mcu.externaltools.arm-none.win32_1.17.0.201812190825/tools/compiler/bin/../lib/gcc/arm-none-eabi/7.3.1/thumb/v7e-m/fpv4-sp/hard\libgcc.a(_udivmoddi4.o)
 .ARM.attributes
                0x000007e1       0x22 c:/ac6/systemworkbench/plugins/fr.ac6.mcu.externaltools.arm-none.win32_1.17.0.201812190825/tools/compiler/bin/../lib/gcc/arm-none-eabi/7.3.1/thumb/v7e-m/fpv4-sp/hard\libgcc.a(_dvmd_tls.o)
 .ARM.attributes
                0x00000803       0x34 c:/ac6/systemworkbench/plugins/fr.ac6.mcu.externaltools.arm-none.win32_1.17.0.201812190825/tools/compiler/bin/../lib/gcc/arm-none-eabi/7.3.1/../../../../arm-none-eabi/lib/thumb/v7e-m/fpv4-sp/hard\libc_nano.a(lib_a-init.o)
 .ARM.attributes
                0x00000837       0x34 c:/ac6/systemworkbench/plugins/fr.ac6.mcu.externaltools.arm-none.win32_1.17.0.201812190825/tools/compiler/bin/../lib/gcc/arm-none-eabi/7.3.1/../../../../arm-none-eabi/lib/thumb/v7e-m/fpv4-sp/hard\libc_nano.a(lib_a-memcpy-stub.o)
 .ARM.attributes
                0x0000086b       0x34 c:/ac6/systemworkbench/plugins/fr.ac6.mcu.externaltools.arm-none.win32_1.17.0.201812190825/tools/compiler/bin/../lib/gcc/arm-none-eabi/7.3.1/../../../../arm-none-eabi/lib/thumb/v7e-m/fpv4-sp/hard\libc_nano.a(lib_a-memset.o)
 .ARM.attributes
                0x0000089f       0x22 c:/ac6/systemworkbench/plugins/fr.ac6.mcu.externaltools.arm-none.win32_1.17.0.201812190825/tools/compiler/bin/../lib/gcc/arm-none-eabi/7.3.1/thumb/v7e-m/fpv4-sp/hard/crtn.o
OUTPUT(BMS_Master_Test.elf elf32-littlearm)

.debug_info     0x00000000    0x31f24
 .debug_info    0x00000000      0x9cc Drivers/STM32F4xx_HAL_Driver/Src/stm32f4xx_hal.o
 .debug_info    0x000009cc      0xdc1 Drivers/STM32F4xx_HAL_Driver/Src/stm32f4xx_hal_adc.o
 .debug_info    0x0000178d     0x10f1 Drivers/STM32F4xx_HAL_Driver/Src/stm32f4xx_hal_can.o
 .debug_info    0x0000287e      0xf3a Drivers/STM32F4xx_HAL_Driver/Src/stm32f4xx_hal_cortex.o
 .debug_info    0x000037b8      0xad5 Drivers/STM32F4xx_HAL_Driver/Src/stm32f4xx_hal_dac.o
 .debug_info    0x0000428d      0x770 Drivers/STM32F4xx_HAL_Driver/Src/stm32f4xx_hal_gpio.o
 .debug_info    0x000049fd      0xa39 Drivers/STM32F4xx_HAL_Driver/Src/stm32f4xx_hal_rcc.o
 .debug_info    0x00005436     0x3188 Drivers/STM32F4xx_HAL_Driver/Src/stm32f4xx_hal_tim.o
 .debug_info    0x000085be     0x1497 Drivers/STM32F4xx_HAL_Driver/Src/stm32f4xx_hal_tim_ex.o
 .debug_info    0x00009a55     0x21c6 Middlewares/Third_Party/FatFs/src/diskio.o
 .debug_info    0x0000bc1b     0x2757 Middlewares/Third_Party/FreeRTOS/Source/CMSIS_RTOS/cmsis_os.o
 .debug_info    0x0000e372      0xad2 Middlewares/Third_Party/FreeRTOS/Source/list.o
 .debug_info    0x0000ee44     0x27c2 Middlewares/Third_Party/FreeRTOS/Source/queue.o
 .debug_info    0x00011606     0x2e05 Middlewares/Third_Party/FreeRTOS/Source/tasks.o
 .debug_info    0x0001440b      0x56f Middlewares/Third_Party/FreeRTOS/Source/portable/GCC/ARM_CM4F/port.o
 .debug_info    0x0001497a      0xc71 Middlewares/Third_Party/FreeRTOS/Source/portable/MemMang/heap_4.o
 .debug_info    0x000155eb     0x20ec Src/adc_isense.o
 .debug_info    0x000176d7     0x2ed3 Src/bms.o
 .debug_info    0x0001a5aa     0x24b7 Src/bms_can.o
 .debug_info    0x0001ca61     0x208b Src/charging.o
 .debug_info    0x0001eaec     0x1f4f Src/coulomb_counting.o
 .debug_info    0x00020a3b     0x27bb Src/dcan.o
 .debug_info    0x000231f6     0x2232 Src/fatfs.o
 .debug_info    0x00025428     0x1fc2 Src/freertos.o
 .debug_info    0x000273ea     0x3271 Src/main.o
 .debug_info    0x0002a65b     0x29b0 Src/stm32f4xx_hal_msp.o
 .debug_info    0x0002d00b      0xbad Src/stm32f4xx_hal_timebase_tim.o
 .debug_info    0x0002dbb8     0x1ebe Src/stm32f4xx_it.o
 .debug_info    0x0002fa76      0x507 Src/system_stm32f4xx.o
 .debug_info    0x0002ff7d     0x1f85 Src/tim_fan_pwm.o
 .debug_info    0x00031f02       0x22 startup/startup_stm32f407xx.o

.debug_abbrev   0x00000000     0x5133
 .debug_abbrev  0x00000000      0x1f1 Drivers/STM32F4xx_HAL_Driver/Src/stm32f4xx_hal.o
 .debug_abbrev  0x000001f1      0x242 Drivers/STM32F4xx_HAL_Driver/Src/stm32f4xx_hal_adc.o
 .debug_abbrev  0x00000433      0x261 Drivers/STM32F4xx_HAL_Driver/Src/stm32f4xx_hal_can.o
 .debug_abbrev  0x00000694      0x328 Drivers/STM32F4xx_HAL_Driver/Src/stm32f4xx_hal_cortex.o
 .debug_abbrev  0x000009bc      0x203 Drivers/STM32F4xx_HAL_Driver/Src/stm32f4xx_hal_dac.o
 .debug_abbrev  0x00000bbf      0x1e7 Drivers/STM32F4xx_HAL_Driver/Src/stm32f4xx_hal_gpio.o
 .debug_abbrev  0x00000da6      0x273 Drivers/STM32F4xx_HAL_Driver/Src/stm32f4xx_hal_rcc.o
 .debug_abbrev  0x00001019      0x226 Drivers/STM32F4xx_HAL_Driver/Src/stm32f4xx_hal_tim.o
 .debug_abbrev  0x0000123f      0x237 Drivers/STM32F4xx_HAL_Driver/Src/stm32f4xx_hal_tim_ex.o
 .debug_abbrev  0x00001476      0x2f3 Middlewares/Third_Party/FatFs/src/diskio.o
 .debug_abbrev  0x00001769      0x3d4 Middlewares/Third_Party/FreeRTOS/Source/CMSIS_RTOS/cmsis_os.o
 .debug_abbrev  0x00001b3d      0x223 Middlewares/Third_Party/FreeRTOS/Source/list.o
 .debug_abbrev  0x00001d60      0x3ce Middlewares/Third_Party/FreeRTOS/Source/queue.o
 .debug_abbrev  0x0000212e      0x3b1 Middlewares/Third_Party/FreeRTOS/Source/tasks.o
 .debug_abbrev  0x000024df      0x23d Middlewares/Third_Party/FreeRTOS/Source/portable/GCC/ARM_CM4F/port.o
 .debug_abbrev  0x0000271c      0x318 Middlewares/Third_Party/FreeRTOS/Source/portable/MemMang/heap_4.o
 .debug_abbrev  0x00002a34      0x2e3 Src/adc_isense.o
 .debug_abbrev  0x00002d17      0x3b4 Src/bms.o
 .debug_abbrev  0x000030cb      0x353 Src/bms_can.o
 .debug_abbrev  0x0000341e      0x2f0 Src/charging.o
 .debug_abbrev  0x0000370e      0x2a0 Src/coulomb_counting.o
 .debug_abbrev  0x000039ae      0x37a Src/dcan.o
 .debug_abbrev  0x00003d28      0x286 Src/fatfs.o
 .debug_abbrev  0x00003fae      0x25c Src/freertos.o
 .debug_abbrev  0x0000420a      0x3bd Src/main.o
 .debug_abbrev  0x000045c7      0x315 Src/stm32f4xx_hal_msp.o
 .debug_abbrev  0x000048dc      0x1f0 Src/stm32f4xx_hal_timebase_tim.o
 .debug_abbrev  0x00004acc      0x272 Src/stm32f4xx_it.o
 .debug_abbrev  0x00004d3e      0x111 Src/system_stm32f4xx.o
 .debug_abbrev  0x00004e4f      0x2d2 Src/tim_fan_pwm.o
 .debug_abbrev  0x00005121       0x12 startup/startup_stm32f407xx.o

.debug_loc      0x00000000     0xc8c2
 .debug_loc     0x00000000       0xfd Drivers/STM32F4xx_HAL_Driver/Src/stm32f4xx_hal.o
 .debug_loc     0x000000fd      0x9b4 Drivers/STM32F4xx_HAL_Driver/Src/stm32f4xx_hal_adc.o
 .debug_loc     0x00000ab1      0xc47 Drivers/STM32F4xx_HAL_Driver/Src/stm32f4xx_hal_can.o
 .debug_loc     0x000016f8      0x5ce Drivers/STM32F4xx_HAL_Driver/Src/stm32f4xx_hal_cortex.o
 .debug_loc     0x00001cc6      0x756 Drivers/STM32F4xx_HAL_Driver/Src/stm32f4xx_hal_dac.o
 .debug_loc     0x0000241c      0x497 Drivers/STM32F4xx_HAL_Driver/Src/stm32f4xx_hal_gpio.o
 .debug_loc     0x000028b3      0x3f1 Drivers/STM32F4xx_HAL_Driver/Src/stm32f4xx_hal_rcc.o
 .debug_loc     0x00002ca4     0x3888 Drivers/STM32F4xx_HAL_Driver/Src/stm32f4xx_hal_tim.o
 .debug_loc     0x0000652c     0x11b6 Drivers/STM32F4xx_HAL_Driver/Src/stm32f4xx_hal_tim_ex.o
 .debug_loc     0x000076e2      0x1f1 Middlewares/Third_Party/FatFs/src/diskio.o
 .debug_loc     0x000078d3      0xfc9 Middlewares/Third_Party/FreeRTOS/Source/CMSIS_RTOS/cmsis_os.o
 .debug_loc     0x0000889c       0x70 Middlewares/Third_Party/FreeRTOS/Source/list.o
 .debug_loc     0x0000890c     0x1114 Middlewares/Third_Party/FreeRTOS/Source/queue.o
 .debug_loc     0x00009a20     0x1633 Middlewares/Third_Party/FreeRTOS/Source/tasks.o
 .debug_loc     0x0000b053       0xdc Middlewares/Third_Party/FreeRTOS/Source/portable/GCC/ARM_CM4F/port.o
 .debug_loc     0x0000b12f      0x291 Middlewares/Third_Party/FreeRTOS/Source/portable/MemMang/heap_4.o
 .debug_loc     0x0000b3c0      0x14a Src/adc_isense.o
 .debug_loc     0x0000b50a      0x519 Src/bms.o
 .debug_loc     0x0000ba23      0x162 Src/bms_can.o
 .debug_loc     0x0000bb85      0x175 Src/charging.o
 .debug_loc     0x0000bcfa      0x1db Src/coulomb_counting.o
 .debug_loc     0x0000bed5      0x502 Src/dcan.o
 .debug_loc     0x0000c3d7       0x5b Src/main.o
 .debug_loc     0x0000c432      0x247 Src/stm32f4xx_hal_msp.o
 .debug_loc     0x0000c679       0x6a Src/stm32f4xx_hal_timebase_tim.o
 .debug_loc     0x0000c6e3      0x13e Src/system_stm32f4xx.o
 .debug_loc     0x0000c821       0xa1 Src/tim_fan_pwm.o

.debug_aranges  0x00000000     0x1448
 .debug_aranges
                0x00000000       0xf0 Drivers/STM32F4xx_HAL_Driver/Src/stm32f4xx_hal.o
 .debug_aranges
                0x000000f0       0xe8 Drivers/STM32F4xx_HAL_Driver/Src/stm32f4xx_hal_adc.o
 .debug_aranges
                0x000001d8      0x138 Drivers/STM32F4xx_HAL_Driver/Src/stm32f4xx_hal_can.o
 .debug_aranges
                0x00000310       0xa8 Drivers/STM32F4xx_HAL_Driver/Src/stm32f4xx_hal_cortex.o
 .debug_aranges
                0x000003b8       0xc0 Drivers/STM32F4xx_HAL_Driver/Src/stm32f4xx_hal_dac.o
 .debug_aranges
                0x00000478       0x58 Drivers/STM32F4xx_HAL_Driver/Src/stm32f4xx_hal_gpio.o
 .debug_aranges
                0x000004d0       0x88 Drivers/STM32F4xx_HAL_Driver/Src/stm32f4xx_hal_rcc.o
 .debug_aranges
                0x00000558      0x3a8 Drivers/STM32F4xx_HAL_Driver/Src/stm32f4xx_hal_tim.o
 .debug_aranges
                0x00000900      0x150 Drivers/STM32F4xx_HAL_Driver/Src/stm32f4xx_hal_tim_ex.o
 .debug_aranges
                0x00000a50       0x48 Middlewares/Third_Party/FatFs/src/diskio.o
 .debug_aranges
                0x00000a98      0x1d8 Middlewares/Third_Party/FreeRTOS/Source/CMSIS_RTOS/cmsis_os.o
 .debug_aranges
                0x00000c70       0x40 Middlewares/Third_Party/FreeRTOS/Source/list.o
 .debug_aranges
                0x00000cb0      0x108 Middlewares/Third_Party/FreeRTOS/Source/queue.o
 .debug_aranges
                0x00000db8      0x1b0 Middlewares/Third_Party/FreeRTOS/Source/tasks.o
 .debug_aranges
                0x00000f68       0x80 Middlewares/Third_Party/FreeRTOS/Source/portable/GCC/ARM_CM4F/port.o
 .debug_aranges
                0x00000fe8       0x50 Middlewares/Third_Party/FreeRTOS/Source/portable/MemMang/heap_4.o
 .debug_aranges
                0x00001038       0x40 Src/adc_isense.o
 .debug_aranges
                0x00001078       0x78 Src/bms.o
 .debug_aranges
                0x000010f0       0x48 Src/bms_can.o
 .debug_aranges
                0x00001138       0x30 Src/charging.o
 .debug_aranges
                0x00001168       0x20 Src/coulomb_counting.o
 .debug_aranges
                0x00001188       0x80 Src/dcan.o
 .debug_aranges
                0x00001208       0x28 Src/fatfs.o
 .debug_aranges
                0x00001230       0x20 Src/freertos.o
 .debug_aranges
                0x00001250       0x78 Src/main.o
 .debug_aranges
                0x000012c8       0x78 Src/stm32f4xx_hal_msp.o
 .debug_aranges
                0x00001340       0x30 Src/stm32f4xx_hal_timebase_tim.o
 .debug_aranges
                0x00001370       0x50 Src/stm32f4xx_it.o
 .debug_aranges
                0x000013c0       0x28 Src/system_stm32f4xx.o
 .debug_aranges
                0x000013e8       0x38 Src/tim_fan_pwm.o
 .debug_aranges
                0x00001420       0x28 startup/startup_stm32f407xx.o

.debug_ranges   0x00000000     0x1440
 .debug_ranges  0x00000000       0xe0 Drivers/STM32F4xx_HAL_Driver/Src/stm32f4xx_hal.o
 .debug_ranges  0x000000e0       0xd8 Drivers/STM32F4xx_HAL_Driver/Src/stm32f4xx_hal_adc.o
 .debug_ranges  0x000001b8      0x128 Drivers/STM32F4xx_HAL_Driver/Src/stm32f4xx_hal_can.o
 .debug_ranges  0x000002e0       0xf8 Drivers/STM32F4xx_HAL_Driver/Src/stm32f4xx_hal_cortex.o
 .debug_ranges  0x000003d8       0xb0 Drivers/STM32F4xx_HAL_Driver/Src/stm32f4xx_hal_dac.o
 .debug_ranges  0x00000488       0x48 Drivers/STM32F4xx_HAL_Driver/Src/stm32f4xx_hal_gpio.o
 .debug_ranges  0x000004d0       0x90 Drivers/STM32F4xx_HAL_Driver/Src/stm32f4xx_hal_rcc.o
 .debug_ranges  0x00000560      0x398 Drivers/STM32F4xx_HAL_Driver/Src/stm32f4xx_hal_tim.o
 .debug_ranges  0x000008f8      0x140 Drivers/STM32F4xx_HAL_Driver/Src/stm32f4xx_hal_tim_ex.o
 .debug_ranges  0x00000a38       0x38 Middlewares/Third_Party/FatFs/src/diskio.o
 .debug_ranges  0x00000a70      0x1c8 Middlewares/Third_Party/FreeRTOS/Source/CMSIS_RTOS/cmsis_os.o
 .debug_ranges  0x00000c38       0x30 Middlewares/Third_Party/FreeRTOS/Source/list.o
 .debug_ranges  0x00000c68      0x1d8 Middlewares/Third_Party/FreeRTOS/Source/queue.o
 .debug_ranges  0x00000e40      0x228 Middlewares/Third_Party/FreeRTOS/Source/tasks.o
 .debug_ranges  0x00001068       0x70 Middlewares/Third_Party/FreeRTOS/Source/portable/GCC/ARM_CM4F/port.o
 .debug_ranges  0x000010d8       0x40 Middlewares/Third_Party/FreeRTOS/Source/portable/MemMang/heap_4.o
 .debug_ranges  0x00001118       0x30 Src/adc_isense.o
 .debug_ranges  0x00001148       0x68 Src/bms.o
 .debug_ranges  0x000011b0       0x38 Src/bms_can.o
 .debug_ranges  0x000011e8       0x20 Src/charging.o
 .debug_ranges  0x00001208       0x10 Src/coulomb_counting.o
 .debug_ranges  0x00001218       0x70 Src/dcan.o
 .debug_ranges  0x00001288       0x18 Src/fatfs.o
 .debug_ranges  0x000012a0       0x10 Src/freertos.o
 .debug_ranges  0x000012b0       0x68 Src/main.o
 .debug_ranges  0x00001318       0x68 Src/stm32f4xx_hal_msp.o
 .debug_ranges  0x00001380       0x20 Src/stm32f4xx_hal_timebase_tim.o
 .debug_ranges  0x000013a0       0x40 Src/stm32f4xx_it.o
 .debug_ranges  0x000013e0       0x18 Src/system_stm32f4xx.o
 .debug_ranges  0x000013f8       0x28 Src/tim_fan_pwm.o
 .debug_ranges  0x00001420       0x20 startup/startup_stm32f407xx.o

.debug_macro    0x00000000    0x2847c
 .debug_macro   0x00000000      0x279 Drivers/STM32F4xx_HAL_Driver/Src/stm32f4xx_hal.o
 .debug_macro   0x00000279      0xa60 Drivers/STM32F4xx_HAL_Driver/Src/stm32f4xx_hal.o
 .debug_macro   0x00000cd9      0x19c Drivers/STM32F4xx_HAL_Driver/Src/stm32f4xx_hal.o
 .debug_macro   0x00000e75       0x32 Drivers/STM32F4xx_HAL_Driver/Src/stm32f4xx_hal.o
 .debug_macro   0x00000ea7       0x2f Drivers/STM32F4xx_HAL_Driver/Src/stm32f4xx_hal.o
 .debug_macro   0x00000ed6       0x22 Drivers/STM32F4xx_HAL_Driver/Src/stm32f4xx_hal.o
 .debug_macro   0x00000ef8       0x8e Drivers/STM32F4xx_HAL_Driver/Src/stm32f4xx_hal.o
 .debug_macro   0x00000f86       0x51 Drivers/STM32F4xx_HAL_Driver/Src/stm32f4xx_hal.o
 .debug_macro   0x00000fd7       0xef Drivers/STM32F4xx_HAL_Driver/Src/stm32f4xx_hal.o
 .debug_macro   0x000010c6       0x6a Drivers/STM32F4xx_HAL_Driver/Src/stm32f4xx_hal.o
 .debug_macro   0x00001130      0x1df Drivers/STM32F4xx_HAL_Driver/Src/stm32f4xx_hal.o
 .debug_macro   0x0000130f       0x1c Drivers/STM32F4xx_HAL_Driver/Src/stm32f4xx_hal.o
 .debug_macro   0x0000132b       0x22 Drivers/STM32F4xx_HAL_Driver/Src/stm32f4xx_hal.o
 .debug_macro   0x0000134d       0xdf Drivers/STM32F4xx_HAL_Driver/Src/stm32f4xx_hal.o
 .debug_macro   0x0000142c     0x102d Drivers/STM32F4xx_HAL_Driver/Src/stm32f4xx_hal.o
 .debug_macro   0x00002459      0x11f Drivers/STM32F4xx_HAL_Driver/Src/stm32f4xx_hal.o
 .debug_macro   0x00002578    0x15e43 Drivers/STM32F4xx_HAL_Driver/Src/stm32f4xx_hal.o
 .debug_macro   0x000183bb       0x43 Drivers/STM32F4xx_HAL_Driver/Src/stm32f4xx_hal.o
 .debug_macro   0x000183fe     0x35d4 Drivers/STM32F4xx_HAL_Driver/Src/stm32f4xx_hal.o
 .debug_macro   0x0001b9d2      0x174 Drivers/STM32F4xx_HAL_Driver/Src/stm32f4xx_hal.o
 .debug_macro   0x0001bb46       0x4e Drivers/STM32F4xx_HAL_Driver/Src/stm32f4xx_hal.o
 .debug_macro   0x0001bb94      0x96b Drivers/STM32F4xx_HAL_Driver/Src/stm32f4xx_hal.o
 .debug_macro   0x0001c4ff      0x9fe Drivers/STM32F4xx_HAL_Driver/Src/stm32f4xx_hal.o
 .debug_macro   0x0001cefd       0xed Drivers/STM32F4xx_HAL_Driver/Src/stm32f4xx_hal.o
 .debug_macro   0x0001cfea      0x117 Drivers/STM32F4xx_HAL_Driver/Src/stm32f4xx_hal.o
 .debug_macro   0x0001d101      0x13e Drivers/STM32F4xx_HAL_Driver/Src/stm32f4xx_hal.o
 .debug_macro   0x0001d23f       0x27 Drivers/STM32F4xx_HAL_Driver/Src/stm32f4xx_hal.o
 .debug_macro   0x0001d266      0x287 Drivers/STM32F4xx_HAL_Driver/Src/stm32f4xx_hal.o
 .debug_macro   0x0001d4ed       0x5f Drivers/STM32F4xx_HAL_Driver/Src/stm32f4xx_hal.o
 .debug_macro   0x0001d54c      0x236 Drivers/STM32F4xx_HAL_Driver/Src/stm32f4xx_hal.o
 .debug_macro   0x0001d782      0x391 Drivers/STM32F4xx_HAL_Driver/Src/stm32f4xx_hal.o
 .debug_macro   0x0001db13      0x176 Drivers/STM32F4xx_HAL_Driver/Src/stm32f4xx_hal.o
 .debug_macro   0x0001dc89       0xf9 Drivers/STM32F4xx_HAL_Driver/Src/stm32f4xx_hal.o
 .debug_macro   0x0001dd82      0x40f Drivers/STM32F4xx_HAL_Driver/Src/stm32f4xx_hal.o
 .debug_macro   0x0001e191       0xea Drivers/STM32F4xx_HAL_Driver/Src/stm32f4xx_hal.o
 .debug_macro   0x0001e27b       0xa0 Drivers/STM32F4xx_HAL_Driver/Src/stm32f4xx_hal.o
 .debug_macro   0x0001e31b       0x3c Drivers/STM32F4xx_HAL_Driver/Src/stm32f4xx_hal.o
 .debug_macro   0x0001e357      0x12c Drivers/STM32F4xx_HAL_Driver/Src/stm32f4xx_hal.o
 .debug_macro   0x0001e483      0x21e Drivers/STM32F4xx_HAL_Driver/Src/stm32f4xx_hal.o
 .debug_macro   0x0001e6a1       0x2e Drivers/STM32F4xx_HAL_Driver/Src/stm32f4xx_hal.o
 .debug_macro   0x0001e6cf      0x11a Drivers/STM32F4xx_HAL_Driver/Src/stm32f4xx_hal.o
 .debug_macro   0x0001e7e9       0x7e Drivers/STM32F4xx_HAL_Driver/Src/stm32f4xx_hal.o
 .debug_macro   0x0001e867       0x89 Drivers/STM32F4xx_HAL_Driver/Src/stm32f4xx_hal.o
 .debug_macro   0x0001e8f0      0x845 Drivers/STM32F4xx_HAL_Driver/Src/stm32f4xx_hal.o
 .debug_macro   0x0001f135      0x19f Drivers/STM32F4xx_HAL_Driver/Src/stm32f4xx_hal.o
 .debug_macro   0x0001f2d4      0x87d Drivers/STM32F4xx_HAL_Driver/Src/stm32f4xx_hal.o
 .debug_macro   0x0001fb51       0x47 Drivers/STM32F4xx_HAL_Driver/Src/stm32f4xx_hal.o
 .debug_macro   0x0001fb98      0x12d Drivers/STM32F4xx_HAL_Driver/Src/stm32f4xx_hal.o
 .debug_macro   0x0001fcc5      0x21a Drivers/STM32F4xx_HAL_Driver/Src/stm32f4xx_hal_adc.o
 .debug_macro   0x0001fedf      0x221 Drivers/STM32F4xx_HAL_Driver/Src/stm32f4xx_hal_can.o
 .debug_macro   0x00020100      0x219 Drivers/STM32F4xx_HAL_Driver/Src/stm32f4xx_hal_cortex.o
 .debug_macro   0x00020319      0x21a Drivers/STM32F4xx_HAL_Driver/Src/stm32f4xx_hal_dac.o
 .debug_macro   0x00020533      0x24f Drivers/STM32F4xx_HAL_Driver/Src/stm32f4xx_hal_gpio.o
 .debug_macro   0x00020782      0x23d Drivers/STM32F4xx_HAL_Driver/Src/stm32f4xx_hal_rcc.o
 .debug_macro   0x000209bf      0x21a Drivers/STM32F4xx_HAL_Driver/Src/stm32f4xx_hal_tim.o
 .debug_macro   0x00020bd9      0x219 Drivers/STM32F4xx_HAL_Driver/Src/stm32f4xx_hal_tim_ex.o
 .debug_macro   0x00020df2      0x549 Middlewares/Third_Party/FatFs/src/diskio.o
 .debug_macro   0x0002133b       0x16 Middlewares/Third_Party/FatFs/src/diskio.o
 .debug_macro   0x00021351       0x7c Middlewares/Third_Party/FatFs/src/diskio.o
 .debug_macro   0x000213cd       0xd6 Middlewares/Third_Party/FatFs/src/diskio.o
 .debug_macro   0x000214a3      0x15a Middlewares/Third_Party/FatFs/src/diskio.o
 .debug_macro   0x000215fd       0xd7 Middlewares/Third_Party/FatFs/src/diskio.o
 .debug_macro   0x000216d4       0x10 Middlewares/Third_Party/FatFs/src/diskio.o
 .debug_macro   0x000216e4       0x1f Middlewares/Third_Party/FatFs/src/diskio.o
 .debug_macro   0x00021703      0x4b7 Middlewares/Third_Party/FatFs/src/diskio.o
 .debug_macro   0x00021bba       0xb5 Middlewares/Third_Party/FatFs/src/diskio.o
 .debug_macro   0x00021c6f       0x8c Middlewares/Third_Party/FatFs/src/diskio.o
 .debug_macro   0x00021cfb       0x91 Middlewares/Third_Party/FatFs/src/diskio.o
 .debug_macro   0x00021d8c       0x8d Middlewares/Third_Party/FatFs/src/diskio.o
 .debug_macro   0x00021e19       0x7e Middlewares/Third_Party/FatFs/src/diskio.o
 .debug_macro   0x00021e97       0x19 Middlewares/Third_Party/FatFs/src/diskio.o
 .debug_macro   0x00021eb0       0xf2 Middlewares/Third_Party/FatFs/src/diskio.o
 .debug_macro   0x00021fa2       0x5e Middlewares/Third_Party/FatFs/src/diskio.o
 .debug_macro   0x00022000       0x18 Middlewares/Third_Party/FatFs/src/diskio.o
 .debug_macro   0x00022018       0x35 Middlewares/Third_Party/FatFs/src/diskio.o
 .debug_macro   0x0002204d       0x34 Middlewares/Third_Party/FatFs/src/diskio.o
 .debug_macro   0x00022081       0x58 Middlewares/Third_Party/FatFs/src/diskio.o
 .debug_macro   0x000220d9       0x1f Middlewares/Third_Party/FatFs/src/diskio.o
 .debug_macro   0x000220f8       0x43 Middlewares/Third_Party/FatFs/src/diskio.o
 .debug_macro   0x0002213b       0x20 Middlewares/Third_Party/FatFs/src/diskio.o
 .debug_macro   0x0002215b      0x18e Middlewares/Third_Party/FatFs/src/diskio.o
 .debug_macro   0x000222e9      0x32a Middlewares/Third_Party/FatFs/src/diskio.o
 .debug_macro   0x00022613       0x10 Middlewares/Third_Party/FatFs/src/diskio.o
 .debug_macro   0x00022623       0x35 Middlewares/Third_Party/FatFs/src/diskio.o
 .debug_macro   0x00022658       0x16 Middlewares/Third_Party/FatFs/src/diskio.o
 .debug_macro   0x0002266e       0x16 Middlewares/Third_Party/FatFs/src/diskio.o
 .debug_macro   0x00022684       0x29 Middlewares/Third_Party/FatFs/src/diskio.o
 .debug_macro   0x000226ad       0x1c Middlewares/Third_Party/FatFs/src/diskio.o
 .debug_macro   0x000226c9       0x10 Middlewares/Third_Party/FatFs/src/diskio.o
 .debug_macro   0x000226d9       0x10 Middlewares/Third_Party/FatFs/src/diskio.o
 .debug_macro   0x000226e9       0x1c Middlewares/Third_Party/FatFs/src/diskio.o
 .debug_macro   0x00022705       0x52 Middlewares/Third_Party/FatFs/src/diskio.o
 .debug_macro   0x00022757       0x40 Middlewares/Third_Party/FatFs/src/diskio.o
 .debug_macro   0x00022797       0x10 Middlewares/Third_Party/FatFs/src/diskio.o
 .debug_macro   0x000227a7       0x40 Middlewares/Third_Party/FatFs/src/diskio.o
 .debug_macro   0x000227e7       0xd7 Middlewares/Third_Party/FatFs/src/diskio.o
 .debug_macro   0x000228be       0x1c Middlewares/Third_Party/FatFs/src/diskio.o
 .debug_macro   0x000228da       0x3d Middlewares/Third_Party/FatFs/src/diskio.o
 .debug_macro   0x00022917       0x16 Middlewares/Third_Party/FatFs/src/diskio.o
 .debug_macro   0x0002292d      0x16f Middlewares/Third_Party/FatFs/src/diskio.o
 .debug_macro   0x00022a9c      0x100 Middlewares/Third_Party/FatFs/src/diskio.o
 .debug_macro   0x00022b9c       0x34 Middlewares/Third_Party/FatFs/src/diskio.o
 .debug_macro   0x00022bd0       0x10 Middlewares/Third_Party/FatFs/src/diskio.o
 .debug_macro   0x00022be0       0x22 Middlewares/Third_Party/FatFs/src/diskio.o
 .debug_macro   0x00022c02       0x34 Middlewares/Third_Party/FatFs/src/diskio.o
 .debug_macro   0x00022c36      0x19c Middlewares/Third_Party/FatFs/src/diskio.o
 .debug_macro   0x00022dd2       0x8e Middlewares/Third_Party/FatFs/src/diskio.o
 .debug_macro   0x00022e60      0x124 Middlewares/Third_Party/FatFs/src/diskio.o
 .debug_macro   0x00022f84       0x1c Middlewares/Third_Party/FatFs/src/diskio.o
 .debug_macro   0x00022fa0       0x34 Middlewares/Third_Party/FatFs/src/diskio.o
 .debug_macro   0x00022fd4       0xf3 Middlewares/Third_Party/FatFs/src/diskio.o
 .debug_macro   0x000230c7       0xdb Middlewares/Third_Party/FatFs/src/diskio.o
 .debug_macro   0x000231a2      0x1ec Middlewares/Third_Party/FreeRTOS/Source/CMSIS_RTOS/cmsis_os.o
 .debug_macro   0x0002338e       0x58 Middlewares/Third_Party/FreeRTOS/Source/CMSIS_RTOS/cmsis_os.o
 .debug_macro   0x000233e6       0x94 Middlewares/Third_Party/FreeRTOS/Source/CMSIS_RTOS/cmsis_os.o
 .debug_macro   0x0002347a       0x57 Middlewares/Third_Party/FreeRTOS/Source/CMSIS_RTOS/cmsis_os.o
 .debug_macro   0x000234d1      0x330 Middlewares/Third_Party/FreeRTOS/Source/CMSIS_RTOS/cmsis_os.o
 .debug_macro   0x00023801       0xd6 Middlewares/Third_Party/FreeRTOS/Source/CMSIS_RTOS/cmsis_os.o
 .debug_macro   0x000238d7       0xc7 Middlewares/Third_Party/FreeRTOS/Source/CMSIS_RTOS/cmsis_os.o
 .debug_macro   0x0002399e      0x17a Middlewares/Third_Party/FreeRTOS/Source/list.o
 .debug_macro   0x00023b18      0x200 Middlewares/Third_Party/FreeRTOS/Source/queue.o
 .debug_macro   0x00023d18       0x16 Middlewares/Third_Party/FreeRTOS/Source/queue.o
 .debug_macro   0x00023d2e      0x26e Middlewares/Third_Party/FreeRTOS/Source/tasks.o
 .debug_macro   0x00023f9c       0x10 Middlewares/Third_Party/FreeRTOS/Source/tasks.o
 .debug_macro   0x00023fac      0x196 Middlewares/Third_Party/FreeRTOS/Source/portable/GCC/ARM_CM4F/port.o
 .debug_macro   0x00024142      0x1a1 Middlewares/Third_Party/FreeRTOS/Source/portable/MemMang/heap_4.o
 .debug_macro   0x000242e3      0x4e9 Src/adc_isense.o
 .debug_macro   0x000247cc      0x106 Src/adc_isense.o
 .debug_macro   0x000248d2       0x2e Src/adc_isense.o
 .debug_macro   0x00024900      0x4df Src/bms.o
 .debug_macro   0x00024ddf      0x4e9 Src/bms_can.o
 .debug_macro   0x000252c8      0x4e9 Src/charging.o
 .debug_macro   0x000257b1       0x1c Src/charging.o
 .debug_macro   0x000257cd      0x4e9 Src/coulomb_counting.o
 .debug_macro   0x00025cb6       0x2e Src/coulomb_counting.o
 .debug_macro   0x00025ce4      0x4e9 Src/dcan.o
 .debug_macro   0x000261cd      0x55c Src/fatfs.o
 .debug_macro   0x00026729      0x4ed Src/freertos.o
 .debug_macro   0x00026c16      0x560 Src/main.o
 .debug_macro   0x00027176      0x4ed Src/stm32f4xx_hal_msp.o
 .debug_macro   0x00027663      0x219 Src/stm32f4xx_hal_timebase_tim.o
 .debug_macro   0x0002787c      0x4f7 Src/stm32f4xx_it.o
 .debug_macro   0x00027d73      0x21f Src/system_stm32f4xx.o
 .debug_macro   0x00027f92      0x4ea Src/tim_fan_pwm.o

.debug_line     0x00000000    0x14e60
 .debug_line    0x00000000      0x924 Drivers/STM32F4xx_HAL_Driver/Src/stm32f4xx_hal.o
 .debug_line    0x00000924      0xc03 Drivers/STM32F4xx_HAL_Driver/Src/stm32f4xx_hal_adc.o
 .debug_line    0x00001527      0xc12 Drivers/STM32F4xx_HAL_Driver/Src/stm32f4xx_hal_can.o
 .debug_line    0x00002139      0x97a Drivers/STM32F4xx_HAL_Driver/Src/stm32f4xx_hal_cortex.o
 .debug_line    0x00002ab3      0x9b7 Drivers/STM32F4xx_HAL_Driver/Src/stm32f4xx_hal_dac.o
 .debug_line    0x0000346a      0x8b0 Drivers/STM32F4xx_HAL_Driver/Src/stm32f4xx_hal_gpio.o
 .debug_line    0x00003d1a      0x99c Drivers/STM32F4xx_HAL_Driver/Src/stm32f4xx_hal_rcc.o
 .debug_line    0x000046b6     0x190d Drivers/STM32F4xx_HAL_Driver/Src/stm32f4xx_hal_tim.o
 .debug_line    0x00005fc3      0xd55 Drivers/STM32F4xx_HAL_Driver/Src/stm32f4xx_hal_tim_ex.o
 .debug_line    0x00006d18      0xba7 Middlewares/Third_Party/FatFs/src/diskio.o
 .debug_line    0x000078bf      0xbdc Middlewares/Third_Party/FreeRTOS/Source/CMSIS_RTOS/cmsis_os.o
 .debug_line    0x0000849b      0x551 Middlewares/Third_Party/FreeRTOS/Source/list.o
 .debug_line    0x000089ec      0xc0e Middlewares/Third_Party/FreeRTOS/Source/queue.o
 .debug_line    0x000095fa      0xef2 Middlewares/Third_Party/FreeRTOS/Source/tasks.o
 .debug_line    0x0000a4ec      0x608 Middlewares/Third_Party/FreeRTOS/Source/portable/GCC/ARM_CM4F/port.o
 .debug_line    0x0000aaf4      0x605 Middlewares/Third_Party/FreeRTOS/Source/portable/MemMang/heap_4.o
 .debug_line    0x0000b0f9      0xb47 Src/adc_isense.o
 .debug_line    0x0000bc40      0xdf7 Src/bms.o
 .debug_line    0x0000ca37      0xb80 Src/bms_can.o
 .debug_line    0x0000d5b7      0xb49 Src/charging.o
 .debug_line    0x0000e100      0xb11 Src/coulomb_counting.o
 .debug_line    0x0000ec11      0xd58 Src/dcan.o
 .debug_line    0x0000f969      0xb96 Src/fatfs.o
 .debug_line    0x000104ff      0xaca Src/freertos.o
 .debug_line    0x00010fc9      0xcff Src/main.o
 .debug_line    0x00011cc8      0xc26 Src/stm32f4xx_hal_msp.o
 .debug_line    0x000128ee      0x753 Src/stm32f4xx_hal_timebase_tim.o
 .debug_line    0x00013041      0xb41 Src/stm32f4xx_it.o
 .debug_line    0x00013b82      0x74c Src/system_stm32f4xx.o
 .debug_line    0x000142ce      0xb13 Src/tim_fan_pwm.o
 .debug_line    0x00014de1       0x7f startup/startup_stm32f407xx.o

.debug_str      0x00000000    0xdead0
 .debug_str     0x00000000    0xcc4bf Drivers/STM32F4xx_HAL_Driver/Src/stm32f4xx_hal.o
                              0xcc851 (size before relaxing)
 .debug_str     0x000cc4bf      0x6b1 Drivers/STM32F4xx_HAL_Driver/Src/stm32f4xx_hal_adc.o
                              0xcc2b0 (size before relaxing)
 .debug_str     0x000ccb70      0x790 Drivers/STM32F4xx_HAL_Driver/Src/stm32f4xx_hal_can.o
                              0xcc3ce (size before relaxing)
 .debug_str     0x000cd300      0x398 Drivers/STM32F4xx_HAL_Driver/Src/stm32f4xx_hal_cortex.o
                              0xcc587 (size before relaxing)
 .debug_str     0x000cd698      0x347 Drivers/STM32F4xx_HAL_Driver/Src/stm32f4xx_hal_dac.o
                              0xcc12f (size before relaxing)
 .debug_str     0x000cd9df      0x27b Drivers/STM32F4xx_HAL_Driver/Src/stm32f4xx_hal_gpio.o
                              0xcbf0a (size before relaxing)
 .debug_str     0x000cdc5a      0x384 Drivers/STM32F4xx_HAL_Driver/Src/stm32f4xx_hal_rcc.o
                              0xcc0d4 (size before relaxing)
 .debug_str     0x000cdfde      0xf29 Drivers/STM32F4xx_HAL_Driver/Src/stm32f4xx_hal_tim.o
                              0xcce2a (size before relaxing)
 .debug_str     0x000cef07      0x4d4 Drivers/STM32F4xx_HAL_Driver/Src/stm32f4xx_hal_tim_ex.o
                              0xcc642 (size before relaxing)
 .debug_str     0x000cf3db     0xbc7b Middlewares/Third_Party/FatFs/src/diskio.o
                              0xd80f0 (size before relaxing)
 .debug_str     0x000db056      0xd09 Middlewares/Third_Party/FreeRTOS/Source/CMSIS_RTOS/cmsis_os.o
                               0xdc71 (size before relaxing)
 .debug_str     0x000dbd5f      0x139 Middlewares/Third_Party/FreeRTOS/Source/list.o
                               0xa114 (size before relaxing)
 .debug_str     0x000dbe98      0x7b4 Middlewares/Third_Party/FreeRTOS/Source/queue.o
                               0xb912 (size before relaxing)
 .debug_str     0x000dc64c     0x1015 Middlewares/Third_Party/FreeRTOS/Source/tasks.o
                               0xc3f1 (size before relaxing)
 .debug_str     0x000dd661      0x783 Middlewares/Third_Party/FreeRTOS/Source/portable/GCC/ARM_CM4F/port.o
                               0x8229 (size before relaxing)
 .debug_str     0x000ddde4      0x243 Middlewares/Third_Party/FreeRTOS/Source/portable/MemMang/heap_4.o
                               0xa856 (size before relaxing)
 .debug_str     0x000de027       0x8a Src/adc_isense.o
                              0xd7a16 (size before relaxing)
 .debug_str     0x000de0b1      0x154 Src/bms.o
                              0xd7b10 (size before relaxing)
 .debug_str     0x000de205       0xc7 Src/bms_can.o
                              0xd7b3e (size before relaxing)
 .debug_str     0x000de2cc       0x93 Src/charging.o
                              0xd798c (size before relaxing)
 .debug_str     0x000de35f       0x68 Src/coulomb_counting.o
                              0xd7936 (size before relaxing)
 .debug_str     0x000de3c7      0x23f Src/dcan.o
                              0xd7d04 (size before relaxing)
 .debug_str     0x000de606      0x121 Src/fatfs.o
                              0xd81d1 (size before relaxing)
 .debug_str     0x000de727       0x5e Src/freertos.o
                              0xd79d7 (size before relaxing)
 .debug_str     0x000de785       0xf8 Src/main.o
                              0xd8b96 (size before relaxing)
 .debug_str     0x000de87d       0x5d Src/stm32f4xx_hal_msp.o
                              0xd8116 (size before relaxing)
 .debug_str     0x000de8da       0x50 Src/stm32f4xx_hal_timebase_tim.o
                              0xcc6b8 (size before relaxing)
 .debug_str     0x000de92a       0x9d Src/stm32f4xx_it.o
                              0xd7954 (size before relaxing)
 .debug_str     0x000de9c7       0x5a Src/system_stm32f4xx.o
                              0xcbcc6 (size before relaxing)
 .debug_str     0x000dea21       0x80 Src/tim_fan_pwm.o
                              0xd7965 (size before relaxing)
 .debug_str     0x000deaa1       0x2f startup/startup_stm32f407xx.o
                                 0x57 (size before relaxing)

.comment        0x00000000       0x7f
 .comment       0x00000000       0x7f Drivers/STM32F4xx_HAL_Driver/Src/stm32f4xx_hal.o
                                 0x80 (size before relaxing)
 .comment       0x0000007f       0x80 Drivers/STM32F4xx_HAL_Driver/Src/stm32f4xx_hal_adc.o
 .comment       0x0000007f       0x80 Drivers/STM32F4xx_HAL_Driver/Src/stm32f4xx_hal_can.o
 .comment       0x0000007f       0x80 Drivers/STM32F4xx_HAL_Driver/Src/stm32f4xx_hal_cortex.o
 .comment       0x0000007f       0x80 Drivers/STM32F4xx_HAL_Driver/Src/stm32f4xx_hal_dac.o
 .comment       0x0000007f       0x80 Drivers/STM32F4xx_HAL_Driver/Src/stm32f4xx_hal_gpio.o
 .comment       0x0000007f       0x80 Drivers/STM32F4xx_HAL_Driver/Src/stm32f4xx_hal_rcc.o
 .comment       0x0000007f       0x80 Drivers/STM32F4xx_HAL_Driver/Src/stm32f4xx_hal_tim.o
 .comment       0x0000007f       0x80 Drivers/STM32F4xx_HAL_Driver/Src/stm32f4xx_hal_tim_ex.o
 .comment       0x0000007f       0x80 Middlewares/Third_Party/FatFs/src/diskio.o
 .comment       0x0000007f       0x80 Middlewares/Third_Party/FreeRTOS/Source/CMSIS_RTOS/cmsis_os.o
 .comment       0x0000007f       0x80 Middlewares/Third_Party/FreeRTOS/Source/list.o
 .comment       0x0000007f       0x80 Middlewares/Third_Party/FreeRTOS/Source/queue.o
 .comment       0x0000007f       0x80 Middlewares/Third_Party/FreeRTOS/Source/tasks.o
 .comment       0x0000007f       0x80 Middlewares/Third_Party/FreeRTOS/Source/portable/GCC/ARM_CM4F/port.o
 .comment       0x0000007f       0x80 Middlewares/Third_Party/FreeRTOS/Source/portable/MemMang/heap_4.o
 .comment       0x0000007f       0x80 Src/adc_isense.o
 .comment       0x0000007f       0x80 Src/bms.o
 .comment       0x0000007f       0x80 Src/bms_can.o
 .comment       0x0000007f       0x80 Src/charging.o
 .comment       0x0000007f       0x80 Src/coulomb_counting.o
 .comment       0x0000007f       0x80 Src/dcan.o
 .comment       0x0000007f       0x80 Src/fatfs.o
 .comment       0x0000007f       0x80 Src/freertos.o
 .comment       0x0000007f       0x80 Src/main.o
 .comment       0x0000007f       0x80 Src/stm32f4xx_hal_msp.o
 .comment       0x0000007f       0x80 Src/stm32f4xx_hal_timebase_tim.o
 .comment       0x0000007f       0x80 Src/stm32f4xx_it.o
 .comment       0x0000007f       0x80 Src/system_stm32f4xx.o
 .comment       0x0000007f       0x80 Src/tim_fan_pwm.o

.debug_frame    0x00000000     0x376c
 .debug_frame   0x00000000      0x1ec Drivers/STM32F4xx_HAL_Driver/Src/stm32f4xx_hal.o
 .debug_frame   0x000001ec      0x27c Drivers/STM32F4xx_HAL_Driver/Src/stm32f4xx_hal_adc.o
 .debug_frame   0x00000468      0x2e4 Drivers/STM32F4xx_HAL_Driver/Src/stm32f4xx_hal_can.o
 .debug_frame   0x0000074c      0x15c Drivers/STM32F4xx_HAL_Driver/Src/stm32f4xx_hal_cortex.o
 .debug_frame   0x000008a8      0x1f0 Drivers/STM32F4xx_HAL_Driver/Src/stm32f4xx_hal_dac.o
 .debug_frame   0x00000a98       0xd8 Drivers/STM32F4xx_HAL_Driver/Src/stm32f4xx_hal_gpio.o
 .debug_frame   0x00000b70      0x184 Drivers/STM32F4xx_HAL_Driver/Src/stm32f4xx_hal_rcc.o
 .debug_frame   0x00000cf4      0xa7c Drivers/STM32F4xx_HAL_Driver/Src/stm32f4xx_hal_tim.o
 .debug_frame   0x00001770      0x3b8 Drivers/STM32F4xx_HAL_Driver/Src/stm32f4xx_hal_tim_ex.o
 .debug_frame   0x00001b28       0xa0 Middlewares/Third_Party/FatFs/src/diskio.o
 .debug_frame   0x00001bc8      0x5a0 Middlewares/Third_Party/FreeRTOS/Source/CMSIS_RTOS/cmsis_os.o
 .debug_frame   0x00002168       0x6c Middlewares/Third_Party/FreeRTOS/Source/list.o
 .debug_frame   0x000021d4      0x34c Middlewares/Third_Party/FreeRTOS/Source/queue.o
 .debug_frame   0x00002520      0x568 Middlewares/Third_Party/FreeRTOS/Source/tasks.o
 .debug_frame   0x00002a88      0x100 Middlewares/Third_Party/FreeRTOS/Source/portable/GCC/ARM_CM4F/port.o
 .debug_frame   0x00002b88       0xac Middlewares/Third_Party/FreeRTOS/Source/portable/MemMang/heap_4.o
 .debug_frame   0x00002c34       0x88 Src/adc_isense.o
 .debug_frame   0x00002cbc      0x178 Src/bms.o
 .debug_frame   0x00002e34       0xc0 Src/bms_can.o
 .debug_frame   0x00002ef4       0x6c Src/charging.o
 .debug_frame   0x00002f60       0x38 Src/coulomb_counting.o
 .debug_frame   0x00002f98      0x170 Src/dcan.o
 .debug_frame   0x00003108       0x30 Src/fatfs.o
 .debug_frame   0x00003138       0x20 Src/freertos.o
 .debug_frame   0x00003158      0x150 Src/main.o
 .debug_frame   0x000032a8      0x15c Src/stm32f4xx_hal_msp.o
 .debug_frame   0x00003404       0x50 Src/stm32f4xx_hal_timebase_tim.o
 .debug_frame   0x00003454       0x88 Src/stm32f4xx_it.o
 .debug_frame   0x000034dc       0x30 Src/system_stm32f4xx.o
 .debug_frame   0x0000350c       0x6c Src/tim_fan_pwm.o
 .debug_frame   0x00003578       0xac c:/ac6/systemworkbench/plugins/fr.ac6.mcu.externaltools.arm-none.win32_1.17.0.201812190825/tools/compiler/bin/../lib/gcc/arm-none-eabi/7.3.1/thumb/v7e-m/fpv4-sp/hard\libgcc.a(_arm_addsubdf3.o)
 .debug_frame   0x00003624       0x50 c:/ac6/systemworkbench/plugins/fr.ac6.mcu.externaltools.arm-none.win32_1.17.0.201812190825/tools/compiler/bin/../lib/gcc/arm-none-eabi/7.3.1/thumb/v7e-m/fpv4-sp/hard\libgcc.a(_arm_muldivdf3.o)
 .debug_frame   0x00003674       0x24 c:/ac6/systemworkbench/plugins/fr.ac6.mcu.externaltools.arm-none.win32_1.17.0.201812190825/tools/compiler/bin/../lib/gcc/arm-none-eabi/7.3.1/thumb/v7e-m/fpv4-sp/hard\libgcc.a(_arm_fixdfsi.o)
 .debug_frame   0x00003698       0x2c c:/ac6/systemworkbench/plugins/fr.ac6.mcu.externaltools.arm-none.win32_1.17.0.201812190825/tools/compiler/bin/../lib/gcc/arm-none-eabi/7.3.1/thumb/v7e-m/fpv4-sp/hard\libgcc.a(_aeabi_uldivmod.o)
 .debug_frame   0x000036c4       0x34 c:/ac6/systemworkbench/plugins/fr.ac6.mcu.externaltools.arm-none.win32_1.17.0.201812190825/tools/compiler/bin/../lib/gcc/arm-none-eabi/7.3.1/thumb/v7e-m/fpv4-sp/hard\libgcc.a(_udivmoddi4.o)
 .debug_frame   0x000036f8       0x2c c:/ac6/systemworkbench/plugins/fr.ac6.mcu.externaltools.arm-none.win32_1.17.0.201812190825/tools/compiler/bin/../lib/gcc/arm-none-eabi/7.3.1/../../../../arm-none-eabi/lib/thumb/v7e-m/fpv4-sp/hard\libc_nano.a(lib_a-init.o)
 .debug_frame   0x00003724       0x28 c:/ac6/systemworkbench/plugins/fr.ac6.mcu.externaltools.arm-none.win32_1.17.0.201812190825/tools/compiler/bin/../lib/gcc/arm-none-eabi/7.3.1/../../../../arm-none-eabi/lib/thumb/v7e-m/fpv4-sp/hard\libc_nano.a(lib_a-memcpy-stub.o)